  Determining projects to restore...
/Users/muhammetkocaman/MuhasebeStokWebApp/MuhasebeStokWebApp.csproj : warning NU1903: Package 'MimeKit' 4.6.0 has a known high severity vulnerability, https://github.com/advisories/GHSA-gmc6-fwg3-75m5 [/Users/muhammetkocaman/MuhasebeStokWebApp/MuhasebeStokWebApp.sln]
/Users/muhammetkocaman/MuhasebeStokWebApp/MuhasebeStokWebApp.csproj : warning NU1903: Package 'SixLabors.ImageSharp' 3.1.4 has a known high severity vulnerability, https://github.com/advisories/GHSA-2cmq-823j-5qj8 [/Users/muhammetkocaman/MuhasebeStokWebApp/MuhasebeStokWebApp.sln]
/Users/muhammetkocaman/MuhasebeStokWebApp/MuhasebeStokWebApp.csproj : warning NU1903: Package 'SixLabors.ImageSharp' 3.1.4 has a known high severity vulnerability, https://github.com/advisories/GHSA-63p8-c4ww-9cg7 [/Users/muhammetkocaman/MuhasebeStokWebApp/MuhasebeStokWebApp.sln]
/Users/muhammetkocaman/MuhasebeStokWebApp/MuhasebeStokWebApp.csproj : warning NU1902: Package 'SixLabors.ImageSharp' 3.1.4 has a known moderate severity vulnerability, https://github.com/advisories/GHSA-qxrv-gp6x-rc23 [/Users/muhammetkocaman/MuhasebeStokWebApp/MuhasebeStokWebApp.sln]
  All projects are up-to-date for restore.
/Users/muhammetkocaman/MuhasebeStokWebApp/MuhasebeStokWebApp.csproj : warning NU1903: Package 'MimeKit' 4.6.0 has a known high severity vulnerability, https://github.com/advisories/GHSA-gmc6-fwg3-75m5
/Users/muhammetkocaman/MuhasebeStokWebApp/MuhasebeStokWebApp.csproj : warning NU1903: Package 'SixLabors.ImageSharp' 3.1.4 has a known high severity vulnerability, https://github.com/advisories/GHSA-2cmq-823j-5qj8
/Users/muhammetkocaman/MuhasebeStokWebApp/MuhasebeStokWebApp.csproj : warning NU1903: Package 'SixLabors.ImageSharp' 3.1.4 has a known high severity vulnerability, https://github.com/advisories/GHSA-63p8-c4ww-9cg7
/Users/muhammetkocaman/MuhasebeStokWebApp/MuhasebeStokWebApp.csproj : warning NU1902: Package 'SixLabors.ImageSharp' 3.1.4 has a known moderate severity vulnerability, https://github.com/advisories/GHSA-qxrv-gp6x-rc23
/Users/muhammetkocaman/MuhasebeStokWebApp/Hubs/NotificationHub.cs(20,36): warning CS8765: Nullability of type of parameter 'exception' doesn't match overridden member (possibly because of nullability attributes). [/Users/muhammetkocaman/MuhasebeStokWebApp/MuhasebeStokWebApp.csproj]
/Users/muhammetkocaman/MuhasebeStokWebApp/Services/LogEkleExtensions.cs(39,31): warning CS8625: Cannot convert null literal to non-nullable reference type. [/Users/muhammetkocaman/MuhasebeStokWebApp/MuhasebeStokWebApp.csproj]
/Users/muhammetkocaman/MuhasebeStokWebApp/Services/LogEkleExtensions.cs(40,31): warning CS8625: Cannot convert null literal to non-nullable reference type. [/Users/muhammetkocaman/MuhasebeStokWebApp/MuhasebeStokWebApp.csproj]
/Users/muhammetkocaman/MuhasebeStokWebApp/Services/LogEkleExtensions.cs(41,30): warning CS8625: Cannot convert null literal to non-nullable reference type. [/Users/muhammetkocaman/MuhasebeStokWebApp/MuhasebeStokWebApp.csproj]
/Users/muhammetkocaman/MuhasebeStokWebApp/Controllers/AccountController.cs(55,55): warning CS8625: Cannot convert null literal to non-nullable reference type. [/Users/muhammetkocaman/MuhasebeStokWebApp/MuhasebeStokWebApp.csproj]
/Users/muhammetkocaman/MuhasebeStokWebApp/Controllers/BaseController.cs(36,40): warning CS8625: Cannot convert null literal to non-nullable reference type. [/Users/muhammetkocaman/MuhasebeStokWebApp/MuhasebeStokWebApp.csproj]
/Users/muhammetkocaman/MuhasebeStokWebApp/Controllers/BaseController.cs(37,56): warning CS8625: Cannot convert null literal to non-nullable reference type. [/Users/muhammetkocaman/MuhasebeStokWebApp/MuhasebeStokWebApp.csproj]
/Users/muhammetkocaman/MuhasebeStokWebApp/Controllers/BaseController.cs(38,53): warning CS8625: Cannot convert null literal to non-nullable reference type. [/Users/muhammetkocaman/MuhasebeStokWebApp/MuhasebeStokWebApp.csproj]
/Users/muhammetkocaman/MuhasebeStokWebApp/Controllers/BaseController.cs(39,38): warning CS8625: Cannot convert null literal to non-nullable reference type. [/Users/muhammetkocaman/MuhasebeStokWebApp/MuhasebeStokWebApp.csproj]
/Users/muhammetkocaman/MuhasebeStokWebApp/Controllers/BaseController.cs(40,58): warning CS8625: Cannot convert null literal to non-nullable reference type. [/Users/muhammetkocaman/MuhasebeStokWebApp/MuhasebeStokWebApp.csproj]
/Users/muhammetkocaman/MuhasebeStokWebApp/Controllers/BaseController.cs(41,48): warning CS8625: Cannot convert null literal to non-nullable reference type. [/Users/muhammetkocaman/MuhasebeStokWebApp/MuhasebeStokWebApp.csproj]
/Users/muhammetkocaman/MuhasebeStokWebApp/Controllers/BaseController.cs(633,77): warning CS8625: Cannot convert null literal to non-nullable reference type. [/Users/muhammetkocaman/MuhasebeStokWebApp/MuhasebeStokWebApp.csproj]
/Users/muhammetkocaman/MuhasebeStokWebApp/Controllers/BaseController.cs(633,96): warning CS8625: Cannot convert null literal to non-nullable reference type. [/Users/muhammetkocaman/MuhasebeStokWebApp/MuhasebeStokWebApp.csproj]
/Users/muhammetkocaman/MuhasebeStokWebApp/Controllers/BaseController.cs(653,76): warning CS8625: Cannot convert null literal to non-nullable reference type. [/Users/muhammetkocaman/MuhasebeStokWebApp/MuhasebeStokWebApp.csproj]
/Users/muhammetkocaman/MuhasebeStokWebApp/Data/Repositories/IIrsaliyeRepository.cs(12,136): warning CS8625: Cannot convert null literal to non-nullable reference type. [/Users/muhammetkocaman/MuhasebeStokWebApp/MuhasebeStokWebApp.csproj]
/Users/muhammetkocaman/MuhasebeStokWebApp/Controllers/BaseController.cs(686,53): warning CS8625: Cannot convert null literal to non-nullable reference type. [/Users/muhammetkocaman/MuhasebeStokWebApp/MuhasebeStokWebApp.csproj]
/Users/muhammetkocaman/MuhasebeStokWebApp/Controllers/BaseController.cs(694,115): warning CS8625: Cannot convert null literal to non-nullable reference type. [/Users/muhammetkocaman/MuhasebeStokWebApp/MuhasebeStokWebApp.csproj]
/Users/muhammetkocaman/MuhasebeStokWebApp/Data/Repositories/IRepository.cs(12,89): warning CS8625: Cannot convert null literal to non-nullable reference type. [/Users/muhammetkocaman/MuhasebeStokWebApp/MuhasebeStokWebApp.csproj]
/Users/muhammetkocaman/MuhasebeStokWebApp/Data/Repositories/IRepository.cs(13,77): warning CS8625: Cannot convert null literal to non-nullable reference type. [/Users/muhammetkocaman/MuhasebeStokWebApp/MuhasebeStokWebApp.csproj]
/Users/muhammetkocaman/MuhasebeStokWebApp/Data/Repositories/IRepository.cs(16,87): warning CS8625: Cannot convert null literal to non-nullable reference type. [/Users/muhammetkocaman/MuhasebeStokWebApp/MuhasebeStokWebApp.csproj]
/Users/muhammetkocaman/MuhasebeStokWebApp/Data/Repositories/IRepository.cs(19,54): warning CS8625: Cannot convert null literal to non-nullable reference type. [/Users/muhammetkocaman/MuhasebeStokWebApp/MuhasebeStokWebApp.csproj]
/Users/muhammetkocaman/MuhasebeStokWebApp/Data/Repositories/IRepository.cs(20,77): warning CS8625: Cannot convert null literal to non-nullable reference type. [/Users/muhammetkocaman/MuhasebeStokWebApp/MuhasebeStokWebApp.csproj]
/Users/muhammetkocaman/MuhasebeStokWebApp/Controllers/HomeController.cs(63,62): warning CS8625: Cannot convert null literal to non-nullable reference type. [/Users/muhammetkocaman/MuhasebeStokWebApp/MuhasebeStokWebApp.csproj]
/Users/muhammetkocaman/MuhasebeStokWebApp/Data/Repositories/IrsaliyeDetayRepository.cs(11,47): warning CS0108: 'IrsaliyeDetayRepository._context' hides inherited member 'Repository<IrsaliyeDetay>._context'. Use the new keyword if hiding was intended. [/Users/muhammetkocaman/MuhasebeStokWebApp/MuhasebeStokWebApp.csproj]
/Users/muhammetkocaman/MuhasebeStokWebApp/Controllers/FaturaController.cs(34,55): warning CS0108: 'FaturaController._userManager' hides inherited member 'BaseController._userManager'. Use the new keyword if hiding was intended. [/Users/muhammetkocaman/MuhasebeStokWebApp/MuhasebeStokWebApp.csproj]
/Users/muhammetkocaman/MuhasebeStokWebApp/Data/Repositories/IrsaliyeRepository.cs(13,47): warning CS0108: 'IrsaliyeRepository._context' hides inherited member 'Repository<Irsaliye>._context'. Use the new keyword if hiding was intended. [/Users/muhammetkocaman/MuhasebeStokWebApp/MuhasebeStokWebApp.csproj]
/Users/muhammetkocaman/MuhasebeStokWebApp/Data/Repositories/IrsaliyeRepository.cs(41,33): warning CS8625: Cannot convert null literal to non-nullable reference type. [/Users/muhammetkocaman/MuhasebeStokWebApp/MuhasebeStokWebApp.csproj]
/Users/muhammetkocaman/MuhasebeStokWebApp/Data/Repositories/Repository.cs(32,54): warning CS8625: Cannot convert null literal to non-nullable reference type. [/Users/muhammetkocaman/MuhasebeStokWebApp/MuhasebeStokWebApp.csproj]
/Users/muhammetkocaman/MuhasebeStokWebApp/Data/Repositories/Repository.cs(33,77): warning CS8625: Cannot convert null literal to non-nullable reference type. [/Users/muhammetkocaman/MuhasebeStokWebApp/MuhasebeStokWebApp.csproj]
/Users/muhammetkocaman/MuhasebeStokWebApp/Data/Repositories/Repository.cs(78,54): warning CS8625: Cannot convert null literal to non-nullable reference type. [/Users/muhammetkocaman/MuhasebeStokWebApp/MuhasebeStokWebApp.csproj]
/Users/muhammetkocaman/MuhasebeStokWebApp/Data/Repositories/Repository.cs(179,54): warning CS8625: Cannot convert null literal to non-nullable reference type. [/Users/muhammetkocaman/MuhasebeStokWebApp/MuhasebeStokWebApp.csproj]
/Users/muhammetkocaman/MuhasebeStokWebApp/Data/Repositories/Repository.cs(180,77): warning CS8625: Cannot convert null literal to non-nullable reference type. [/Users/muhammetkocaman/MuhasebeStokWebApp/MuhasebeStokWebApp.csproj]
/Users/muhammetkocaman/MuhasebeStokWebApp/Controllers/MerkeziAklamaController.cs(487,88): warning CS8625: Cannot convert null literal to non-nullable reference type. [/Users/muhammetkocaman/MuhasebeStokWebApp/MuhasebeStokWebApp.csproj]
/Users/muhammetkocaman/MuhasebeStokWebApp/Controllers/RaporController.cs(608,65): warning CS8625: Cannot convert null literal to non-nullable reference type. [/Users/muhammetkocaman/MuhasebeStokWebApp/MuhasebeStokWebApp.csproj]
/Users/muhammetkocaman/MuhasebeStokWebApp/Services/IDropdownService.cs(14,67): warning CS8625: Cannot convert null literal to non-nullable reference type. [/Users/muhammetkocaman/MuhasebeStokWebApp/MuhasebeStokWebApp.csproj]
/Users/muhammetkocaman/MuhasebeStokWebApp/Services/IDropdownService.cs(15,62): warning CS8625: Cannot convert null literal to non-nullable reference type. [/Users/muhammetkocaman/MuhasebeStokWebApp/MuhasebeStokWebApp.csproj]
/Users/muhammetkocaman/MuhasebeStokWebApp/Services/IDropdownService.cs(21,155): warning CS8625: Cannot convert null literal to non-nullable reference type. [/Users/muhammetkocaman/MuhasebeStokWebApp/MuhasebeStokWebApp.csproj]
/Users/muhammetkocaman/MuhasebeStokWebApp/Services/IDropdownService.cs(23,140): warning CS8625: Cannot convert null literal to non-nullable reference type. [/Users/muhammetkocaman/MuhasebeStokWebApp/MuhasebeStokWebApp.csproj]
/Users/muhammetkocaman/MuhasebeStokWebApp/Services/Interfaces/ILogService.cs(63,102): warning CS8625: Cannot convert null literal to non-nullable reference type. [/Users/muhammetkocaman/MuhasebeStokWebApp/MuhasebeStokWebApp.csproj]
/Users/muhammetkocaman/MuhasebeStokWebApp/Services/Interfaces/ILogService.cs(17,104): warning CS8625: Cannot convert null literal to non-nullable reference type. [/Users/muhammetkocaman/MuhasebeStokWebApp/MuhasebeStokWebApp.csproj]
/Users/muhammetkocaman/MuhasebeStokWebApp/Services/Interfaces/ILogService.cs(18,95): warning CS8625: Cannot convert null literal to non-nullable reference type. [/Users/muhammetkocaman/MuhasebeStokWebApp/MuhasebeStokWebApp.csproj]
/Users/muhammetkocaman/MuhasebeStokWebApp/Services/Interfaces/ILogService.cs(23,33): warning CS8625: Cannot convert null literal to non-nullable reference type. [/Users/muhammetkocaman/MuhasebeStokWebApp/MuhasebeStokWebApp.csproj]
/Users/muhammetkocaman/MuhasebeStokWebApp/Services/Interfaces/ILogService.cs(24,30): warning CS8625: Cannot convert null literal to non-nullable reference type. [/Users/muhammetkocaman/MuhasebeStokWebApp/MuhasebeStokWebApp.csproj]
/Users/muhammetkocaman/MuhasebeStokWebApp/Services/Interfaces/ILogService.cs(37,65): warning CS8625: Cannot convert null literal to non-nullable reference type. [/Users/muhammetkocaman/MuhasebeStokWebApp/MuhasebeStokWebApp.csproj]
/Users/muhammetkocaman/MuhasebeStokWebApp/Services/Interfaces/ILogService.cs(38,68): warning CS8625: Cannot convert null literal to non-nullable reference type. [/Users/muhammetkocaman/MuhasebeStokWebApp/MuhasebeStokWebApp.csproj]
/Users/muhammetkocaman/MuhasebeStokWebApp/Services/Interfaces/ILogService.cs(64,166): warning CS8625: Cannot convert null literal to non-nullable reference type. [/Users/muhammetkocaman/MuhasebeStokWebApp/MuhasebeStokWebApp.csproj]
/Users/muhammetkocaman/MuhasebeStokWebApp/Services/Interfaces/ILogService.cs(68,158): warning CS8625: Cannot convert null literal to non-nullable reference type. [/Users/muhammetkocaman/MuhasebeStokWebApp/MuhasebeStokWebApp.csproj]
/Users/muhammetkocaman/MuhasebeStokWebApp/Services/Interfaces/ILogService.cs(68,204): warning CS8625: Cannot convert null literal to non-nullable reference type. [/Users/muhammetkocaman/MuhasebeStokWebApp/MuhasebeStokWebApp.csproj]
/Users/muhammetkocaman/MuhasebeStokWebApp/Controllers/StokController.cs(800,118): warning CS8625: Cannot convert null literal to non-nullable reference type. [/Users/muhammetkocaman/MuhasebeStokWebApp/MuhasebeStokWebApp.csproj]
/Users/muhammetkocaman/MuhasebeStokWebApp/Controllers/StokController.cs(899,111): warning CS8625: Cannot convert null literal to non-nullable reference type. [/Users/muhammetkocaman/MuhasebeStokWebApp/MuhasebeStokWebApp.csproj]
/Users/muhammetkocaman/MuhasebeStokWebApp/Controllers/StokController.cs(906,109): warning CS8625: Cannot convert null literal to non-nullable reference type. [/Users/muhammetkocaman/MuhasebeStokWebApp/MuhasebeStokWebApp.csproj]
/Users/muhammetkocaman/MuhasebeStokWebApp/Services/LogService.cs(32,117): warning CS8625: Cannot convert null literal to non-nullable reference type. [/Users/muhammetkocaman/MuhasebeStokWebApp/MuhasebeStokWebApp.csproj]
/Users/muhammetkocaman/MuhasebeStokWebApp/Services/LogService.cs(136,33): warning CS8625: Cannot convert null literal to non-nullable reference type. [/Users/muhammetkocaman/MuhasebeStokWebApp/MuhasebeStokWebApp.csproj]
/Users/muhammetkocaman/MuhasebeStokWebApp/Services/LogService.cs(137,30): warning CS8625: Cannot convert null literal to non-nullable reference type. [/Users/muhammetkocaman/MuhasebeStokWebApp/MuhasebeStokWebApp.csproj]
/Users/muhammetkocaman/MuhasebeStokWebApp/Services/LogService.cs(225,171): warning CS8625: Cannot convert null literal to non-nullable reference type. [/Users/muhammetkocaman/MuhasebeStokWebApp/MuhasebeStokWebApp.csproj]
/Users/muhammetkocaman/MuhasebeStokWebApp/Services/LogService.cs(225,217): warning CS8625: Cannot convert null literal to non-nullable reference type. [/Users/muhammetkocaman/MuhasebeStokWebApp/MuhasebeStokWebApp.csproj]
/Users/muhammetkocaman/MuhasebeStokWebApp/Services/LogService.cs(824,78): warning CS8625: Cannot convert null literal to non-nullable reference type. [/Users/muhammetkocaman/MuhasebeStokWebApp/MuhasebeStokWebApp.csproj]
/Users/muhammetkocaman/MuhasebeStokWebApp/Services/LogService.cs(837,81): warning CS8625: Cannot convert null literal to non-nullable reference type. [/Users/muhammetkocaman/MuhasebeStokWebApp/MuhasebeStokWebApp.csproj]
/Users/muhammetkocaman/MuhasebeStokWebApp/Services/LogService.cs(1069,179): warning CS8625: Cannot convert null literal to non-nullable reference type. [/Users/muhammetkocaman/MuhasebeStokWebApp/MuhasebeStokWebApp.csproj]
/Users/muhammetkocaman/MuhasebeStokWebApp/Services/LogService.cs(1115,115): warning CS8625: Cannot convert null literal to non-nullable reference type. [/Users/muhammetkocaman/MuhasebeStokWebApp/MuhasebeStokWebApp.csproj]
/Users/muhammetkocaman/MuhasebeStokWebApp/Services/LogService.cs(1167,108): warning CS8625: Cannot convert null literal to non-nullable reference type. [/Users/muhammetkocaman/MuhasebeStokWebApp/MuhasebeStokWebApp.csproj]
/Users/muhammetkocaman/MuhasebeStokWebApp/Services/Interfaces/IValidationService.cs(14,93): warning CS8625: Cannot convert null literal to non-nullable reference type. [/Users/muhammetkocaman/MuhasebeStokWebApp/MuhasebeStokWebApp.csproj]
/Users/muhammetkocaman/MuhasebeStokWebApp/Services/SistemLogService.cs(26,170): warning CS8625: Cannot convert null literal to non-nullable reference type. [/Users/muhammetkocaman/MuhasebeStokWebApp/MuhasebeStokWebApp.csproj]
/Users/muhammetkocaman/MuhasebeStokWebApp/Services/SistemLogService.cs(26,218): warning CS8625: Cannot convert null literal to non-nullable reference type. [/Users/muhammetkocaman/MuhasebeStokWebApp/MuhasebeStokWebApp.csproj]
/Users/muhammetkocaman/MuhasebeStokWebApp/Services/SistemLogService.cs(62,71): warning CS8625: Cannot convert null literal to non-nullable reference type. [/Users/muhammetkocaman/MuhasebeStokWebApp/MuhasebeStokWebApp.csproj]
/Users/muhammetkocaman/MuhasebeStokWebApp/Services/SistemLogService.cs(98,76): warning CS8625: Cannot convert null literal to non-nullable reference type. [/Users/muhammetkocaman/MuhasebeStokWebApp/MuhasebeStokWebApp.csproj]
/Users/muhammetkocaman/MuhasebeStokWebApp/Services/SistemLogService.cs(134,141): warning CS8625: Cannot convert null literal to non-nullable reference type. [/Users/muhammetkocaman/MuhasebeStokWebApp/MuhasebeStokWebApp.csproj]
/Users/muhammetkocaman/MuhasebeStokWebApp/Services/SistemLogService.cs(147,144): warning CS8625: Cannot convert null literal to non-nullable reference type. [/Users/muhammetkocaman/MuhasebeStokWebApp/MuhasebeStokWebApp.csproj]
/Users/muhammetkocaman/MuhasebeStokWebApp/Services/ValidationService.cs(66,106): warning CS8625: Cannot convert null literal to non-nullable reference type. [/Users/muhammetkocaman/MuhasebeStokWebApp/MuhasebeStokWebApp.csproj]
/Users/muhammetkocaman/MuhasebeStokWebApp/Services/DropdownService.cs(61,74): warning CS8625: Cannot convert null literal to non-nullable reference type. [/Users/muhammetkocaman/MuhasebeStokWebApp/MuhasebeStokWebApp.csproj]
/Users/muhammetkocaman/MuhasebeStokWebApp/Services/DropdownService.cs(67,69): warning CS8625: Cannot convert null literal to non-nullable reference type. [/Users/muhammetkocaman/MuhasebeStokWebApp/MuhasebeStokWebApp.csproj]
/Users/muhammetkocaman/MuhasebeStokWebApp/Services/DropdownService.cs(106,34): warning CS8625: Cannot convert null literal to non-nullable reference type. [/Users/muhammetkocaman/MuhasebeStokWebApp/MuhasebeStokWebApp.csproj]
/Users/muhammetkocaman/MuhasebeStokWebApp/Services/DropdownService.cs(130,57): warning CS8625: Cannot convert null literal to non-nullable reference type. [/Users/muhammetkocaman/MuhasebeStokWebApp/MuhasebeStokWebApp.csproj]
/Users/muhammetkocaman/MuhasebeStokWebApp/ViewModels/UrunKategori/UrunKategoriViewModel.cs(13,23): warning CS8618: Non-nullable property 'KategoriAdi' must contain a non-null value when exiting constructor. Consider adding the 'required' modifier or declaring the property as nullable. [/Users/muhammetkocaman/MuhasebeStokWebApp/MuhasebeStokWebApp.csproj]
/Users/muhammetkocaman/MuhasebeStokWebApp/ViewModels/UrunKategori/UrunKategoriEditViewModel.cs(13,23): warning CS8618: Non-nullable property 'KategoriAdi' must contain a non-null value when exiting constructor. Consider adding the 'required' modifier or declaring the property as nullable. [/Users/muhammetkocaman/MuhasebeStokWebApp/MuhasebeStokWebApp.csproj]
/Users/muhammetkocaman/MuhasebeStokWebApp/ViewModels/UrunKategori/UrunKategoriEditViewModel.cs(17,23): warning CS8618: Non-nullable property 'Aciklama' must contain a non-null value when exiting constructor. Consider adding the 'required' modifier or declaring the property as nullable. [/Users/muhammetkocaman/MuhasebeStokWebApp/MuhasebeStokWebApp.csproj]
/Users/muhammetkocaman/MuhasebeStokWebApp/ViewModels/UrunKategori/UrunKategoriCreateViewModel.cs(11,23): warning CS8618: Non-nullable property 'KategoriAdi' must contain a non-null value when exiting constructor. Consider adding the 'required' modifier or declaring the property as nullable. [/Users/muhammetkocaman/MuhasebeStokWebApp/MuhasebeStokWebApp.csproj]
/Users/muhammetkocaman/MuhasebeStokWebApp/ViewModels/UrunFiyat/UrunFiyatViewModel.cs(49,23): warning CS8618: Non-nullable property 'UrunAdi' must contain a non-null value when exiting constructor. Consider adding the 'required' modifier or declaring the property as nullable. [/Users/muhammetkocaman/MuhasebeStokWebApp/MuhasebeStokWebApp.csproj]
/Users/muhammetkocaman/MuhasebeStokWebApp/ViewModels/UrunFiyat/UrunFiyatViewModel.cs(16,23): warning CS8618: Non-nullable property 'UrunKodu' must contain a non-null value when exiting constructor. Consider adding the 'required' modifier or declaring the property as nullable. [/Users/muhammetkocaman/MuhasebeStokWebApp/MuhasebeStokWebApp.csproj]
/Users/muhammetkocaman/MuhasebeStokWebApp/ViewModels/UrunFiyat/UrunFiyatViewModel.cs(19,23): warning CS8618: Non-nullable property 'UrunAdi' must contain a non-null value when exiting constructor. Consider adding the 'required' modifier or declaring the property as nullable. [/Users/muhammetkocaman/MuhasebeStokWebApp/MuhasebeStokWebApp.csproj]
/Users/muhammetkocaman/MuhasebeStokWebApp/ViewModels/UrunFiyat/UrunFiyatViewModel.cs(36,23): warning CS8618: Non-nullable property 'FiyatTipiAdi' must contain a non-null value when exiting constructor. Consider adding the 'required' modifier or declaring the property as nullable. [/Users/muhammetkocaman/MuhasebeStokWebApp/MuhasebeStokWebApp.csproj]
/Users/muhammetkocaman/MuhasebeStokWebApp/ViewModels/Urun/UrunViewModel.cs(14,23): warning CS8618: Non-nullable property 'UrunKodu' must contain a non-null value when exiting constructor. Consider adding the 'required' modifier or declaring the property as nullable. [/Users/muhammetkocaman/MuhasebeStokWebApp/MuhasebeStokWebApp.csproj]
/Users/muhammetkocaman/MuhasebeStokWebApp/ViewModels/Urun/UrunViewModel.cs(19,23): warning CS8618: Non-nullable property 'UrunAdi' must contain a non-null value when exiting constructor. Consider adding the 'required' modifier or declaring the property as nullable. [/Users/muhammetkocaman/MuhasebeStokWebApp/MuhasebeStokWebApp.csproj]
/Users/muhammetkocaman/MuhasebeStokWebApp/ViewModels/Urun/UrunViewModel.cs(23,23): warning CS8618: Non-nullable property 'Birim' must contain a non-null value when exiting constructor. Consider adding the 'required' modifier or declaring the property as nullable. [/Users/muhammetkocaman/MuhasebeStokWebApp/MuhasebeStokWebApp.csproj]
/Users/muhammetkocaman/MuhasebeStokWebApp/ViewModels/Urun/UrunViewModel.cs(29,23): warning CS8618: Non-nullable property 'BirimAdi' must contain a non-null value when exiting constructor. Consider adding the 'required' modifier or declaring the property as nullable. [/Users/muhammetkocaman/MuhasebeStokWebApp/MuhasebeStokWebApp.csproj]
/Users/muhammetkocaman/MuhasebeStokWebApp/ViewModels/Urun/UrunViewModel.cs(59,23): warning CS8618: Non-nullable property 'KategoriAdi' must contain a non-null value when exiting constructor. Consider adding the 'required' modifier or declaring the property as nullable. [/Users/muhammetkocaman/MuhasebeStokWebApp/MuhasebeStokWebApp.csproj]
/Users/muhammetkocaman/MuhasebeStokWebApp/Controllers/UrunKategoriController.cs(51,39): error CS0266: Cannot implicitly convert type 'System.DateTime?' to 'System.DateTime'. An explicit conversion exists (are you missing a cast?) [/Users/muhammetkocaman/MuhasebeStokWebApp/MuhasebeStokWebApp.csproj]
/Users/muhammetkocaman/MuhasebeStokWebApp/Controllers/UrunKategoriController.cs(51,39): warning CS8629: Nullable value type may be null. [/Users/muhammetkocaman/MuhasebeStokWebApp/MuhasebeStokWebApp.csproj]
/Users/muhammetkocaman/MuhasebeStokWebApp/ViewModels/Urun/UrunImportViewModel.cs(13,23): warning CS8618: Non-nullable property 'UrunKodu' must contain a non-null value when exiting constructor. Consider adding the 'required' modifier or declaring the property as nullable. [/Users/muhammetkocaman/MuhasebeStokWebApp/MuhasebeStokWebApp.csproj]
/Users/muhammetkocaman/MuhasebeStokWebApp/ViewModels/Urun/UrunImportViewModel.cs(16,23): warning CS8618: Non-nullable property 'UrunAdi' must contain a non-null value when exiting constructor. Consider adding the 'required' modifier or declaring the property as nullable. [/Users/muhammetkocaman/MuhasebeStokWebApp/MuhasebeStokWebApp.csproj]
/Users/muhammetkocaman/MuhasebeStokWebApp/ViewModels/Urun/UrunImportViewModel.cs(19,23): warning CS8618: Non-nullable property 'KategoriAdi' must contain a non-null value when exiting constructor. Consider adding the 'required' modifier or declaring the property as nullable. [/Users/muhammetkocaman/MuhasebeStokWebApp/MuhasebeStokWebApp.csproj]
/Users/muhammetkocaman/MuhasebeStokWebApp/ViewModels/Urun/UrunImportViewModel.cs(22,23): warning CS8618: Non-nullable property 'BirimAdi' must contain a non-null value when exiting constructor. Consider adding the 'required' modifier or declaring the property as nullable. [/Users/muhammetkocaman/MuhasebeStokWebApp/MuhasebeStokWebApp.csproj]
/Users/muhammetkocaman/MuhasebeStokWebApp/ViewModels/Urun/UrunImportViewModel.cs(46,23): warning CS8618: Non-nullable property 'MevcutUrunBilgisi' must contain a non-null value when exiting constructor. Consider adding the 'required' modifier or declaring the property as nullable. [/Users/muhammetkocaman/MuhasebeStokWebApp/MuhasebeStokWebApp.csproj]
/Users/muhammetkocaman/MuhasebeStokWebApp/ViewModels/Urun/UrunEditViewModel.cs(15,23): warning CS8618: Non-nullable property 'UrunKodu' must contain a non-null value when exiting constructor. Consider adding the 'required' modifier or declaring the property as nullable. [/Users/muhammetkocaman/MuhasebeStokWebApp/MuhasebeStokWebApp.csproj]
/Users/muhammetkocaman/MuhasebeStokWebApp/ViewModels/Urun/UrunEditViewModel.cs(20,23): warning CS8618: Non-nullable property 'UrunAdi' must contain a non-null value when exiting constructor. Consider adding the 'required' modifier or declaring the property as nullable. [/Users/muhammetkocaman/MuhasebeStokWebApp/MuhasebeStokWebApp.csproj]
/Users/muhammetkocaman/MuhasebeStokWebApp/ViewModels/Urun/UrunEditViewModel.cs(27,23): warning CS8618: Non-nullable property 'Birim' must contain a non-null value when exiting constructor. Consider adding the 'required' modifier or declaring the property as nullable. [/Users/muhammetkocaman/MuhasebeStokWebApp/MuhasebeStokWebApp.csproj]
/Users/muhammetkocaman/MuhasebeStokWebApp/ViewModels/Urun/UrunEditViewModel.cs(30,23): warning CS8618: Non-nullable property 'Aciklama' must contain a non-null value when exiting constructor. Consider adding the 'required' modifier or declaring the property as nullable. [/Users/muhammetkocaman/MuhasebeStokWebApp/MuhasebeStokWebApp.csproj]
/Users/muhammetkocaman/MuhasebeStokWebApp/ViewModels/Urun/UrunEditViewModel.cs(67,37): warning CS8618: Non-nullable property 'BirimListesi' must contain a non-null value when exiting constructor. Consider adding the 'required' modifier or declaring the property as nullable. [/Users/muhammetkocaman/MuhasebeStokWebApp/MuhasebeStokWebApp.csproj]
/Users/muhammetkocaman/MuhasebeStokWebApp/ViewModels/Urun/UrunEditViewModel.cs(68,37): warning CS8618: Non-nullable property 'KategoriListesi' must contain a non-null value when exiting constructor. Consider adding the 'required' modifier or declaring the property as nullable. [/Users/muhammetkocaman/MuhasebeStokWebApp/MuhasebeStokWebApp.csproj]
/Users/muhammetkocaman/MuhasebeStokWebApp/Controllers/AccountController.cs(57,17): warning CS8602: Dereference of a possibly null reference. [/Users/muhammetkocaman/MuhasebeStokWebApp/MuhasebeStokWebApp.csproj]
/Users/muhammetkocaman/MuhasebeStokWebApp/Controllers/UrunKategoriController.cs(137,35): error CS0266: Cannot implicitly convert type 'System.DateTime?' to 'System.DateTime'. An explicit conversion exists (are you missing a cast?) [/Users/muhammetkocaman/MuhasebeStokWebApp/MuhasebeStokWebApp.csproj]
/Users/muhammetkocaman/MuhasebeStokWebApp/Controllers/UrunKategoriController.cs(137,35): warning CS8629: Nullable value type may be null. [/Users/muhammetkocaman/MuhasebeStokWebApp/MuhasebeStokWebApp.csproj]
/Users/muhammetkocaman/MuhasebeStokWebApp/Controllers/UrunKategoriController.cs(163,28): warning CS8601: Possible null reference assignment. [/Users/muhammetkocaman/MuhasebeStokWebApp/MuhasebeStokWebApp.csproj]
/Users/muhammetkocaman/MuhasebeStokWebApp/Controllers/AccountController.cs(97,61): warning CS8602: Dereference of a possibly null reference. [/Users/muhammetkocaman/MuhasebeStokWebApp/MuhasebeStokWebApp.csproj]
/Users/muhammetkocaman/MuhasebeStokWebApp/Controllers/AccountController.cs(98,63): warning CS8604: Possible null reference argument for parameter 'value' in 'void SessionExtensions.SetString(ISession session, string key, string value)'. [/Users/muhammetkocaman/MuhasebeStokWebApp/MuhasebeStokWebApp.csproj]
/Users/muhammetkocaman/MuhasebeStokWebApp/Controllers/AccountController.cs(137,67): warning CS8604: Possible null reference argument for parameter 'value' in 'void SessionExtensions.SetString(ISession session, string key, string value)'. [/Users/muhammetkocaman/MuhasebeStokWebApp/MuhasebeStokWebApp.csproj]
/Users/muhammetkocaman/MuhasebeStokWebApp/Data/ApplicationDbContext.cs(97,45): warning CS8602: Dereference of a possibly null reference. [/Users/muhammetkocaman/MuhasebeStokWebApp/MuhasebeStokWebApp.csproj]
/Users/muhammetkocaman/MuhasebeStokWebApp/Controllers/AccountController.cs(217,53): warning CS8602: Dereference of a possibly null reference. [/Users/muhammetkocaman/MuhasebeStokWebApp/MuhasebeStokWebApp.csproj]
/Users/muhammetkocaman/MuhasebeStokWebApp/Data/Entities/UrunBirim.cs(16,23): warning CS8618: Non-nullable property 'BirimAdi' must contain a non-null value when exiting constructor. Consider adding the 'required' modifier or declaring the property as nullable. [/Users/muhammetkocaman/MuhasebeStokWebApp/MuhasebeStokWebApp.csproj]
/Users/muhammetkocaman/MuhasebeStokWebApp/Controllers/AccountController.cs(249,32): warning CS8601: Possible null reference assignment. [/Users/muhammetkocaman/MuhasebeStokWebApp/MuhasebeStokWebApp.csproj]
/Users/muhammetkocaman/MuhasebeStokWebApp/Controllers/AccountController.cs(250,29): warning CS8601: Possible null reference assignment. [/Users/muhammetkocaman/MuhasebeStokWebApp/MuhasebeStokWebApp.csproj]
/Users/muhammetkocaman/MuhasebeStokWebApp/ViewModels/Urun/UrunCreateViewModel.cs(16,23): warning CS8618: Non-nullable property 'UrunKodu' must contain a non-null value when exiting constructor. Consider adding the 'required' modifier or declaring the property as nullable. [/Users/muhammetkocaman/MuhasebeStokWebApp/MuhasebeStokWebApp.csproj]
/Users/muhammetkocaman/MuhasebeStokWebApp/ViewModels/Urun/UrunCreateViewModel.cs(21,23): warning CS8618: Non-nullable property 'UrunAdi' must contain a non-null value when exiting constructor. Consider adding the 'required' modifier or declaring the property as nullable. [/Users/muhammetkocaman/MuhasebeStokWebApp/MuhasebeStokWebApp.csproj]
/Users/muhammetkocaman/MuhasebeStokWebApp/ViewModels/Urun/UrunCreateViewModel.cs(32,23): warning CS8618: Non-nullable property 'Aciklama' must contain a non-null value when exiting constructor. Consider adding the 'required' modifier or declaring the property as nullable. [/Users/muhammetkocaman/MuhasebeStokWebApp/MuhasebeStokWebApp.csproj]
/Users/muhammetkocaman/MuhasebeStokWebApp/ViewModels/Urun/UrunCreateViewModel.cs(60,37): warning CS8618: Non-nullable property 'BirimListesi' must contain a non-null value when exiting constructor. Consider adding the 'required' modifier or declaring the property as nullable. [/Users/muhammetkocaman/MuhasebeStokWebApp/MuhasebeStokWebApp.csproj]
/Users/muhammetkocaman/MuhasebeStokWebApp/ViewModels/Urun/UrunCreateViewModel.cs(61,37): warning CS8618: Non-nullable property 'KategoriListesi' must contain a non-null value when exiting constructor. Consider adding the 'required' modifier or declaring the property as nullable. [/Users/muhammetkocaman/MuhasebeStokWebApp/MuhasebeStokWebApp.csproj]
/Users/muhammetkocaman/MuhasebeStokWebApp/Data/Entities/Banka.cs(31,16): warning CS8618: Non-nullable property 'BankaAdi' must contain a non-null value when exiting constructor. Consider adding the 'required' modifier or declaring the property as nullable. [/Users/muhammetkocaman/MuhasebeStokWebApp/MuhasebeStokWebApp.csproj]
/Users/muhammetkocaman/MuhasebeStokWebApp/ViewModels/StokViewModel.cs(8,23): warning CS8618: Non-nullable property 'UrunAdi' must contain a non-null value when exiting constructor. Consider adding the 'required' modifier or declaring the property as nullable. [/Users/muhammetkocaman/MuhasebeStokWebApp/MuhasebeStokWebApp.csproj]
/Users/muhammetkocaman/MuhasebeStokWebApp/ViewModels/StokViewModel.cs(9,23): warning CS8618: Non-nullable property 'UrunKodu' must contain a non-null value when exiting constructor. Consider adding the 'required' modifier or declaring the property as nullable. [/Users/muhammetkocaman/MuhasebeStokWebApp/MuhasebeStokWebApp.csproj]
/Users/muhammetkocaman/MuhasebeStokWebApp/ViewModels/StokViewModel.cs(10,23): warning CS8618: Non-nullable property 'BirimAdi' must contain a non-null value when exiting constructor. Consider adding the 'required' modifier or declaring the property as nullable. [/Users/muhammetkocaman/MuhasebeStokWebApp/MuhasebeStokWebApp.csproj]
/Users/muhammetkocaman/MuhasebeStokWebApp/ViewModels/Stok/UrunStokDurumViewModel.cs(20,23): warning CS8618: Non-nullable property 'DepoAdi' must contain a non-null value when exiting constructor. Consider adding the 'required' modifier or declaring the property as nullable. [/Users/muhammetkocaman/MuhasebeStokWebApp/MuhasebeStokWebApp.csproj]
/Users/muhammetkocaman/MuhasebeStokWebApp/ViewModels/Stok/UrunStokDurumViewModel.cs(9,23): warning CS8618: Non-nullable property 'UrunKodu' must contain a non-null value when exiting constructor. Consider adding the 'required' modifier or declaring the property as nullable. [/Users/muhammetkocaman/MuhasebeStokWebApp/MuhasebeStokWebApp.csproj]
/Users/muhammetkocaman/MuhasebeStokWebApp/ViewModels/Stok/UrunStokDurumViewModel.cs(10,23): warning CS8618: Non-nullable property 'UrunAdi' must contain a non-null value when exiting constructor. Consider adding the 'required' modifier or declaring the property as nullable. [/Users/muhammetkocaman/MuhasebeStokWebApp/MuhasebeStokWebApp.csproj]
/Users/muhammetkocaman/MuhasebeStokWebApp/ViewModels/Stok/UrunStokDurumViewModel.cs(11,23): warning CS8618: Non-nullable property 'BirimAdi' must contain a non-null value when exiting constructor. Consider adding the 'required' modifier or declaring the property as nullable. [/Users/muhammetkocaman/MuhasebeStokWebApp/MuhasebeStokWebApp.csproj]
/Users/muhammetkocaman/MuhasebeStokWebApp/ViewModels/Stok/UrunStokDurumViewModel.cs(12,23): warning CS8618: Non-nullable property 'KategoriAdi' must contain a non-null value when exiting constructor. Consider adding the 'required' modifier or declaring the property as nullable. [/Users/muhammetkocaman/MuhasebeStokWebApp/MuhasebeStokWebApp.csproj]
/Users/muhammetkocaman/MuhasebeStokWebApp/ViewModels/Stok/UrunStokDurumViewModel.cs(14,45): warning CS8618: Non-nullable property 'DepoStokDurumlari' must contain a non-null value when exiting constructor. Consider adding the 'required' modifier or declaring the property as nullable. [/Users/muhammetkocaman/MuhasebeStokWebApp/MuhasebeStokWebApp.csproj]
/Users/muhammetkocaman/MuhasebeStokWebApp/ViewModels/Stok/StokViewModels.cs(539,23): warning CS8618: Non-nullable property 'UrunKodu' must contain a non-null value when exiting constructor. Consider adding the 'required' modifier or declaring the property as nullable. [/Users/muhammetkocaman/MuhasebeStokWebApp/MuhasebeStokWebApp.csproj]
/Users/muhammetkocaman/MuhasebeStokWebApp/ViewModels/Stok/StokViewModels.cs(540,23): warning CS8618: Non-nullable property 'UrunAdi' must contain a non-null value when exiting constructor. Consider adding the 'required' modifier or declaring the property as nullable. [/Users/muhammetkocaman/MuhasebeStokWebApp/MuhasebeStokWebApp.csproj]
/Users/muhammetkocaman/MuhasebeStokWebApp/ViewModels/Stok/StokViewModels.cs(541,23): warning CS8618: Non-nullable property 'Kategori' must contain a non-null value when exiting constructor. Consider adding the 'required' modifier or declaring the property as nullable. [/Users/muhammetkocaman/MuhasebeStokWebApp/MuhasebeStokWebApp.csproj]
/Users/muhammetkocaman/MuhasebeStokWebApp/ViewModels/Stok/StokViewModels.cs(542,23): warning CS8618: Non-nullable property 'Birim' must contain a non-null value when exiting constructor. Consider adding the 'required' modifier or declaring the property as nullable. [/Users/muhammetkocaman/MuhasebeStokWebApp/MuhasebeStokWebApp.csproj]
/Users/muhammetkocaman/MuhasebeStokWebApp/ViewModels/Stok/StokViewModels.cs(544,23): warning CS8618: Non-nullable property 'DepoAdi' must contain a non-null value when exiting constructor. Consider adding the 'required' modifier or declaring the property as nullable. [/Users/muhammetkocaman/MuhasebeStokWebApp/MuhasebeStokWebApp.csproj]
/Users/muhammetkocaman/MuhasebeStokWebApp/Data/Entities/StokCikisDetay.cs(39,23): warning CS8618: Non-nullable property 'ReferansNo' must contain a non-null value when exiting constructor. Consider adding the 'required' modifier or declaring the property as nullable. [/Users/muhammetkocaman/MuhasebeStokWebApp/MuhasebeStokWebApp.csproj]
/Users/muhammetkocaman/MuhasebeStokWebApp/Data/Entities/StokCikisDetay.cs(42,23): warning CS8618: Non-nullable property 'ReferansTuru' must contain a non-null value when exiting constructor. Consider adding the 'required' modifier or declaring the property as nullable. [/Users/muhammetkocaman/MuhasebeStokWebApp/MuhasebeStokWebApp.csproj]
/Users/muhammetkocaman/MuhasebeStokWebApp/Data/Entities/StokCikisDetay.cs(49,23): warning CS8618: Non-nullable property 'Aciklama' must contain a non-null value when exiting constructor. Consider adding the 'required' modifier or declaring the property as nullable. [/Users/muhammetkocaman/MuhasebeStokWebApp/MuhasebeStokWebApp.csproj]
/Users/muhammetkocaman/MuhasebeStokWebApp/Data/Entities/StokCikisDetay.cs(58,23): warning CS8618: Non-nullable property 'IptalAciklama' must contain a non-null value when exiting constructor. Consider adding the 'required' modifier or declaring the property as nullable. [/Users/muhammetkocaman/MuhasebeStokWebApp/MuhasebeStokWebApp.csproj]
/Users/muhammetkocaman/MuhasebeStokWebApp/Data/Entities/StokCikisDetay.cs(62,33): warning CS8618: Non-nullable property 'StokFifo' must contain a non-null value when exiting constructor. Consider adding the 'required' modifier or declaring the property as nullable. [/Users/muhammetkocaman/MuhasebeStokWebApp/MuhasebeStokWebApp.csproj]
/Users/muhammetkocaman/MuhasebeStokWebApp/Controllers/AccountController.cs(276,30): warning CS8601: Possible null reference assignment. [/Users/muhammetkocaman/MuhasebeStokWebApp/MuhasebeStokWebApp.csproj]
/Users/muhammetkocaman/MuhasebeStokWebApp/Controllers/AccountController.cs(277,27): warning CS8601: Possible null reference assignment. [/Users/muhammetkocaman/MuhasebeStokWebApp/MuhasebeStokWebApp.csproj]
/Users/muhammetkocaman/MuhasebeStokWebApp/Data/Entities/Sozlesme.cs(64,16): warning CS8618: Non-nullable property 'SozlesmeNo' must contain a non-null value when exiting constructor. Consider adding the 'required' modifier or declaring the property as nullable. [/Users/muhammetkocaman/MuhasebeStokWebApp/MuhasebeStokWebApp.csproj]
/Users/muhammetkocaman/MuhasebeStokWebApp/Controllers/CariController.cs(171,35): warning CS8601: Possible null reference assignment. [/Users/muhammetkocaman/MuhasebeStokWebApp/MuhasebeStokWebApp.csproj]
/Users/muhammetkocaman/MuhasebeStokWebApp/Controllers/CariController.cs(172,33): warning CS8601: Possible null reference assignment. [/Users/muhammetkocaman/MuhasebeStokWebApp/MuhasebeStokWebApp.csproj]
/Users/muhammetkocaman/MuhasebeStokWebApp/Controllers/CariController.cs(173,35): warning CS8601: Possible null reference assignment. [/Users/muhammetkocaman/MuhasebeStokWebApp/MuhasebeStokWebApp.csproj]
/Users/muhammetkocaman/MuhasebeStokWebApp/Controllers/CariController.cs(185,59): warning CS8604: Possible null reference argument for parameter 'input' in 'Guid Guid.Parse(string input)'. [/Users/muhammetkocaman/MuhasebeStokWebApp/MuhasebeStokWebApp.csproj]
/Users/muhammetkocaman/MuhasebeStokWebApp/Controllers/CariController.cs(201,63): warning CS8604: Possible null reference argument for parameter 'input' in 'Guid Guid.Parse(string input)'. [/Users/muhammetkocaman/MuhasebeStokWebApp/MuhasebeStokWebApp.csproj]
/Users/muhammetkocaman/MuhasebeStokWebApp/Controllers/CariController.cs(233,63): warning CS8604: Possible null reference argument for parameter 'input' in 'Guid Guid.Parse(string input)'. [/Users/muhammetkocaman/MuhasebeStokWebApp/MuhasebeStokWebApp.csproj]
/Users/muhammetkocaman/MuhasebeStokWebApp/Views/Account/EditUser.cshtml(41,79): warning CS8604: Possible null reference argument for parameter 'item' in 'bool ICollection<string>.Contains(string item)'. [/Users/muhammetkocaman/MuhasebeStokWebApp/MuhasebeStokWebApp.csproj]
/Users/muhammetkocaman/MuhasebeStokWebApp/Data/Entities/ParaBirimiModulu/ParaBirimiIliski.cs(52,23): warning CS8618: Non-nullable property 'Aciklama' must contain a non-null value when exiting constructor. Consider adding the 'required' modifier or declaring the property as nullable. [/Users/muhammetkocaman/MuhasebeStokWebApp/MuhasebeStokWebApp.csproj]
/Users/muhammetkocaman/MuhasebeStokWebApp/Data/Entities/ParaBirimiModulu/ParaBirimiIliski.cs(69,23): warning CS8618: Non-nullable property 'OlusturanKullaniciID' must contain a non-null value when exiting constructor. Consider adding the 'required' modifier or declaring the property as nullable. [/Users/muhammetkocaman/MuhasebeStokWebApp/MuhasebeStokWebApp.csproj]
/Users/muhammetkocaman/MuhasebeStokWebApp/Data/Entities/ParaBirimiModulu/ParaBirimiIliski.cs(74,23): warning CS8618: Non-nullable property 'SonGuncelleyenKullaniciID' must contain a non-null value when exiting constructor. Consider adding the 'required' modifier or declaring the property as nullable. [/Users/muhammetkocaman/MuhasebeStokWebApp/MuhasebeStokWebApp.csproj]
/Users/muhammetkocaman/MuhasebeStokWebApp/Data/Entities/BankaHareket.cs(28,23): warning CS8618: Non-nullable property 'HareketTuru' must contain a non-null value when exiting constructor. Consider adding the 'required' modifier or declaring the property as nullable. [/Users/muhammetkocaman/MuhasebeStokWebApp/MuhasebeStokWebApp.csproj]
/Users/muhammetkocaman/MuhasebeStokWebApp/Data/Entities/BankaHareket.cs(34,23): warning CS8618: Non-nullable property 'ReferansNo' must contain a non-null value when exiting constructor. Consider adding the 'required' modifier or declaring the property as nullable. [/Users/muhammetkocaman/MuhasebeStokWebApp/MuhasebeStokWebApp.csproj]
/Users/muhammetkocaman/MuhasebeStokWebApp/Data/Entities/BankaHareket.cs(37,23): warning CS8618: Non-nullable property 'ReferansTuru' must contain a non-null value when exiting constructor. Consider adding the 'required' modifier or declaring the property as nullable. [/Users/muhammetkocaman/MuhasebeStokWebApp/MuhasebeStokWebApp.csproj]
/Users/muhammetkocaman/MuhasebeStokWebApp/Data/Entities/BankaHareket.cs(42,23): warning CS8618: Non-nullable property 'Aciklama' must contain a non-null value when exiting constructor. Consider adding the 'required' modifier or declaring the property as nullable. [/Users/muhammetkocaman/MuhasebeStokWebApp/MuhasebeStokWebApp.csproj]
/Users/muhammetkocaman/MuhasebeStokWebApp/Data/Entities/BankaHareket.cs(45,23): warning CS8618: Non-nullable property 'DekontNo' must contain a non-null value when exiting constructor. Consider adding the 'required' modifier or declaring the property as nullable. [/Users/muhammetkocaman/MuhasebeStokWebApp/MuhasebeStokWebApp.csproj]
/Users/muhammetkocaman/MuhasebeStokWebApp/Data/Entities/BankaHareket.cs(59,23): warning CS8618: Non-nullable property 'KarsiUnvan' must contain a non-null value when exiting constructor. Consider adding the 'required' modifier or declaring the property as nullable. [/Users/muhammetkocaman/MuhasebeStokWebApp/MuhasebeStokWebApp.csproj]
/Users/muhammetkocaman/MuhasebeStokWebApp/Data/Entities/BankaHareket.cs(62,23): warning CS8618: Non-nullable property 'KarsiBankaAdi' must contain a non-null value when exiting constructor. Consider adding the 'required' modifier or declaring the property as nullable. [/Users/muhammetkocaman/MuhasebeStokWebApp/MuhasebeStokWebApp.csproj]
/Users/muhammetkocaman/MuhasebeStokWebApp/Data/Entities/BankaHareket.cs(65,23): warning CS8618: Non-nullable property 'KarsiIBAN' must contain a non-null value when exiting constructor. Consider adding the 'required' modifier or declaring the property as nullable. [/Users/muhammetkocaman/MuhasebeStokWebApp/MuhasebeStokWebApp.csproj]
/Users/muhammetkocaman/MuhasebeStokWebApp/Data/Entities/BankaHareket.cs(69,30): warning CS8618: Non-nullable property 'Banka' must contain a non-null value when exiting constructor. Consider adding the 'required' modifier or declaring the property as nullable. [/Users/muhammetkocaman/MuhasebeStokWebApp/MuhasebeStokWebApp.csproj]
/Users/muhammetkocaman/MuhasebeStokWebApp/Data/Entities/BankaHareket.cs(72,29): warning CS8618: Non-nullable property 'KaynakKasa' must contain a non-null value when exiting constructor. Consider adding the 'required' modifier or declaring the property as nullable. [/Users/muhammetkocaman/MuhasebeStokWebApp/MuhasebeStokWebApp.csproj]
/Users/muhammetkocaman/MuhasebeStokWebApp/Data/Entities/BankaHareket.cs(75,29): warning CS8618: Non-nullable property 'HedefKasa' must contain a non-null value when exiting constructor. Consider adding the 'required' modifier or declaring the property as nullable. [/Users/muhammetkocaman/MuhasebeStokWebApp/MuhasebeStokWebApp.csproj]
/Users/muhammetkocaman/MuhasebeStokWebApp/Data/Entities/BankaHareket.cs(78,29): warning CS8618: Non-nullable property 'Cari' must contain a non-null value when exiting constructor. Consider adding the 'required' modifier or declaring the property as nullable. [/Users/muhammetkocaman/MuhasebeStokWebApp/MuhasebeStokWebApp.csproj]
/Users/muhammetkocaman/MuhasebeStokWebApp/Data/Entities/BankaHesapHareket.cs(36,23): warning CS8618: Non-nullable property 'HareketTuru' must contain a non-null value when exiting constructor. Consider adding the 'required' modifier or declaring the property as nullable. [/Users/muhammetkocaman/MuhasebeStokWebApp/MuhasebeStokWebApp.csproj]
/Users/muhammetkocaman/MuhasebeStokWebApp/Data/Entities/BankaHesapHareket.cs(42,23): warning CS8618: Non-nullable property 'ReferansNo' must contain a non-null value when exiting constructor. Consider adding the 'required' modifier or declaring the property as nullable. [/Users/muhammetkocaman/MuhasebeStokWebApp/MuhasebeStokWebApp.csproj]
/Users/muhammetkocaman/MuhasebeStokWebApp/Data/Entities/BankaHesapHareket.cs(45,23): warning CS8618: Non-nullable property 'ReferansTuru' must contain a non-null value when exiting constructor. Consider adding the 'required' modifier or declaring the property as nullable. [/Users/muhammetkocaman/MuhasebeStokWebApp/MuhasebeStokWebApp.csproj]
/Users/muhammetkocaman/MuhasebeStokWebApp/Data/Entities/BankaHesapHareket.cs(50,23): warning CS8618: Non-nullable property 'Aciklama' must contain a non-null value when exiting constructor. Consider adding the 'required' modifier or declaring the property as nullable. [/Users/muhammetkocaman/MuhasebeStokWebApp/MuhasebeStokWebApp.csproj]
/Users/muhammetkocaman/MuhasebeStokWebApp/Data/Entities/BankaHesapHareket.cs(53,23): warning CS8618: Non-nullable property 'DekontNo' must contain a non-null value when exiting constructor. Consider adding the 'required' modifier or declaring the property as nullable. [/Users/muhammetkocaman/MuhasebeStokWebApp/MuhasebeStokWebApp.csproj]
/Users/muhammetkocaman/MuhasebeStokWebApp/Data/Entities/BankaHesapHareket.cs(80,35): warning CS8618: Non-nullable property 'BankaHesap' must contain a non-null value when exiting constructor. Consider adding the 'required' modifier or declaring the property as nullable. [/Users/muhammetkocaman/MuhasebeStokWebApp/MuhasebeStokWebApp.csproj]
/Users/muhammetkocaman/MuhasebeStokWebApp/Data/Entities/BankaHesapHareket.cs(83,30): warning CS8618: Non-nullable property 'Banka' must contain a non-null value when exiting constructor. Consider adding the 'required' modifier or declaring the property as nullable. [/Users/muhammetkocaman/MuhasebeStokWebApp/MuhasebeStokWebApp.csproj]
/Users/muhammetkocaman/MuhasebeStokWebApp/Data/Entities/BankaHesapHareket.cs(86,29): warning CS8618: Non-nullable property 'Cari' must contain a non-null value when exiting constructor. Consider adding the 'required' modifier or declaring the property as nullable. [/Users/muhammetkocaman/MuhasebeStokWebApp/MuhasebeStokWebApp.csproj]
/Users/muhammetkocaman/MuhasebeStokWebApp/Data/Entities/BankaHesapHareket.cs(89,29): warning CS8618: Non-nullable property 'KaynakKasa' must contain a non-null value when exiting constructor. Consider adding the 'required' modifier or declaring the property as nullable. [/Users/muhammetkocaman/MuhasebeStokWebApp/MuhasebeStokWebApp.csproj]
/Users/muhammetkocaman/MuhasebeStokWebApp/Data/Entities/BankaHesapHareket.cs(92,29): warning CS8618: Non-nullable property 'HedefKasa' must contain a non-null value when exiting constructor. Consider adding the 'required' modifier or declaring the property as nullable. [/Users/muhammetkocaman/MuhasebeStokWebApp/MuhasebeStokWebApp.csproj]
/Users/muhammetkocaman/MuhasebeStokWebApp/Data/Repositories/Repository.cs(74,20): warning CS8603: Possible null reference return. [/Users/muhammetkocaman/MuhasebeStokWebApp/MuhasebeStokWebApp.csproj]
/Users/muhammetkocaman/MuhasebeStokWebApp/Data/Repositories/Repository.cs(97,20): warning CS8603: Possible null reference return. [/Users/muhammetkocaman/MuhasebeStokWebApp/MuhasebeStokWebApp.csproj]
/Users/muhammetkocaman/MuhasebeStokWebApp/Data/Repositories/Repository.cs(102,20): warning CS8603: Possible null reference return. [/Users/muhammetkocaman/MuhasebeStokWebApp/MuhasebeStokWebApp.csproj]
/Users/muhammetkocaman/MuhasebeStokWebApp/Controllers/DepoController.cs(120,33): warning CS8601: Possible null reference assignment. [/Users/muhammetkocaman/MuhasebeStokWebApp/MuhasebeStokWebApp.csproj]
/Users/muhammetkocaman/MuhasebeStokWebApp/Controllers/BaseController.cs(87,52): warning CS8600: Converting null literal or possible null value to non-nullable type. [/Users/muhammetkocaman/MuhasebeStokWebApp/MuhasebeStokWebApp.csproj]
/Users/muhammetkocaman/MuhasebeStokWebApp/Controllers/BaseController.cs(88,48): warning CS8600: Converting null literal or possible null value to non-nullable type. [/Users/muhammetkocaman/MuhasebeStokWebApp/MuhasebeStokWebApp.csproj]
/Users/muhammetkocaman/MuhasebeStokWebApp/Data/Entities/CariHareket.cs(13,16): warning CS8618: Non-nullable property 'ReferansNo' must contain a non-null value when exiting constructor. Consider adding the 'required' modifier or declaring the property as nullable. [/Users/muhammetkocaman/MuhasebeStokWebApp/MuhasebeStokWebApp.csproj]
/Users/muhammetkocaman/MuhasebeStokWebApp/Data/Entities/CariHareket.cs(13,16): warning CS8618: Non-nullable property 'ReferansTuru' must contain a non-null value when exiting constructor. Consider adding the 'required' modifier or declaring the property as nullable. [/Users/muhammetkocaman/MuhasebeStokWebApp/MuhasebeStokWebApp.csproj]
/Users/muhammetkocaman/MuhasebeStokWebApp/Data/Entities/CariHareket.cs(13,16): warning CS8618: Non-nullable property 'Aciklama' must contain a non-null value when exiting constructor. Consider adding the 'required' modifier or declaring the property as nullable. [/Users/muhammetkocaman/MuhasebeStokWebApp/MuhasebeStokWebApp.csproj]
/Users/muhammetkocaman/MuhasebeStokWebApp/Data/Entities/Depo.cs(34,16): warning CS8618: Non-nullable property 'DepoAdi' must contain a non-null value when exiting constructor. Consider adding the 'required' modifier or declaring the property as nullable. [/Users/muhammetkocaman/MuhasebeStokWebApp/MuhasebeStokWebApp.csproj]
/Users/muhammetkocaman/MuhasebeStokWebApp/Data/Entities/Depo.cs(34,16): warning CS8618: Non-nullable property 'Adres' must contain a non-null value when exiting constructor. Consider adding the 'required' modifier or declaring the property as nullable. [/Users/muhammetkocaman/MuhasebeStokWebApp/MuhasebeStokWebApp.csproj]
/Users/muhammetkocaman/MuhasebeStokWebApp/Controllers/DepoController.cs(202,34): warning CS8601: Possible null reference assignment. [/Users/muhammetkocaman/MuhasebeStokWebApp/MuhasebeStokWebApp.csproj]
/Users/muhammetkocaman/MuhasebeStokWebApp/Views/Shared/_Layout.cshtml(336,56): warning CS8602: Dereference of a possibly null reference. [/Users/muhammetkocaman/MuhasebeStokWebApp/MuhasebeStokWebApp.csproj]
/Users/muhammetkocaman/MuhasebeStokWebApp/Views/Shared/_Layout.cshtml(605,56): warning CS8602: Dereference of a possibly null reference. [/Users/muhammetkocaman/MuhasebeStokWebApp/MuhasebeStokWebApp.csproj]
/Users/muhammetkocaman/MuhasebeStokWebApp/Views/Shared/_Layout.cshtml(614,52): warning CS8602: Dereference of a possibly null reference. [/Users/muhammetkocaman/MuhasebeStokWebApp/MuhasebeStokWebApp.csproj]
/Users/muhammetkocaman/MuhasebeStokWebApp/Views/Shared/_Layout.cshtml(623,53): warning CS8602: Dereference of a possibly null reference. [/Users/muhammetkocaman/MuhasebeStokWebApp/MuhasebeStokWebApp.csproj]
/Users/muhammetkocaman/MuhasebeStokWebApp/Views/Shared/_Layout.cshtml(632,53): warning CS8602: Dereference of a possibly null reference. [/Users/muhammetkocaman/MuhasebeStokWebApp/MuhasebeStokWebApp.csproj]
/Users/muhammetkocaman/MuhasebeStokWebApp/Controllers/BirimController.cs(141,32): warning CS8601: Possible null reference assignment. [/Users/muhammetkocaman/MuhasebeStokWebApp/MuhasebeStokWebApp.csproj]
/Users/muhammetkocaman/MuhasebeStokWebApp/ViewModels/Stok/StokViewModels.cs(521,23): warning CS8618: Non-nullable property 'UrunKodu' must contain a non-null value when exiting constructor. Consider adding the 'required' modifier or declaring the property as nullable. [/Users/muhammetkocaman/MuhasebeStokWebApp/MuhasebeStokWebApp.csproj]
/Users/muhammetkocaman/MuhasebeStokWebApp/ViewModels/Stok/StokViewModels.cs(522,23): warning CS8618: Non-nullable property 'UrunAdi' must contain a non-null value when exiting constructor. Consider adding the 'required' modifier or declaring the property as nullable. [/Users/muhammetkocaman/MuhasebeStokWebApp/MuhasebeStokWebApp.csproj]
/Users/muhammetkocaman/MuhasebeStokWebApp/ViewModels/Stok/StokViewModels.cs(523,23): warning CS8618: Non-nullable property 'Kategori' must contain a non-null value when exiting constructor. Consider adding the 'required' modifier or declaring the property as nullable. [/Users/muhammetkocaman/MuhasebeStokWebApp/MuhasebeStokWebApp.csproj]
/Users/muhammetkocaman/MuhasebeStokWebApp/ViewModels/Stok/StokViewModels.cs(524,23): warning CS8618: Non-nullable property 'Birim' must contain a non-null value when exiting constructor. Consider adding the 'required' modifier or declaring the property as nullable. [/Users/muhammetkocaman/MuhasebeStokWebApp/MuhasebeStokWebApp.csproj]
/Users/muhammetkocaman/MuhasebeStokWebApp/Data/Repositories/Repository.cs(126,38): warning CS8600: Converting null literal or possible null value to non-nullable type. [/Users/muhammetkocaman/MuhasebeStokWebApp/MuhasebeStokWebApp.csproj]
/Users/muhammetkocaman/MuhasebeStokWebApp/ViewModels/Stok/StokViewModels.cs(509,23): warning CS8618: Non-nullable property 'UrunKodu' must contain a non-null value when exiting constructor. Consider adding the 'required' modifier or declaring the property as nullable. [/Users/muhammetkocaman/MuhasebeStokWebApp/MuhasebeStokWebApp.csproj]
/Users/muhammetkocaman/MuhasebeStokWebApp/ViewModels/Stok/StokViewModels.cs(510,23): warning CS8618: Non-nullable property 'UrunAdi' must contain a non-null value when exiting constructor. Consider adding the 'required' modifier or declaring the property as nullable. [/Users/muhammetkocaman/MuhasebeStokWebApp/MuhasebeStokWebApp.csproj]
/Users/muhammetkocaman/MuhasebeStokWebApp/ViewModels/Stok/StokViewModels.cs(511,23): warning CS8618: Non-nullable property 'Birim' must contain a non-null value when exiting constructor. Consider adding the 'required' modifier or declaring the property as nullable. [/Users/muhammetkocaman/MuhasebeStokWebApp/MuhasebeStokWebApp.csproj]
/Users/muhammetkocaman/MuhasebeStokWebApp/ViewModels/Stok/StokViewModels.cs(490,23): warning CS8618: Non-nullable property 'SayimNotu' must contain a non-null value when exiting constructor. Consider adding the 'required' modifier or declaring the property as nullable. [/Users/muhammetkocaman/MuhasebeStokWebApp/MuhasebeStokWebApp.csproj]
/Users/muhammetkocaman/MuhasebeStokWebApp/ViewModels/Stok/StokViewModels.cs(493,23): warning CS8618: Non-nullable property 'ReferansNo' must contain a non-null value when exiting constructor. Consider adding the 'required' modifier or declaring the property as nullable. [/Users/muhammetkocaman/MuhasebeStokWebApp/MuhasebeStokWebApp.csproj]
/Users/muhammetkocaman/MuhasebeStokWebApp/ViewModels/Stok/StokViewModels.cs(496,23): warning CS8618: Non-nullable property 'Aciklama' must contain a non-null value when exiting constructor. Consider adding the 'required' modifier or declaring the property as nullable. [/Users/muhammetkocaman/MuhasebeStokWebApp/MuhasebeStokWebApp.csproj]
/Users/muhammetkocaman/MuhasebeStokWebApp/ViewModels/Stok/StokViewModels.cs(501,29): warning CS8618: Non-nullable property 'ParaBirimleri' must contain a non-null value when exiting constructor. Consider adding the 'required' modifier or declaring the property as nullable. [/Users/muhammetkocaman/MuhasebeStokWebApp/MuhasebeStokWebApp.csproj]
/Users/muhammetkocaman/MuhasebeStokWebApp/Controllers/UrunFiyatController.cs(67,32): warning CS8602: Dereference of a possibly null reference. [/Users/muhammetkocaman/MuhasebeStokWebApp/MuhasebeStokWebApp.csproj]
/Users/muhammetkocaman/MuhasebeStokWebApp/Controllers/UrunFiyatController.cs(72,36): warning CS8601: Possible null reference assignment. [/Users/muhammetkocaman/MuhasebeStokWebApp/MuhasebeStokWebApp.csproj]
/Users/muhammetkocaman/MuhasebeStokWebApp/Controllers/UrunFiyatController.cs(90,32): warning CS8601: Possible null reference assignment. [/Users/muhammetkocaman/MuhasebeStokWebApp/MuhasebeStokWebApp.csproj]
/Users/muhammetkocaman/MuhasebeStokWebApp/Controllers/UrunFiyatController.cs(91,31): warning CS8601: Possible null reference assignment. [/Users/muhammetkocaman/MuhasebeStokWebApp/MuhasebeStokWebApp.csproj]
/Users/muhammetkocaman/MuhasebeStokWebApp/Controllers/UrunFiyatController.cs(95,36): warning CS8601: Possible null reference assignment. [/Users/muhammetkocaman/MuhasebeStokWebApp/MuhasebeStokWebApp.csproj]
/Users/muhammetkocaman/MuhasebeStokWebApp/Data/Entities/DovizModulu/DovizIliski.cs(55,23): warning CS8618: Non-nullable property 'OlusturanKullaniciID' must contain a non-null value when exiting constructor. Consider adding the 'required' modifier or declaring the property as nullable. [/Users/muhammetkocaman/MuhasebeStokWebApp/MuhasebeStokWebApp.csproj]
/Users/muhammetkocaman/MuhasebeStokWebApp/Data/Entities/DovizModulu/DovizIliski.cs(60,23): warning CS8618: Non-nullable property 'SonGuncelleyenKullaniciID' must contain a non-null value when exiting constructor. Consider adding the 'required' modifier or declaring the property as nullable. [/Users/muhammetkocaman/MuhasebeStokWebApp/MuhasebeStokWebApp.csproj]
/Users/muhammetkocaman/MuhasebeStokWebApp/Controllers/UrunFiyatController.cs(197,28): warning CS8601: Possible null reference assignment. [/Users/muhammetkocaman/MuhasebeStokWebApp/MuhasebeStokWebApp.csproj]
/Users/muhammetkocaman/MuhasebeStokWebApp/Controllers/UrunFiyatController.cs(198,27): warning CS8601: Possible null reference assignment. [/Users/muhammetkocaman/MuhasebeStokWebApp/MuhasebeStokWebApp.csproj]
/Users/muhammetkocaman/MuhasebeStokWebApp/Controllers/UrunFiyatController.cs(202,32): warning CS8601: Possible null reference assignment. [/Users/muhammetkocaman/MuhasebeStokWebApp/MuhasebeStokWebApp.csproj]
/Users/muhammetkocaman/MuhasebeStokWebApp/Data/Entities/OdemeTuru.cs(19,16): warning CS8618: Non-nullable property 'OdemeTuruAdi' must contain a non-null value when exiting constructor. Consider adding the 'required' modifier or declaring the property as nullable. [/Users/muhammetkocaman/MuhasebeStokWebApp/MuhasebeStokWebApp.csproj]
/Users/muhammetkocaman/MuhasebeStokWebApp/ViewModels/Stok/StokViewModels.cs(463,23): warning CS8618: Non-nullable property 'Birim' must contain a non-null value when exiting constructor. Consider adding the 'required' modifier or declaring the property as nullable. [/Users/muhammetkocaman/MuhasebeStokWebApp/MuhasebeStokWebApp.csproj]
/Users/muhammetkocaman/MuhasebeStokWebApp/ViewModels/Stok/StokViewModels.cs(471,23): warning CS8618: Non-nullable property 'ReferansNo' must contain a non-null value when exiting constructor. Consider adding the 'required' modifier or declaring the property as nullable. [/Users/muhammetkocaman/MuhasebeStokWebApp/MuhasebeStokWebApp.csproj]
/Users/muhammetkocaman/MuhasebeStokWebApp/ViewModels/Stok/StokViewModels.cs(474,23): warning CS8618: Non-nullable property 'Aciklama' must contain a non-null value when exiting constructor. Consider adding the 'required' modifier or declaring the property as nullable. [/Users/muhammetkocaman/MuhasebeStokWebApp/MuhasebeStokWebApp.csproj]
/Users/muhammetkocaman/MuhasebeStokWebApp/ViewModels/Stok/StokViewModels.cs(421,23): warning CS8618: Non-nullable property 'Birim' must contain a non-null value when exiting constructor. Consider adding the 'required' modifier or declaring the property as nullable. [/Users/muhammetkocaman/MuhasebeStokWebApp/MuhasebeStokWebApp.csproj]
/Users/muhammetkocaman/MuhasebeStokWebApp/ViewModels/Stok/StokViewModels.cs(429,23): warning CS8618: Non-nullable property 'ReferansNo' must contain a non-null value when exiting constructor. Consider adding the 'required' modifier or declaring the property as nullable. [/Users/muhammetkocaman/MuhasebeStokWebApp/MuhasebeStokWebApp.csproj]
/Users/muhammetkocaman/MuhasebeStokWebApp/ViewModels/Stok/StokViewModels.cs(432,23): warning CS8618: Non-nullable property 'ReferansTuru' must contain a non-null value when exiting constructor. Consider adding the 'required' modifier or declaring the property as nullable. [/Users/muhammetkocaman/MuhasebeStokWebApp/MuhasebeStokWebApp.csproj]
/Users/muhammetkocaman/MuhasebeStokWebApp/ViewModels/Stok/StokViewModels.cs(435,23): warning CS8618: Non-nullable property 'Aciklama' must contain a non-null value when exiting constructor. Consider adding the 'required' modifier or declaring the property as nullable. [/Users/muhammetkocaman/MuhasebeStokWebApp/MuhasebeStokWebApp.csproj]
/Users/muhammetkocaman/MuhasebeStokWebApp/Data/Entities/BankaHesap.cs(69,16): warning CS8618: Non-nullable property 'HesapAdi' must contain a non-null value when exiting constructor. Consider adding the 'required' modifier or declaring the property as nullable. [/Users/muhammetkocaman/MuhasebeStokWebApp/MuhasebeStokWebApp.csproj]
/Users/muhammetkocaman/MuhasebeStokWebApp/Data/Entities/BankaHesap.cs(69,16): warning CS8618: Non-nullable property 'HesapNo' must contain a non-null value when exiting constructor. Consider adding the 'required' modifier or declaring the property as nullable. [/Users/muhammetkocaman/MuhasebeStokWebApp/MuhasebeStokWebApp.csproj]
/Users/muhammetkocaman/MuhasebeStokWebApp/Data/Entities/BankaHesap.cs(69,16): warning CS8618: Non-nullable property 'IBAN' must contain a non-null value when exiting constructor. Consider adding the 'required' modifier or declaring the property as nullable. [/Users/muhammetkocaman/MuhasebeStokWebApp/MuhasebeStokWebApp.csproj]
/Users/muhammetkocaman/MuhasebeStokWebApp/Data/Entities/BankaHesap.cs(69,16): warning CS8618: Non-nullable property 'SubeAdi' must contain a non-null value when exiting constructor. Consider adding the 'required' modifier or declaring the property as nullable. [/Users/muhammetkocaman/MuhasebeStokWebApp/MuhasebeStokWebApp.csproj]
/Users/muhammetkocaman/MuhasebeStokWebApp/Data/Entities/BankaHesap.cs(69,16): warning CS8618: Non-nullable property 'SubeKodu' must contain a non-null value when exiting constructor. Consider adding the 'required' modifier or declaring the property as nullable. [/Users/muhammetkocaman/MuhasebeStokWebApp/MuhasebeStokWebApp.csproj]
/Users/muhammetkocaman/MuhasebeStokWebApp/Data/Entities/BankaHesap.cs(69,16): warning CS8618: Non-nullable property 'Aciklama' must contain a non-null value when exiting constructor. Consider adding the 'required' modifier or declaring the property as nullable. [/Users/muhammetkocaman/MuhasebeStokWebApp/MuhasebeStokWebApp.csproj]
/Users/muhammetkocaman/MuhasebeStokWebApp/Data/Entities/BankaHesap.cs(69,16): warning CS8618: Non-nullable property 'Banka' must contain a non-null value when exiting constructor. Consider adding the 'required' modifier or declaring the property as nullable. [/Users/muhammetkocaman/MuhasebeStokWebApp/MuhasebeStokWebApp.csproj]
/Users/muhammetkocaman/MuhasebeStokWebApp/ViewModels/Stok/StokViewModels.cs(373,23): warning CS8618: Non-nullable property 'Birim' must contain a non-null value when exiting constructor. Consider adding the 'required' modifier or declaring the property as nullable. [/Users/muhammetkocaman/MuhasebeStokWebApp/MuhasebeStokWebApp.csproj]
/Users/muhammetkocaman/MuhasebeStokWebApp/ViewModels/Stok/StokViewModels.cs(386,23): warning CS8618: Non-nullable property 'ReferansNo' must contain a non-null value when exiting constructor. Consider adding the 'required' modifier or declaring the property as nullable. [/Users/muhammetkocaman/MuhasebeStokWebApp/MuhasebeStokWebApp.csproj]
/Users/muhammetkocaman/MuhasebeStokWebApp/ViewModels/Stok/StokViewModels.cs(389,23): warning CS8618: Non-nullable property 'ReferansTuru' must contain a non-null value when exiting constructor. Consider adding the 'required' modifier or declaring the property as nullable. [/Users/muhammetkocaman/MuhasebeStokWebApp/MuhasebeStokWebApp.csproj]
/Users/muhammetkocaman/MuhasebeStokWebApp/ViewModels/Stok/StokViewModels.cs(392,23): warning CS8618: Non-nullable property 'Aciklama' must contain a non-null value when exiting constructor. Consider adding the 'required' modifier or declaring the property as nullable. [/Users/muhammetkocaman/MuhasebeStokWebApp/MuhasebeStokWebApp.csproj]
/Users/muhammetkocaman/MuhasebeStokWebApp/ViewModels/Stok/StokViewModels.cs(400,29): warning CS8618: Non-nullable property 'ParaBirimleri' must contain a non-null value when exiting constructor. Consider adding the 'required' modifier or declaring the property as nullable. [/Users/muhammetkocaman/MuhasebeStokWebApp/MuhasebeStokWebApp.csproj]
/Users/muhammetkocaman/MuhasebeStokWebApp/ViewModels/Stok/StokViewModels.cs(288,23): warning CS8618: Non-nullable property 'UrunKodu' must contain a non-null value when exiting constructor. Consider adding the 'required' modifier or declaring the property as nullable. [/Users/muhammetkocaman/MuhasebeStokWebApp/MuhasebeStokWebApp.csproj]
/Users/muhammetkocaman/MuhasebeStokWebApp/ViewModels/Stok/StokViewModels.cs(291,23): warning CS8618: Non-nullable property 'UrunAdi' must contain a non-null value when exiting constructor. Consider adding the 'required' modifier or declaring the property as nullable. [/Users/muhammetkocaman/MuhasebeStokWebApp/MuhasebeStokWebApp.csproj]
/Users/muhammetkocaman/MuhasebeStokWebApp/ViewModels/Stok/StokViewModels.cs(314,23): warning CS8618: Non-nullable property 'Birim' must contain a non-null value when exiting constructor. Consider adding the 'required' modifier or declaring the property as nullable. [/Users/muhammetkocaman/MuhasebeStokWebApp/MuhasebeStokWebApp.csproj]
/Users/muhammetkocaman/MuhasebeStokWebApp/ViewModels/Stok/StokViewModels.cs(317,23): warning CS8618: Non-nullable property 'ParaBirimi' must contain a non-null value when exiting constructor. Consider adding the 'required' modifier or declaring the property as nullable. [/Users/muhammetkocaman/MuhasebeStokWebApp/MuhasebeStokWebApp.csproj]
/Users/muhammetkocaman/MuhasebeStokWebApp/ViewModels/Stok/StokViewModels.cs(333,23): warning CS8618: Non-nullable property 'ReferansNo' must contain a non-null value when exiting constructor. Consider adding the 'required' modifier or declaring the property as nullable. [/Users/muhammetkocaman/MuhasebeStokWebApp/MuhasebeStokWebApp.csproj]
/Users/muhammetkocaman/MuhasebeStokWebApp/ViewModels/Stok/StokViewModels.cs(336,23): warning CS8618: Non-nullable property 'ReferansTuru' must contain a non-null value when exiting constructor. Consider adding the 'required' modifier or declaring the property as nullable. [/Users/muhammetkocaman/MuhasebeStokWebApp/MuhasebeStokWebApp.csproj]
/Users/muhammetkocaman/MuhasebeStokWebApp/ViewModels/Stok/StokViewModels.cs(339,23): warning CS8618: Non-nullable property 'Aciklama' must contain a non-null value when exiting constructor. Consider adding the 'required' modifier or declaring the property as nullable. [/Users/muhammetkocaman/MuhasebeStokWebApp/MuhasebeStokWebApp.csproj]
/Users/muhammetkocaman/MuhasebeStokWebApp/ViewModels/Stok/StokViewModels.cs(352,23): warning CS8618: Non-nullable property 'IptalAciklama' must contain a non-null value when exiting constructor. Consider adding the 'required' modifier or declaring the property as nullable. [/Users/muhammetkocaman/MuhasebeStokWebApp/MuhasebeStokWebApp.csproj]
/Users/muhammetkocaman/MuhasebeStokWebApp/ViewModels/Stok/StokViewModels.cs(257,23): warning CS8618: Non-nullable property 'ParaBirimi' must contain a non-null value when exiting constructor. Consider adding the 'required' modifier or declaring the property as nullable. [/Users/muhammetkocaman/MuhasebeStokWebApp/MuhasebeStokWebApp.csproj]
/Users/muhammetkocaman/MuhasebeStokWebApp/ViewModels/Stok/StokViewModels.cs(264,23): warning CS8618: Non-nullable property 'ReferansNo' must contain a non-null value when exiting constructor. Consider adding the 'required' modifier or declaring the property as nullable. [/Users/muhammetkocaman/MuhasebeStokWebApp/MuhasebeStokWebApp.csproj]
/Users/muhammetkocaman/MuhasebeStokWebApp/ViewModels/Stok/StokViewModels.cs(267,23): warning CS8618: Non-nullable property 'ReferansTuru' must contain a non-null value when exiting constructor. Consider adding the 'required' modifier or declaring the property as nullable. [/Users/muhammetkocaman/MuhasebeStokWebApp/MuhasebeStokWebApp.csproj]
/Users/muhammetkocaman/MuhasebeStokWebApp/ViewModels/Stok/StokViewModels.cs(270,23): warning CS8618: Non-nullable property 'Aciklama' must contain a non-null value when exiting constructor. Consider adding the 'required' modifier or declaring the property as nullable. [/Users/muhammetkocaman/MuhasebeStokWebApp/MuhasebeStokWebApp.csproj]
/Users/muhammetkocaman/MuhasebeStokWebApp/ViewModels/Stok/StokViewModels.cs(183,23): warning CS8618: Non-nullable property 'UrunKodu' must contain a non-null value when exiting constructor. Consider adding the 'required' modifier or declaring the property as nullable. [/Users/muhammetkocaman/MuhasebeStokWebApp/MuhasebeStokWebApp.csproj]
/Users/muhammetkocaman/MuhasebeStokWebApp/ViewModels/Stok/StokViewModels.cs(186,23): warning CS8618: Non-nullable property 'UrunAdi' must contain a non-null value when exiting constructor. Consider adding the 'required' modifier or declaring the property as nullable. [/Users/muhammetkocaman/MuhasebeStokWebApp/MuhasebeStokWebApp.csproj]
/Users/muhammetkocaman/MuhasebeStokWebApp/ViewModels/Stok/StokViewModels.cs(189,23): warning CS8618: Non-nullable property 'DepoAdi' must contain a non-null value when exiting constructor. Consider adding the 'required' modifier or declaring the property as nullable. [/Users/muhammetkocaman/MuhasebeStokWebApp/MuhasebeStokWebApp.csproj]
/Users/muhammetkocaman/MuhasebeStokWebApp/ViewModels/Stok/StokViewModels.cs(203,23): warning CS8618: Non-nullable property 'Birim' must contain a non-null value when exiting constructor. Consider adding the 'required' modifier or declaring the property as nullable. [/Users/muhammetkocaman/MuhasebeStokWebApp/MuhasebeStokWebApp.csproj]
/Users/muhammetkocaman/MuhasebeStokWebApp/ViewModels/Stok/StokViewModels.cs(210,23): warning CS8618: Non-nullable property 'ParaBirimi' must contain a non-null value when exiting constructor. Consider adding the 'required' modifier or declaring the property as nullable. [/Users/muhammetkocaman/MuhasebeStokWebApp/MuhasebeStokWebApp.csproj]
/Users/muhammetkocaman/MuhasebeStokWebApp/ViewModels/Stok/StokViewModels.cs(213,23): warning CS8618: Non-nullable property 'ReferansNo' must contain a non-null value when exiting constructor. Consider adding the 'required' modifier or declaring the property as nullable. [/Users/muhammetkocaman/MuhasebeStokWebApp/MuhasebeStokWebApp.csproj]
/Users/muhammetkocaman/MuhasebeStokWebApp/ViewModels/Stok/StokViewModels.cs(216,23): warning CS8618: Non-nullable property 'ReferansTuru' must contain a non-null value when exiting constructor. Consider adding the 'required' modifier or declaring the property as nullable. [/Users/muhammetkocaman/MuhasebeStokWebApp/MuhasebeStokWebApp.csproj]
/Users/muhammetkocaman/MuhasebeStokWebApp/ViewModels/Stok/StokViewModels.cs(219,23): warning CS8618: Non-nullable property 'Aciklama' must contain a non-null value when exiting constructor. Consider adding the 'required' modifier or declaring the property as nullable. [/Users/muhammetkocaman/MuhasebeStokWebApp/MuhasebeStokWebApp.csproj]
/Users/muhammetkocaman/MuhasebeStokWebApp/Data/Repositories/IrsaliyeDetayRepository.cs(20,20): warning CS8603: Possible null reference return. [/Users/muhammetkocaman/MuhasebeStokWebApp/MuhasebeStokWebApp.csproj]
/Users/muhammetkocaman/MuhasebeStokWebApp/Controllers/UrunFiyatController.cs(297,28): warning CS8601: Possible null reference assignment. [/Users/muhammetkocaman/MuhasebeStokWebApp/MuhasebeStokWebApp.csproj]
/Users/muhammetkocaman/MuhasebeStokWebApp/Controllers/UrunFiyatController.cs(298,27): warning CS8601: Possible null reference assignment. [/Users/muhammetkocaman/MuhasebeStokWebApp/MuhasebeStokWebApp.csproj]
/Users/muhammetkocaman/MuhasebeStokWebApp/Controllers/UrunFiyatController.cs(302,32): warning CS8601: Possible null reference assignment. [/Users/muhammetkocaman/MuhasebeStokWebApp/MuhasebeStokWebApp.csproj]
/Users/muhammetkocaman/MuhasebeStokWebApp/ViewModels/Stok/StokViewModels.cs(169,23): warning CS8618: Non-nullable property 'ParaBirimi' must contain a non-null value when exiting constructor. Consider adding the 'required' modifier or declaring the property as nullable. [/Users/muhammetkocaman/MuhasebeStokWebApp/MuhasebeStokWebApp.csproj]
/Users/muhammetkocaman/MuhasebeStokWebApp/ViewModels/Stok/StokViewModels.cs(170,23): warning CS8618: Non-nullable property 'ParaBirimiSembol' must contain a non-null value when exiting constructor. Consider adding the 'required' modifier or declaring the property as nullable. [/Users/muhammetkocaman/MuhasebeStokWebApp/MuhasebeStokWebApp.csproj]
/Users/muhammetkocaman/MuhasebeStokWebApp/ViewModels/Stok/StokViewModels.cs(171,23): warning CS8618: Non-nullable property 'ReferansNo' must contain a non-null value when exiting constructor. Consider adding the 'required' modifier or declaring the property as nullable. [/Users/muhammetkocaman/MuhasebeStokWebApp/MuhasebeStokWebApp.csproj]
/Users/muhammetkocaman/MuhasebeStokWebApp/ViewModels/Stok/StokViewModels.cs(172,23): warning CS8618: Non-nullable property 'ReferansTuru' must contain a non-null value when exiting constructor. Consider adding the 'required' modifier or declaring the property as nullable. [/Users/muhammetkocaman/MuhasebeStokWebApp/MuhasebeStokWebApp.csproj]
/Users/muhammetkocaman/MuhasebeStokWebApp/ViewModels/Stok/StokViewModels.cs(147,23): warning CS8618: Non-nullable property 'DepoAdi' must contain a non-null value when exiting constructor. Consider adding the 'required' modifier or declaring the property as nullable. [/Users/muhammetkocaman/MuhasebeStokWebApp/MuhasebeStokWebApp.csproj]
/Users/muhammetkocaman/MuhasebeStokWebApp/ViewModels/Stok/StokViewModels.cs(150,23): warning CS8618: Non-nullable property 'Birim' must contain a non-null value when exiting constructor. Consider adding the 'required' modifier or declaring the property as nullable. [/Users/muhammetkocaman/MuhasebeStokWebApp/MuhasebeStokWebApp.csproj]
/Users/muhammetkocaman/MuhasebeStokWebApp/ViewModels/Stok/StokViewModels.cs(151,23): warning CS8618: Non-nullable property 'ParaBirimi' must contain a non-null value when exiting constructor. Consider adding the 'required' modifier or declaring the property as nullable. [/Users/muhammetkocaman/MuhasebeStokWebApp/MuhasebeStokWebApp.csproj]
/Users/muhammetkocaman/MuhasebeStokWebApp/ViewModels/Stok/StokViewModels.cs(152,23): warning CS8618: Non-nullable property 'ParaBirimiSembol' must contain a non-null value when exiting constructor. Consider adding the 'required' modifier or declaring the property as nullable. [/Users/muhammetkocaman/MuhasebeStokWebApp/MuhasebeStokWebApp.csproj]
/Users/muhammetkocaman/MuhasebeStokWebApp/ViewModels/Stok/StokViewModels.cs(153,23): warning CS8618: Non-nullable property 'ReferansNo' must contain a non-null value when exiting constructor. Consider adding the 'required' modifier or declaring the property as nullable. [/Users/muhammetkocaman/MuhasebeStokWebApp/MuhasebeStokWebApp.csproj]
/Users/muhammetkocaman/MuhasebeStokWebApp/ViewModels/Stok/StokViewModels.cs(154,23): warning CS8618: Non-nullable property 'ReferansTuru' must contain a non-null value when exiting constructor. Consider adding the 'required' modifier or declaring the property as nullable. [/Users/muhammetkocaman/MuhasebeStokWebApp/MuhasebeStokWebApp.csproj]
/Users/muhammetkocaman/MuhasebeStokWebApp/ViewModels/Stok/StokViewModels.cs(155,23): warning CS8618: Non-nullable property 'Aciklama' must contain a non-null value when exiting constructor. Consider adding the 'required' modifier or declaring the property as nullable. [/Users/muhammetkocaman/MuhasebeStokWebApp/MuhasebeStokWebApp.csproj]
/Users/muhammetkocaman/MuhasebeStokWebApp/ViewModels/Stok/StokViewModels.cs(96,23): warning CS8618: Non-nullable property 'UrunKodu' must contain a non-null value when exiting constructor. Consider adding the 'required' modifier or declaring the property as nullable. [/Users/muhammetkocaman/MuhasebeStokWebApp/MuhasebeStokWebApp.csproj]
/Users/muhammetkocaman/MuhasebeStokWebApp/ViewModels/Stok/StokViewModels.cs(99,23): warning CS8618: Non-nullable property 'UrunAdi' must contain a non-null value when exiting constructor. Consider adding the 'required' modifier or declaring the property as nullable. [/Users/muhammetkocaman/MuhasebeStokWebApp/MuhasebeStokWebApp.csproj]
/Users/muhammetkocaman/MuhasebeStokWebApp/ViewModels/Stok/StokViewModels.cs(102,23): warning CS8618: Non-nullable property 'Birim' must contain a non-null value when exiting constructor. Consider adding the 'required' modifier or declaring the property as nullable. [/Users/muhammetkocaman/MuhasebeStokWebApp/MuhasebeStokWebApp.csproj]
/Users/muhammetkocaman/MuhasebeStokWebApp/ViewModels/Stok/StokViewModels.cs(105,23): warning CS8618: Non-nullable property 'Kategori' must contain a non-null value when exiting constructor. Consider adding the 'required' modifier or declaring the property as nullable. [/Users/muhammetkocaman/MuhasebeStokWebApp/MuhasebeStokWebApp.csproj]
/Users/muhammetkocaman/MuhasebeStokWebApp/ViewModels/Stok/StokViewModels.cs(56,23): warning CS8618: Non-nullable property 'UrunKodu' must contain a non-null value when exiting constructor. Consider adding the 'required' modifier or declaring the property as nullable. [/Users/muhammetkocaman/MuhasebeStokWebApp/MuhasebeStokWebApp.csproj]
/Users/muhammetkocaman/MuhasebeStokWebApp/ViewModels/Stok/StokViewModels.cs(59,23): warning CS8618: Non-nullable property 'UrunAdi' must contain a non-null value when exiting constructor. Consider adding the 'required' modifier or declaring the property as nullable. [/Users/muhammetkocaman/MuhasebeStokWebApp/MuhasebeStokWebApp.csproj]
/Users/muhammetkocaman/MuhasebeStokWebApp/ViewModels/Stok/StokViewModels.cs(62,23): warning CS8618: Non-nullable property 'Birim' must contain a non-null value when exiting constructor. Consider adding the 'required' modifier or declaring the property as nullable. [/Users/muhammetkocaman/MuhasebeStokWebApp/MuhasebeStokWebApp.csproj]
/Users/muhammetkocaman/MuhasebeStokWebApp/ViewModels/Stok/StokViewModels.cs(65,23): warning CS8618: Non-nullable property 'Kategori' must contain a non-null value when exiting constructor. Consider adding the 'required' modifier or declaring the property as nullable. [/Users/muhammetkocaman/MuhasebeStokWebApp/MuhasebeStokWebApp.csproj]
/Users/muhammetkocaman/MuhasebeStokWebApp/Controllers/CariController.cs(372,36): warning CS8601: Possible null reference assignment. [/Users/muhammetkocaman/MuhasebeStokWebApp/MuhasebeStokWebApp.csproj]
/Users/muhammetkocaman/MuhasebeStokWebApp/Controllers/CariController.cs(373,34): warning CS8601: Possible null reference assignment. [/Users/muhammetkocaman/MuhasebeStokWebApp/MuhasebeStokWebApp.csproj]
/Users/muhammetkocaman/MuhasebeStokWebApp/Controllers/CariController.cs(374,36): warning CS8601: Possible null reference assignment. [/Users/muhammetkocaman/MuhasebeStokWebApp/MuhasebeStokWebApp.csproj]
/Users/muhammetkocaman/MuhasebeStokWebApp/Controllers/CariController.cs(385,65): warning CS8604: Possible null reference argument for parameter 'input' in 'Guid Guid.Parse(string input)'. [/Users/muhammetkocaman/MuhasebeStokWebApp/MuhasebeStokWebApp.csproj]
/Users/muhammetkocaman/MuhasebeStokWebApp/Controllers/CariController.cs(406,63): warning CS8604: Possible null reference argument for parameter 'input' in 'Guid Guid.Parse(string input)'. [/Users/muhammetkocaman/MuhasebeStokWebApp/MuhasebeStokWebApp.csproj]
/Users/muhammetkocaman/MuhasebeStokWebApp/ViewModels/Stok/StokViewModels.cs(35,23): warning CS8618: Non-nullable property 'DepoAdi' must contain a non-null value when exiting constructor. Consider adding the 'required' modifier or declaring the property as nullable. [/Users/muhammetkocaman/MuhasebeStokWebApp/MuhasebeStokWebApp.csproj]
/Users/muhammetkocaman/MuhasebeStokWebApp/ViewModels/Stok/StokViewModels.cs(25,23): warning CS8618: Non-nullable property 'KategoriAdi' must contain a non-null value when exiting constructor. Consider adding the 'required' modifier or declaring the property as nullable. [/Users/muhammetkocaman/MuhasebeStokWebApp/MuhasebeStokWebApp.csproj]
/Users/muhammetkocaman/MuhasebeStokWebApp/Controllers/CariController.cs(485,61): warning CS8604: Possible null reference argument for parameter 'input' in 'Guid Guid.Parse(string input)'. [/Users/muhammetkocaman/MuhasebeStokWebApp/MuhasebeStokWebApp.csproj]
/Users/muhammetkocaman/MuhasebeStokWebApp/Controllers/CariController.cs(505,61): warning CS8604: Possible null reference argument for parameter 'input' in 'Guid Guid.Parse(string input)'. [/Users/muhammetkocaman/MuhasebeStokWebApp/MuhasebeStokWebApp.csproj]
/Users/muhammetkocaman/MuhasebeStokWebApp/ViewModels/Sozlesme/SozlesmeViewModel.cs(109,16): warning CS8618: Non-nullable property 'SozlesmeID' must contain a non-null value when exiting constructor. Consider adding the 'required' modifier or declaring the property as nullable. [/Users/muhammetkocaman/MuhasebeStokWebApp/MuhasebeStokWebApp.csproj]
/Users/muhammetkocaman/MuhasebeStokWebApp/ViewModels/Sozlesme/SozlesmeViewModel.cs(109,16): warning CS8618: Non-nullable property 'SozlesmeNo' must contain a non-null value when exiting constructor. Consider adding the 'required' modifier or declaring the property as nullable. [/Users/muhammetkocaman/MuhasebeStokWebApp/MuhasebeStokWebApp.csproj]
/Users/muhammetkocaman/MuhasebeStokWebApp/ViewModels/Sozlesme/SozlesmeViewModel.cs(109,16): warning CS8618: Non-nullable property 'CariID' must contain a non-null value when exiting constructor. Consider adding the 'required' modifier or declaring the property as nullable. [/Users/muhammetkocaman/MuhasebeStokWebApp/MuhasebeStokWebApp.csproj]
/Users/muhammetkocaman/MuhasebeStokWebApp/ViewModels/Sozlesme/SozlesmeViewModel.cs(109,16): warning CS8618: Non-nullable property 'CariAdi' must contain a non-null value when exiting constructor. Consider adding the 'required' modifier or declaring the property as nullable. [/Users/muhammetkocaman/MuhasebeStokWebApp/MuhasebeStokWebApp.csproj]
/Users/muhammetkocaman/MuhasebeStokWebApp/ViewModels/Sozlesme/SozlesmeViewModel.cs(109,16): warning CS8618: Non-nullable property 'FaturaNo' must contain a non-null value when exiting constructor. Consider adding the 'required' modifier or declaring the property as nullable. [/Users/muhammetkocaman/MuhasebeStokWebApp/MuhasebeStokWebApp.csproj]
/Users/muhammetkocaman/MuhasebeStokWebApp/ViewModels/Sozlesme/SozlesmeViewModel.cs(109,16): warning CS8618: Non-nullable property 'SozlesmeDosyaYolu' must contain a non-null value when exiting constructor. Consider adding the 'required' modifier or declaring the property as nullable. [/Users/muhammetkocaman/MuhasebeStokWebApp/MuhasebeStokWebApp.csproj]
/Users/muhammetkocaman/MuhasebeStokWebApp/ViewModels/Sozlesme/SozlesmeViewModel.cs(109,16): warning CS8618: Non-nullable property 'SozlesmeBelgesi' must contain a non-null value when exiting constructor. Consider adding the 'required' modifier or declaring the property as nullable. [/Users/muhammetkocaman/MuhasebeStokWebApp/MuhasebeStokWebApp.csproj]
/Users/muhammetkocaman/MuhasebeStokWebApp/ViewModels/Sozlesme/SozlesmeViewModel.cs(109,16): warning CS8618: Non-nullable property 'Vekaletname' must contain a non-null value when exiting constructor. Consider adding the 'required' modifier or declaring the property as nullable. [/Users/muhammetkocaman/MuhasebeStokWebApp/MuhasebeStokWebApp.csproj]
/Users/muhammetkocaman/MuhasebeStokWebApp/ViewModels/Sozlesme/SozlesmeViewModel.cs(109,16): warning CS8618: Non-nullable property 'Aciklama' must contain a non-null value when exiting constructor. Consider adding the 'required' modifier or declaring the property as nullable. [/Users/muhammetkocaman/MuhasebeStokWebApp/MuhasebeStokWebApp.csproj]
/Users/muhammetkocaman/MuhasebeStokWebApp/Data/Entities/FaturaAklamaKuyruk.cs(70,16): warning CS8618: Non-nullable property 'FaturaDetay' must contain a non-null value when exiting constructor. Consider adding the 'required' modifier or declaring the property as nullable. [/Users/muhammetkocaman/MuhasebeStokWebApp/MuhasebeStokWebApp.csproj]
/Users/muhammetkocaman/MuhasebeStokWebApp/Data/Entities/FaturaAklamaKuyruk.cs(70,16): warning CS8618: Non-nullable property 'Urun' must contain a non-null value when exiting constructor. Consider adding the 'required' modifier or declaring the property as nullable. [/Users/muhammetkocaman/MuhasebeStokWebApp/MuhasebeStokWebApp.csproj]
/Users/muhammetkocaman/MuhasebeStokWebApp/Data/Entities/FaturaAklamaKuyruk.cs(70,16): warning CS8618: Non-nullable property 'Sozlesme' must contain a non-null value when exiting constructor. Consider adding the 'required' modifier or declaring the property as nullable. [/Users/muhammetkocaman/MuhasebeStokWebApp/MuhasebeStokWebApp.csproj]
/Users/muhammetkocaman/MuhasebeStokWebApp/Data/Entities/MenuRol.cs(13,23): warning CS8618: Non-nullable property 'RolId' must contain a non-null value when exiting constructor. Consider adding the 'required' modifier or declaring the property as nullable. [/Users/muhammetkocaman/MuhasebeStokWebApp/MuhasebeStokWebApp.csproj]
/Users/muhammetkocaman/MuhasebeStokWebApp/Data/Entities/MenuRol.cs(15,29): warning CS8618: Non-nullable property 'Menu' must contain a non-null value when exiting constructor. Consider adding the 'required' modifier or declaring the property as nullable. [/Users/muhammetkocaman/MuhasebeStokWebApp/MuhasebeStokWebApp.csproj]
/Users/muhammetkocaman/MuhasebeStokWebApp/Data/Entities/MenuRol.cs(17,67): warning CS8618: Non-nullable property 'Rol' must contain a non-null value when exiting constructor. Consider adding the 'required' modifier or declaring the property as nullable. [/Users/muhammetkocaman/MuhasebeStokWebApp/MuhasebeStokWebApp.csproj]
/Users/muhammetkocaman/MuhasebeStokWebApp/Data/Repositories/Repository.cs(151,20): warning CS8603: Possible null reference return. [/Users/muhammetkocaman/MuhasebeStokWebApp/MuhasebeStokWebApp.csproj]
/Users/muhammetkocaman/MuhasebeStokWebApp/Controllers/CariController.cs(568,32): warning CS8601: Possible null reference assignment. [/Users/muhammetkocaman/MuhasebeStokWebApp/MuhasebeStokWebApp.csproj]
/Users/muhammetkocaman/MuhasebeStokWebApp/Controllers/CariController.cs(569,34): warning CS8601: Possible null reference assignment. [/Users/muhammetkocaman/MuhasebeStokWebApp/MuhasebeStokWebApp.csproj]
/Users/muhammetkocaman/MuhasebeStokWebApp/Controllers/CariController.cs(575,36): warning CS8604: Possible null reference argument for parameter 'input' in 'Guid Guid.Parse(string input)'. [/Users/muhammetkocaman/MuhasebeStokWebApp/MuhasebeStokWebApp.csproj]
/Users/muhammetkocaman/MuhasebeStokWebApp/Controllers/CariController.cs(591,21): warning CS8604: Possible null reference argument for parameter 'aciklama' in 'Task ILogService.CariHareketEklemeLogOlustur(Guid cariID, string ad, string hareketTuru, decimal tutar, string aciklama)'. [/Users/muhammetkocaman/MuhasebeStokWebApp/MuhasebeStokWebApp.csproj]
/Users/muhammetkocaman/MuhasebeStokWebApp/Data/Entities/Menu.cs(14,23): warning CS8618: Non-nullable property 'Ad' must contain a non-null value when exiting constructor. Consider adding the 'required' modifier or declaring the property as nullable. [/Users/muhammetkocaman/MuhasebeStokWebApp/MuhasebeStokWebApp.csproj]
/Users/muhammetkocaman/MuhasebeStokWebApp/Data/Entities/Menu.cs(17,23): warning CS8618: Non-nullable property 'Icon' must contain a non-null value when exiting constructor. Consider adding the 'required' modifier or declaring the property as nullable. [/Users/muhammetkocaman/MuhasebeStokWebApp/MuhasebeStokWebApp.csproj]
/Users/muhammetkocaman/MuhasebeStokWebApp/Data/Entities/Menu.cs(20,23): warning CS8618: Non-nullable property 'Controller' must contain a non-null value when exiting constructor. Consider adding the 'required' modifier or declaring the property as nullable. [/Users/muhammetkocaman/MuhasebeStokWebApp/MuhasebeStokWebApp.csproj]
/Users/muhammetkocaman/MuhasebeStokWebApp/Data/Entities/Menu.cs(23,23): warning CS8618: Non-nullable property 'Action' must contain a non-null value when exiting constructor. Consider adding the 'required' modifier or declaring the property as nullable. [/Users/muhammetkocaman/MuhasebeStokWebApp/MuhasebeStokWebApp.csproj]
/Users/muhammetkocaman/MuhasebeStokWebApp/Data/Entities/Menu.cs(30,23): warning CS8618: Non-nullable property 'Url' must contain a non-null value when exiting constructor. Consider adding the 'required' modifier or declaring the property as nullable. [/Users/muhammetkocaman/MuhasebeStokWebApp/MuhasebeStokWebApp.csproj]
/Users/muhammetkocaman/MuhasebeStokWebApp/Data/Entities/Menu.cs(46,29): warning CS8618: Non-nullable property 'UstMenu' must contain a non-null value when exiting constructor. Consider adding the 'required' modifier or declaring the property as nullable. [/Users/muhammetkocaman/MuhasebeStokWebApp/MuhasebeStokWebApp.csproj]
/Users/muhammetkocaman/MuhasebeStokWebApp/Data/Repositories/IrsaliyeRepository.cs(22,20): warning CS8603: Possible null reference return. [/Users/muhammetkocaman/MuhasebeStokWebApp/MuhasebeStokWebApp.csproj]
/Users/muhammetkocaman/MuhasebeStokWebApp/Data/Entities/KasaHareket.cs(27,23): warning CS8618: Non-nullable property 'HareketTuru' must contain a non-null value when exiting constructor. Consider adding the 'required' modifier or declaring the property as nullable. [/Users/muhammetkocaman/MuhasebeStokWebApp/MuhasebeStokWebApp.csproj]
/Users/muhammetkocaman/MuhasebeStokWebApp/Data/Entities/KasaHareket.cs(34,23): warning CS8618: Non-nullable property 'IslemTuru' must contain a non-null value when exiting constructor. Consider adding the 'required' modifier or declaring the property as nullable. [/Users/muhammetkocaman/MuhasebeStokWebApp/MuhasebeStokWebApp.csproj]
/Users/muhammetkocaman/MuhasebeStokWebApp/Data/Entities/KasaHareket.cs(40,23): warning CS8618: Non-nullable property 'KarsiParaBirimi' must contain a non-null value when exiting constructor. Consider adding the 'required' modifier or declaring the property as nullable. [/Users/muhammetkocaman/MuhasebeStokWebApp/MuhasebeStokWebApp.csproj]
/Users/muhammetkocaman/MuhasebeStokWebApp/Data/Entities/KasaHareket.cs(46,23): warning CS8618: Non-nullable property 'ReferansNo' must contain a non-null value when exiting constructor. Consider adding the 'required' modifier or declaring the property as nullable. [/Users/muhammetkocaman/MuhasebeStokWebApp/MuhasebeStokWebApp.csproj]
/Users/muhammetkocaman/MuhasebeStokWebApp/Data/Entities/KasaHareket.cs(49,23): warning CS8618: Non-nullable property 'ReferansTuru' must contain a non-null value when exiting constructor. Consider adding the 'required' modifier or declaring the property as nullable. [/Users/muhammetkocaman/MuhasebeStokWebApp/MuhasebeStokWebApp.csproj]
/Users/muhammetkocaman/MuhasebeStokWebApp/Data/Entities/KasaHareket.cs(54,23): warning CS8618: Non-nullable property 'Aciklama' must contain a non-null value when exiting constructor. Consider adding the 'required' modifier or declaring the property as nullable. [/Users/muhammetkocaman/MuhasebeStokWebApp/MuhasebeStokWebApp.csproj]
/Users/muhammetkocaman/MuhasebeStokWebApp/Data/Entities/KasaHareket.cs(70,29): warning CS8618: Non-nullable property 'Kasa' must contain a non-null value when exiting constructor. Consider adding the 'required' modifier or declaring the property as nullable. [/Users/muhammetkocaman/MuhasebeStokWebApp/MuhasebeStokWebApp.csproj]
/Users/muhammetkocaman/MuhasebeStokWebApp/Data/Entities/KasaHareket.cs(73,29): warning CS8618: Non-nullable property 'Cari' must contain a non-null value when exiting constructor. Consider adding the 'required' modifier or declaring the property as nullable. [/Users/muhammetkocaman/MuhasebeStokWebApp/MuhasebeStokWebApp.csproj]
/Users/muhammetkocaman/MuhasebeStokWebApp/Data/Entities/KasaHareket.cs(76,29): warning CS8618: Non-nullable property 'HedefKasa' must contain a non-null value when exiting constructor. Consider adding the 'required' modifier or declaring the property as nullable. [/Users/muhammetkocaman/MuhasebeStokWebApp/MuhasebeStokWebApp.csproj]
/Users/muhammetkocaman/MuhasebeStokWebApp/Data/Entities/KasaHareket.cs(79,30): warning CS8618: Non-nullable property 'HedefBanka' must contain a non-null value when exiting constructor. Consider adding the 'required' modifier or declaring the property as nullable. [/Users/muhammetkocaman/MuhasebeStokWebApp/MuhasebeStokWebApp.csproj]
/Users/muhammetkocaman/MuhasebeStokWebApp/Data/Entities/KasaHareket.cs(82,30): warning CS8618: Non-nullable property 'KaynakBanka' must contain a non-null value when exiting constructor. Consider adding the 'required' modifier or declaring the property as nullable. [/Users/muhammetkocaman/MuhasebeStokWebApp/MuhasebeStokWebApp.csproj]
/Users/muhammetkocaman/MuhasebeStokWebApp/Data/Entities/Kasa.cs(49,16): warning CS8618: Non-nullable property 'KasaAdi' must contain a non-null value when exiting constructor. Consider adding the 'required' modifier or declaring the property as nullable. [/Users/muhammetkocaman/MuhasebeStokWebApp/MuhasebeStokWebApp.csproj]
/Users/muhammetkocaman/MuhasebeStokWebApp/Data/Entities/Kasa.cs(49,16): warning CS8618: Non-nullable property 'KasaTuru' must contain a non-null value when exiting constructor. Consider adding the 'required' modifier or declaring the property as nullable. [/Users/muhammetkocaman/MuhasebeStokWebApp/MuhasebeStokWebApp.csproj]
/Users/muhammetkocaman/MuhasebeStokWebApp/Data/Entities/Kasa.cs(49,16): warning CS8618: Non-nullable property 'Aciklama' must contain a non-null value when exiting constructor. Consider adding the 'required' modifier or declaring the property as nullable. [/Users/muhammetkocaman/MuhasebeStokWebApp/MuhasebeStokWebApp.csproj]
/Users/muhammetkocaman/MuhasebeStokWebApp/Controllers/UrunController.cs(57,25): warning CS8625: Cannot convert null literal to non-nullable reference type. [/Users/muhammetkocaman/MuhasebeStokWebApp/MuhasebeStokWebApp.csproj]
/Users/muhammetkocaman/MuhasebeStokWebApp/Controllers/UrunController.cs(104,35): warning CS8601: Possible null reference assignment. [/Users/muhammetkocaman/MuhasebeStokWebApp/MuhasebeStokWebApp.csproj]
/Users/muhammetkocaman/MuhasebeStokWebApp/ViewModels/Sozlesme/SozlesmeSearchViewModel.cs(11,23): warning CS8618: Non-nullable property 'SozlesmeNo' must contain a non-null value when exiting constructor. Consider adding the 'required' modifier or declaring the property as nullable. [/Users/muhammetkocaman/MuhasebeStokWebApp/MuhasebeStokWebApp.csproj]
/Users/muhammetkocaman/MuhasebeStokWebApp/ViewModels/Sozlesme/SozlesmeListViewModel.cs(9,23): warning CS8618: Non-nullable property 'SozlesmeID' must contain a non-null value when exiting constructor. Consider adding the 'required' modifier or declaring the property as nullable. [/Users/muhammetkocaman/MuhasebeStokWebApp/MuhasebeStokWebApp.csproj]
/Users/muhammetkocaman/MuhasebeStokWebApp/ViewModels/Sozlesme/SozlesmeListViewModel.cs(12,23): warning CS8618: Non-nullable property 'SozlesmeNo' must contain a non-null value when exiting constructor. Consider adding the 'required' modifier or declaring the property as nullable. [/Users/muhammetkocaman/MuhasebeStokWebApp/MuhasebeStokWebApp.csproj]
/Users/muhammetkocaman/MuhasebeStokWebApp/ViewModels/Sozlesme/SozlesmeListViewModel.cs(23,23): warning CS8618: Non-nullable property 'CariAdi' must contain a non-null value when exiting constructor. Consider adding the 'required' modifier or declaring the property as nullable. [/Users/muhammetkocaman/MuhasebeStokWebApp/MuhasebeStokWebApp.csproj]
/Users/muhammetkocaman/MuhasebeStokWebApp/ViewModels/Sozlesme/SozlesmeListViewModel.cs(30,23): warning CS8618: Non-nullable property 'SozlesmeDovizTuru' must contain a non-null value when exiting constructor. Consider adding the 'required' modifier or declaring the property as nullable. [/Users/muhammetkocaman/MuhasebeStokWebApp/MuhasebeStokWebApp.csproj]
/Users/muhammetkocaman/MuhasebeStokWebApp/ViewModels/Sozlesme/SozlesmeDosyaModel.cs(9,26): warning CS8618: Non-nullable property 'Dosya' must contain a non-null value when exiting constructor. Consider adding the 'required' modifier or declaring the property as nullable. [/Users/muhammetkocaman/MuhasebeStokWebApp/MuhasebeStokWebApp.csproj]
/Users/muhammetkocaman/MuhasebeStokWebApp/ViewModels/SistemLog/SistemLogListViewModel.cs(9,65): warning CS8618: Non-nullable property 'Logs' must contain a non-null value when exiting constructor. Consider adding the 'required' modifier or declaring the property as nullable. [/Users/muhammetkocaman/MuhasebeStokWebApp/MuhasebeStokWebApp.csproj]
/Users/muhammetkocaman/MuhasebeStokWebApp/ViewModels/SistemLog/LogListViewModel.cs(15,23): warning CS8618: Non-nullable property 'KullaniciAdi' must contain a non-null value when exiting constructor. Consider adding the 'required' modifier or declaring the property as nullable. [/Users/muhammetkocaman/MuhasebeStokWebApp/MuhasebeStokWebApp.csproj]
/Users/muhammetkocaman/MuhasebeStokWebApp/ViewModels/SistemLog/LogListViewModel.cs(17,23): warning CS8618: Non-nullable property 'IslemTuru' must contain a non-null value when exiting constructor. Consider adding the 'required' modifier or declaring the property as nullable. [/Users/muhammetkocaman/MuhasebeStokWebApp/MuhasebeStokWebApp.csproj]
/Users/muhammetkocaman/MuhasebeStokWebApp/ViewModels/SistemAyar/DilAyarlariViewModel.cs(31,23): warning CS8618: Non-nullable property 'Kod' must contain a non-null value when exiting constructor. Consider adding the 'required' modifier or declaring the property as nullable. [/Users/muhammetkocaman/MuhasebeStokWebApp/MuhasebeStokWebApp.csproj]
/Users/muhammetkocaman/MuhasebeStokWebApp/ViewModels/SistemAyar/DilAyarlariViewModel.cs(34,23): warning CS8618: Non-nullable property 'Ad' must contain a non-null value when exiting constructor. Consider adding the 'required' modifier or declaring the property as nullable. [/Users/muhammetkocaman/MuhasebeStokWebApp/MuhasebeStokWebApp.csproj]
/Users/muhammetkocaman/MuhasebeStokWebApp/ViewModels/Shared/IrsaliyeDetayViewModel.cs(18,23): warning CS8618: Non-nullable property 'UrunAdi' must contain a non-null value when exiting constructor. Consider adding the 'required' modifier or declaring the property as nullable. [/Users/muhammetkocaman/MuhasebeStokWebApp/MuhasebeStokWebApp.csproj]
/Users/muhammetkocaman/MuhasebeStokWebApp/ViewModels/Shared/IrsaliyeDetayViewModel.cs(27,23): warning CS8618: Non-nullable property 'Birim' must contain a non-null value when exiting constructor. Consider adding the 'required' modifier or declaring the property as nullable. [/Users/muhammetkocaman/MuhasebeStokWebApp/MuhasebeStokWebApp.csproj]
/Users/muhammetkocaman/MuhasebeStokWebApp/ViewModels/Shared/IrsaliyeDetayViewModel.cs(31,23): warning CS8618: Non-nullable property 'Aciklama' must contain a non-null value when exiting constructor. Consider adding the 'required' modifier or declaring the property as nullable. [/Users/muhammetkocaman/MuhasebeStokWebApp/MuhasebeStokWebApp.csproj]
/Users/muhammetkocaman/MuhasebeStokWebApp/ViewModels/Rapor/StokHareketRaporModel.cs(12,23): warning CS8618: Non-nullable property 'HareketTuru' must contain a non-null value when exiting constructor. Consider adding the 'required' modifier or declaring the property as nullable. [/Users/muhammetkocaman/MuhasebeStokWebApp/MuhasebeStokWebApp.csproj]
/Users/muhammetkocaman/MuhasebeStokWebApp/Data/Entities/DovizModulu/ParaBirimi.cs(25,23): warning CS8618: Non-nullable property 'Ad' must contain a non-null value when exiting constructor. Consider adding the 'required' modifier or declaring the property as nullable. [/Users/muhammetkocaman/MuhasebeStokWebApp/MuhasebeStokWebApp.csproj]
/Users/muhammetkocaman/MuhasebeStokWebApp/Data/Entities/DovizModulu/ParaBirimi.cs(32,23): warning CS8618: Non-nullable property 'Kod' must contain a non-null value when exiting constructor. Consider adding the 'required' modifier or declaring the property as nullable. [/Users/muhammetkocaman/MuhasebeStokWebApp/MuhasebeStokWebApp.csproj]
/Users/muhammetkocaman/MuhasebeStokWebApp/Data/Entities/DovizModulu/ParaBirimi.cs(39,23): warning CS8618: Non-nullable property 'Sembol' must contain a non-null value when exiting constructor. Consider adding the 'required' modifier or declaring the property as nullable. [/Users/muhammetkocaman/MuhasebeStokWebApp/MuhasebeStokWebApp.csproj]
/Users/muhammetkocaman/MuhasebeStokWebApp/Data/Entities/DovizModulu/ParaBirimi.cs(72,23): warning CS8618: Non-nullable property 'Aciklama' must contain a non-null value when exiting constructor. Consider adding the 'required' modifier or declaring the property as nullable. [/Users/muhammetkocaman/MuhasebeStokWebApp/MuhasebeStokWebApp.csproj]
/Users/muhammetkocaman/MuhasebeStokWebApp/Data/Entities/DovizModulu/ParaBirimi.cs(97,23): warning CS8618: Non-nullable property 'OlusturanKullaniciID' must contain a non-null value when exiting constructor. Consider adding the 'required' modifier or declaring the property as nullable. [/Users/muhammetkocaman/MuhasebeStokWebApp/MuhasebeStokWebApp.csproj]
/Users/muhammetkocaman/MuhasebeStokWebApp/Data/Entities/DovizModulu/ParaBirimi.cs(102,23): warning CS8618: Non-nullable property 'SonGuncelleyenKullaniciID' must contain a non-null value when exiting constructor. Consider adding the 'required' modifier or declaring the property as nullable. [/Users/muhammetkocaman/MuhasebeStokWebApp/MuhasebeStokWebApp.csproj]
/Users/muhammetkocaman/MuhasebeStokWebApp/Data/Entities/DovizModulu/ParaBirimi.cs(108,47): warning CS8618: Non-nullable property 'KaynakKurDegerleri' must contain a non-null value when exiting constructor. Consider adding the 'required' modifier or declaring the property as nullable. [/Users/muhammetkocaman/MuhasebeStokWebApp/MuhasebeStokWebApp.csproj]
/Users/muhammetkocaman/MuhasebeStokWebApp/Data/Entities/DovizModulu/ParaBirimi.cs(114,54): warning CS8618: Non-nullable property 'KaynakParaBirimiIliskileri' must contain a non-null value when exiting constructor. Consider adding the 'required' modifier or declaring the property as nullable. [/Users/muhammetkocaman/MuhasebeStokWebApp/MuhasebeStokWebApp.csproj]
/Users/muhammetkocaman/MuhasebeStokWebApp/Data/Entities/DovizModulu/ParaBirimi.cs(120,54): warning CS8618: Non-nullable property 'HedefParaBirimiIliskileri' must contain a non-null value when exiting constructor. Consider adding the 'required' modifier or declaring the property as nullable. [/Users/muhammetkocaman/MuhasebeStokWebApp/MuhasebeStokWebApp.csproj]
/Users/muhammetkocaman/MuhasebeStokWebApp/Data/Entities/IrsaliyeTuru.cs(22,16): warning CS8618: Non-nullable property 'IrsaliyeTuruAdi' must contain a non-null value when exiting constructor. Consider adding the 'required' modifier or declaring the property as nullable. [/Users/muhammetkocaman/MuhasebeStokWebApp/MuhasebeStokWebApp.csproj]
/Users/muhammetkocaman/MuhasebeStokWebApp/Data/Entities/IrsaliyeTuru.cs(22,16): warning CS8618: Non-nullable property 'HareketTuru' must contain a non-null value when exiting constructor. Consider adding the 'required' modifier or declaring the property as nullable. [/Users/muhammetkocaman/MuhasebeStokWebApp/MuhasebeStokWebApp.csproj]
/Users/muhammetkocaman/MuhasebeStokWebApp/Data/Entities/IrsaliyeDetay.cs(59,16): warning CS8618: Non-nullable property 'Birim' must contain a non-null value when exiting constructor. Consider adding the 'required' modifier or declaring the property as nullable. [/Users/muhammetkocaman/MuhasebeStokWebApp/MuhasebeStokWebApp.csproj]
/Users/muhammetkocaman/MuhasebeStokWebApp/Data/Entities/IrsaliyeDetay.cs(59,16): warning CS8618: Non-nullable property 'Aciklama' must contain a non-null value when exiting constructor. Consider adding the 'required' modifier or declaring the property as nullable. [/Users/muhammetkocaman/MuhasebeStokWebApp/MuhasebeStokWebApp.csproj]
/Users/muhammetkocaman/MuhasebeStokWebApp/Data/Entities/IrsaliyeDetay.cs(59,16): warning CS8618: Non-nullable property 'Irsaliye' must contain a non-null value when exiting constructor. Consider adding the 'required' modifier or declaring the property as nullable. [/Users/muhammetkocaman/MuhasebeStokWebApp/MuhasebeStokWebApp.csproj]
/Users/muhammetkocaman/MuhasebeStokWebApp/Data/Entities/IrsaliyeDetay.cs(59,16): warning CS8618: Non-nullable property 'Urun' must contain a non-null value when exiting constructor. Consider adding the 'required' modifier or declaring the property as nullable. [/Users/muhammetkocaman/MuhasebeStokWebApp/MuhasebeStokWebApp.csproj]
/Users/muhammetkocaman/MuhasebeStokWebApp/Data/Entities/Irsaliye.cs(10,16): warning CS8618: Non-nullable property 'IrsaliyeNumarasi' must contain a non-null value when exiting constructor. Consider adding the 'required' modifier or declaring the property as nullable. [/Users/muhammetkocaman/MuhasebeStokWebApp/MuhasebeStokWebApp.csproj]
/Users/muhammetkocaman/MuhasebeStokWebApp/Data/Entities/Irsaliye.cs(10,16): warning CS8618: Non-nullable property 'Aciklama' must contain a non-null value when exiting constructor. Consider adding the 'required' modifier or declaring the property as nullable. [/Users/muhammetkocaman/MuhasebeStokWebApp/MuhasebeStokWebApp.csproj]
/Users/muhammetkocaman/MuhasebeStokWebApp/Data/Entities/Irsaliye.cs(10,16): warning CS8618: Non-nullable property 'IrsaliyeTuru' must contain a non-null value when exiting constructor. Consider adding the 'required' modifier or declaring the property as nullable. [/Users/muhammetkocaman/MuhasebeStokWebApp/MuhasebeStokWebApp.csproj]
/Users/muhammetkocaman/MuhasebeStokWebApp/Data/Entities/Irsaliye.cs(10,16): warning CS8618: Non-nullable property 'Cari' must contain a non-null value when exiting constructor. Consider adding the 'required' modifier or declaring the property as nullable. [/Users/muhammetkocaman/MuhasebeStokWebApp/MuhasebeStokWebApp.csproj]
/Users/muhammetkocaman/MuhasebeStokWebApp/Data/Entities/Irsaliye.cs(10,16): warning CS8618: Non-nullable property 'Fatura' must contain a non-null value when exiting constructor. Consider adding the 'required' modifier or declaring the property as nullable. [/Users/muhammetkocaman/MuhasebeStokWebApp/MuhasebeStokWebApp.csproj]
/Users/muhammetkocaman/MuhasebeStokWebApp/Data/Entities/FiyatTipi.cs(19,16): warning CS8618: Non-nullable property 'TipAdi' must contain a non-null value when exiting constructor. Consider adding the 'required' modifier or declaring the property as nullable. [/Users/muhammetkocaman/MuhasebeStokWebApp/MuhasebeStokWebApp.csproj]
/Users/muhammetkocaman/MuhasebeStokWebApp/Data/Entities/FaturaTuru.cs(25,16): warning CS8618: Non-nullable property 'FaturaTuruAdi' must contain a non-null value when exiting constructor. Consider adding the 'required' modifier or declaring the property as nullable. [/Users/muhammetkocaman/MuhasebeStokWebApp/MuhasebeStokWebApp.csproj]
/Users/muhammetkocaman/MuhasebeStokWebApp/Data/Entities/FaturaTuru.cs(25,16): warning CS8618: Non-nullable property 'HareketTuru' must contain a non-null value when exiting constructor. Consider adding the 'required' modifier or declaring the property as nullable. [/Users/muhammetkocaman/MuhasebeStokWebApp/MuhasebeStokWebApp.csproj]
/Users/muhammetkocaman/MuhasebeStokWebApp/Data/Entities/FaturaOdeme.cs(23,23): warning CS8618: Non-nullable property 'OdemeTuru' must contain a non-null value when exiting constructor. Consider adding the 'required' modifier or declaring the property as nullable. [/Users/muhammetkocaman/MuhasebeStokWebApp/MuhasebeStokWebApp.csproj]
/Users/muhammetkocaman/MuhasebeStokWebApp/Data/Entities/FaturaOdeme.cs(26,23): warning CS8618: Non-nullable property 'Aciklama' must contain a non-null value when exiting constructor. Consider adding the 'required' modifier or declaring the property as nullable. [/Users/muhammetkocaman/MuhasebeStokWebApp/MuhasebeStokWebApp.csproj]
/Users/muhammetkocaman/MuhasebeStokWebApp/Data/Entities/FaturaOdeme.cs(42,31): warning CS8618: Non-nullable property 'Fatura' must contain a non-null value when exiting constructor. Consider adding the 'required' modifier or declaring the property as nullable. [/Users/muhammetkocaman/MuhasebeStokWebApp/MuhasebeStokWebApp.csproj]
/Users/muhammetkocaman/MuhasebeStokWebApp/Controllers/KullaniciController.cs(61,36): warning CS8601: Possible null reference assignment. [/Users/muhammetkocaman/MuhasebeStokWebApp/MuhasebeStokWebApp.csproj]
/Users/muhammetkocaman/MuhasebeStokWebApp/Controllers/KullaniciController.cs(62,29): warning CS8601: Possible null reference assignment. [/Users/muhammetkocaman/MuhasebeStokWebApp/MuhasebeStokWebApp.csproj]
/Users/muhammetkocaman/MuhasebeStokWebApp/Controllers/BirimController.cs(327,42): warning CS1998: This async method lacks 'await' operators and will run synchronously. Consider using the 'await' operator to await non-blocking API calls, or 'await Task.Run(...)' to do CPU-bound work on a background thread. [/Users/muhammetkocaman/MuhasebeStokWebApp/MuhasebeStokWebApp.csproj]
/Users/muhammetkocaman/MuhasebeStokWebApp/Controllers/BirimController.cs(334,39): warning CS1998: This async method lacks 'await' operators and will run synchronously. Consider using the 'await' operator to await non-blocking API calls, or 'await Task.Run(...)' to do CPU-bound work on a background thread. [/Users/muhammetkocaman/MuhasebeStokWebApp/MuhasebeStokWebApp.csproj]
/Users/muhammetkocaman/MuhasebeStokWebApp/Controllers/BirimController.cs(341,42): warning CS1998: This async method lacks 'await' operators and will run synchronously. Consider using the 'await' operator to await non-blocking API calls, or 'await Task.Run(...)' to do CPU-bound work on a background thread. [/Users/muhammetkocaman/MuhasebeStokWebApp/MuhasebeStokWebApp.csproj]
/Users/muhammetkocaman/MuhasebeStokWebApp/Controllers/BirimController.cs(348,42): warning CS1998: This async method lacks 'await' operators and will run synchronously. Consider using the 'await' operator to await non-blocking API calls, or 'await Task.Run(...)' to do CPU-bound work on a background thread. [/Users/muhammetkocaman/MuhasebeStokWebApp/MuhasebeStokWebApp.csproj]
/Users/muhammetkocaman/MuhasebeStokWebApp/Controllers/KullaniciController.cs(128,32): warning CS8601: Possible null reference assignment. [/Users/muhammetkocaman/MuhasebeStokWebApp/MuhasebeStokWebApp.csproj]
/Users/muhammetkocaman/MuhasebeStokWebApp/Controllers/KullaniciController.cs(129,25): warning CS8601: Possible null reference assignment. [/Users/muhammetkocaman/MuhasebeStokWebApp/MuhasebeStokWebApp.csproj]
/Users/muhammetkocaman/MuhasebeStokWebApp/MappingProfiles.cs(25,76): warning CS8602: Dereference of a possibly null reference. [/Users/muhammetkocaman/MuhasebeStokWebApp/MuhasebeStokWebApp.csproj]
/Users/muhammetkocaman/MuhasebeStokWebApp/Controllers/KullaniciController.cs(198,32): warning CS8601: Possible null reference assignment. [/Users/muhammetkocaman/MuhasebeStokWebApp/MuhasebeStokWebApp.csproj]
/Users/muhammetkocaman/MuhasebeStokWebApp/Controllers/KullaniciController.cs(199,25): warning CS8601: Possible null reference assignment. [/Users/muhammetkocaman/MuhasebeStokWebApp/MuhasebeStokWebApp.csproj]
/Users/muhammetkocaman/MuhasebeStokWebApp/Controllers/KullaniciController.cs(218,32): warning CS8601: Possible null reference assignment. [/Users/muhammetkocaman/MuhasebeStokWebApp/MuhasebeStokWebApp.csproj]
/Users/muhammetkocaman/MuhasebeStokWebApp/Controllers/KullaniciController.cs(219,25): warning CS8601: Possible null reference assignment. [/Users/muhammetkocaman/MuhasebeStokWebApp/MuhasebeStokWebApp.csproj]
/Users/muhammetkocaman/MuhasebeStokWebApp/Middleware/GlobalExceptionHandlingMiddleware.cs(41,33): warning CS8600: Converting null literal or possible null value to non-nullable type. [/Users/muhammetkocaman/MuhasebeStokWebApp/MuhasebeStokWebApp.csproj]
/Users/muhammetkocaman/MuhasebeStokWebApp/Views/Banka/HareketDuzenle.cshtml(24,58): warning CS8602: Dereference of a possibly null reference. [/Users/muhammetkocaman/MuhasebeStokWebApp/MuhasebeStokWebApp.csproj]
/Users/muhammetkocaman/MuhasebeStokWebApp/Models/UserViewModel.cs(25,23): warning CS8618: Non-nullable property 'Id' must contain a non-null value when exiting constructor. Consider adding the 'required' modifier or declaring the property as nullable. [/Users/muhammetkocaman/MuhasebeStokWebApp/MuhasebeStokWebApp.csproj]
/Users/muhammetkocaman/MuhasebeStokWebApp/Models/UserViewModel.cs(26,23): warning CS8618: Non-nullable property 'UserName' must contain a non-null value when exiting constructor. Consider adding the 'required' modifier or declaring the property as nullable. [/Users/muhammetkocaman/MuhasebeStokWebApp/MuhasebeStokWebApp.csproj]
/Users/muhammetkocaman/MuhasebeStokWebApp/Models/UserViewModel.cs(27,23): warning CS8618: Non-nullable property 'Email' must contain a non-null value when exiting constructor. Consider adding the 'required' modifier or declaring the property as nullable. [/Users/muhammetkocaman/MuhasebeStokWebApp/MuhasebeStokWebApp.csproj]
/Users/muhammetkocaman/MuhasebeStokWebApp/Models/Report/ReportStatistics.cs(40,23): warning CS8618: Non-nullable property 'CariAdi' must contain a non-null value when exiting constructor. Consider adding the 'required' modifier or declaring the property as nullable. [/Users/muhammetkocaman/MuhasebeStokWebApp/MuhasebeStokWebApp.csproj]
/Users/muhammetkocaman/MuhasebeStokWebApp/Models/Report/ReportStatistics.cs(41,23): warning CS8618: Non-nullable property 'CariKodu' must contain a non-null value when exiting constructor. Consider adding the 'required' modifier or declaring the property as nullable. [/Users/muhammetkocaman/MuhasebeStokWebApp/MuhasebeStokWebApp.csproj]
/Users/muhammetkocaman/MuhasebeStokWebApp/Models/Report/ReportStatistics.cs(32,23): warning CS8618: Non-nullable property 'UrunAdi' must contain a non-null value when exiting constructor. Consider adding the 'required' modifier or declaring the property as nullable. [/Users/muhammetkocaman/MuhasebeStokWebApp/MuhasebeStokWebApp.csproj]
/Users/muhammetkocaman/MuhasebeStokWebApp/Models/Report/ReportStatistics.cs(33,23): warning CS8618: Non-nullable property 'Barkod' must contain a non-null value when exiting constructor. Consider adding the 'required' modifier or declaring the property as nullable. [/Users/muhammetkocaman/MuhasebeStokWebApp/MuhasebeStokWebApp.csproj]
/Users/muhammetkocaman/MuhasebeStokWebApp/Models/Currency/ExchangeRate.cs(7,23): warning CS8618: Non-nullable property 'CurrencyCode' must contain a non-null value when exiting constructor. Consider adding the 'required' modifier or declaring the property as nullable. [/Users/muhammetkocaman/MuhasebeStokWebApp/MuhasebeStokWebApp.csproj]
/Users/muhammetkocaman/MuhasebeStokWebApp/Models/Currency/ExchangeRate.cs(8,23): warning CS8618: Non-nullable property 'CurrencyName' must contain a non-null value when exiting constructor. Consider adding the 'required' modifier or declaring the property as nullable. [/Users/muhammetkocaman/MuhasebeStokWebApp/MuhasebeStokWebApp.csproj]
/Users/muhammetkocaman/MuhasebeStokWebApp/Models/CariEkstreViewModel.cs(82,23): warning CS8618: Non-nullable property 'Aciklama' must contain a non-null value when exiting constructor. Consider adding the 'required' modifier or declaring the property as nullable. [/Users/muhammetkocaman/MuhasebeStokWebApp/MuhasebeStokWebApp.csproj]
/Users/muhammetkocaman/MuhasebeStokWebApp/Models/CariEkstreViewModel.cs(85,23): warning CS8618: Non-nullable property 'IslemTuru' must contain a non-null value when exiting constructor. Consider adding the 'required' modifier or declaring the property as nullable. [/Users/muhammetkocaman/MuhasebeStokWebApp/MuhasebeStokWebApp.csproj]
/Users/muhammetkocaman/MuhasebeStokWebApp/Models/CariEkstreViewModel.cs(88,23): warning CS8618: Non-nullable property 'EvrakNo' must contain a non-null value when exiting constructor. Consider adding the 'required' modifier or declaring the property as nullable. [/Users/muhammetkocaman/MuhasebeStokWebApp/MuhasebeStokWebApp.csproj]
/Users/muhammetkocaman/MuhasebeStokWebApp/Models/CariEkstreViewModel.cs(91,23): warning CS8618: Non-nullable property 'Kaynak' must contain a non-null value when exiting constructor. Consider adding the 'required' modifier or declaring the property as nullable. [/Users/muhammetkocaman/MuhasebeStokWebApp/MuhasebeStokWebApp.csproj]
/Users/muhammetkocaman/MuhasebeStokWebApp/Middleware/GlobalExceptionHandlingMiddleware.cs(171,34): warning CS8601: Possible null reference assignment. [/Users/muhammetkocaman/MuhasebeStokWebApp/MuhasebeStokWebApp.csproj]
/Users/muhammetkocaman/MuhasebeStokWebApp/Services/UserManager.cs(30,20): warning CS8603: Possible null reference return. [/Users/muhammetkocaman/MuhasebeStokWebApp/MuhasebeStokWebApp.csproj]
/Users/muhammetkocaman/MuhasebeStokWebApp/ViewModels/Rapor/StokHareketModel.cs(10,23): warning CS8618: Non-nullable property 'UrunKodu' must contain a non-null value when exiting constructor. Consider adding the 'required' modifier or declaring the property as nullable. [/Users/muhammetkocaman/MuhasebeStokWebApp/MuhasebeStokWebApp.csproj]
/Users/muhammetkocaman/MuhasebeStokWebApp/ViewModels/Rapor/StokHareketModel.cs(11,23): warning CS8618: Non-nullable property 'UrunAdi' must contain a non-null value when exiting constructor. Consider adding the 'required' modifier or declaring the property as nullable. [/Users/muhammetkocaman/MuhasebeStokWebApp/MuhasebeStokWebApp.csproj]
/Users/muhammetkocaman/MuhasebeStokWebApp/ViewModels/Rapor/StokHareketModel.cs(14,23): warning CS8618: Non-nullable property 'HareketTuruAdi' must contain a non-null value when exiting constructor. Consider adding the 'required' modifier or declaring the property as nullable. [/Users/muhammetkocaman/MuhasebeStokWebApp/MuhasebeStokWebApp.csproj]
/Users/muhammetkocaman/MuhasebeStokWebApp/ViewModels/Rapor/StokHareketModel.cs(18,23): warning CS8618: Non-nullable property 'Birim' must contain a non-null value when exiting constructor. Consider adding the 'required' modifier or declaring the property as nullable. [/Users/muhammetkocaman/MuhasebeStokWebApp/MuhasebeStokWebApp.csproj]
/Users/muhammetkocaman/MuhasebeStokWebApp/ViewModels/Rapor/StokHareketModel.cs(19,23): warning CS8618: Non-nullable property 'ReferansNo' must contain a non-null value when exiting constructor. Consider adding the 'required' modifier or declaring the property as nullable. [/Users/muhammetkocaman/MuhasebeStokWebApp/MuhasebeStokWebApp.csproj]
/Users/muhammetkocaman/MuhasebeStokWebApp/ViewModels/Rapor/StokHareketModel.cs(20,23): warning CS8618: Non-nullable property 'ReferansTuru' must contain a non-null value when exiting constructor. Consider adding the 'required' modifier or declaring the property as nullable. [/Users/muhammetkocaman/MuhasebeStokWebApp/MuhasebeStokWebApp.csproj]
/Users/muhammetkocaman/MuhasebeStokWebApp/ViewModels/Rapor/RaporViewModel.cs(173,23): warning CS8618: Non-nullable property 'Ay' must contain a non-null value when exiting constructor. Consider adding the 'required' modifier or declaring the property as nullable. [/Users/muhammetkocaman/MuhasebeStokWebApp/MuhasebeStokWebApp.csproj]
/Users/muhammetkocaman/MuhasebeStokWebApp/Models/CariEkstreViewModel.cs(12,23): warning CS8618: Non-nullable property 'CariAdi' must contain a non-null value when exiting constructor. Consider adding the 'required' modifier or declaring the property as nullable. [/Users/muhammetkocaman/MuhasebeStokWebApp/MuhasebeStokWebApp.csproj]
/Users/muhammetkocaman/MuhasebeStokWebApp/Models/CariEkstreViewModel.cs(15,23): warning CS8618: Non-nullable property 'VergiNo' must contain a non-null value when exiting constructor. Consider adding the 'required' modifier or declaring the property as nullable. [/Users/muhammetkocaman/MuhasebeStokWebApp/MuhasebeStokWebApp.csproj]
/Users/muhammetkocaman/MuhasebeStokWebApp/Models/CariEkstreViewModel.cs(18,23): warning CS8618: Non-nullable property 'Adres' must contain a non-null value when exiting constructor. Consider adding the 'required' modifier or declaring the property as nullable. [/Users/muhammetkocaman/MuhasebeStokWebApp/MuhasebeStokWebApp.csproj]
/Users/muhammetkocaman/MuhasebeStokWebApp/Models/CariEkstreViewModel.cs(68,43): warning CS8618: Non-nullable property 'Hareketler' must contain a non-null value when exiting constructor. Consider adding the 'required' modifier or declaring the property as nullable. [/Users/muhammetkocaman/MuhasebeStokWebApp/MuhasebeStokWebApp.csproj]
/Users/muhammetkocaman/MuhasebeStokWebApp/ViewModels/Rapor/RaporViewModel.cs(144,23): warning CS8618: Non-nullable property 'FaturaNo' must contain a non-null value when exiting constructor. Consider adding the 'required' modifier or declaring the property as nullable. [/Users/muhammetkocaman/MuhasebeStokWebApp/MuhasebeStokWebApp.csproj]
/Users/muhammetkocaman/MuhasebeStokWebApp/ViewModels/Rapor/RaporViewModel.cs(145,23): warning CS8618: Non-nullable property 'CariAdi' must contain a non-null value when exiting constructor. Consider adding the 'required' modifier or declaring the property as nullable. [/Users/muhammetkocaman/MuhasebeStokWebApp/MuhasebeStokWebApp.csproj]
/Users/muhammetkocaman/MuhasebeStokWebApp/ViewModels/Rapor/RaporViewModel.cs(146,23): warning CS8618: Non-nullable property 'UrunAdi' must contain a non-null value when exiting constructor. Consider adding the 'required' modifier or declaring the property as nullable. [/Users/muhammetkocaman/MuhasebeStokWebApp/MuhasebeStokWebApp.csproj]
/Users/muhammetkocaman/MuhasebeStokWebApp/ViewModels/Rapor/RaporViewModel.cs(148,23): warning CS8618: Non-nullable property 'Birim' must contain a non-null value when exiting constructor. Consider adding the 'required' modifier or declaring the property as nullable. [/Users/muhammetkocaman/MuhasebeStokWebApp/MuhasebeStokWebApp.csproj]
/Users/muhammetkocaman/MuhasebeStokWebApp/Controllers/BankaController.cs(414,32): warning CS8601: Possible null reference assignment. [/Users/muhammetkocaman/MuhasebeStokWebApp/MuhasebeStokWebApp.csproj]
/Users/muhammetkocaman/MuhasebeStokWebApp/Controllers/IrsaliyeController.cs(186,35): warning CS8601: Possible null reference assignment. [/Users/muhammetkocaman/MuhasebeStokWebApp/MuhasebeStokWebApp.csproj]
/Users/muhammetkocaman/MuhasebeStokWebApp/Data/ApplicationDbContext.cs(336,13): warning CS0618: 'RelationalEntityTypeBuilderExtensions.HasCheckConstraint<TEntity>(EntityTypeBuilder<TEntity>, string, string?)' is obsolete: 'Configure this using ToTable(t => t.HasCheckConstraint()) instead.' [/Users/muhammetkocaman/MuhasebeStokWebApp/MuhasebeStokWebApp.csproj]
/Users/muhammetkocaman/MuhasebeStokWebApp/Data/ApplicationDbContext.cs(714,20): warning CS8600: Converting null literal or possible null value to non-nullable type. [/Users/muhammetkocaman/MuhasebeStokWebApp/MuhasebeStokWebApp.csproj]
/Users/muhammetkocaman/MuhasebeStokWebApp/Data/ApplicationDbContext.cs(714,20): warning CS8603: Possible null reference return. [/Users/muhammetkocaman/MuhasebeStokWebApp/MuhasebeStokWebApp.csproj]
/Users/muhammetkocaman/MuhasebeStokWebApp/Services/StokService.cs(30,39): warning CS8602: Dereference of a possibly null reference. [/Users/muhammetkocaman/MuhasebeStokWebApp/MuhasebeStokWebApp.csproj]
/Users/muhammetkocaman/MuhasebeStokWebApp/Services/StokService.cs(33,49): warning CS8602: Dereference of a possibly null reference. [/Users/muhammetkocaman/MuhasebeStokWebApp/MuhasebeStokWebApp.csproj]
/Users/muhammetkocaman/MuhasebeStokWebApp/Services/StokService.cs(33,84): warning CS8602: Dereference of a possibly null reference. [/Users/muhammetkocaman/MuhasebeStokWebApp/MuhasebeStokWebApp.csproj]
/Users/muhammetkocaman/MuhasebeStokWebApp/Controllers/IrsaliyeController.cs(236,31): warning CS8601: Possible null reference assignment. [/Users/muhammetkocaman/MuhasebeStokWebApp/MuhasebeStokWebApp.csproj]
/Users/muhammetkocaman/MuhasebeStokWebApp/Controllers/IrsaliyeController.cs(231,37): warning CS8601: Possible null reference assignment. [/Users/muhammetkocaman/MuhasebeStokWebApp/MuhasebeStokWebApp.csproj]
/Users/muhammetkocaman/MuhasebeStokWebApp/Controllers/CariController.cs(687,31): warning CS8601: Possible null reference assignment. [/Users/muhammetkocaman/MuhasebeStokWebApp/MuhasebeStokWebApp.csproj]
/Users/muhammetkocaman/MuhasebeStokWebApp/Services/StokService.cs(50,20): warning CS8603: Possible null reference return. [/Users/muhammetkocaman/MuhasebeStokWebApp/MuhasebeStokWebApp.csproj]
/Users/muhammetkocaman/MuhasebeStokWebApp/Controllers/MenuController.cs(199,30): warning CS8601: Possible null reference assignment. [/Users/muhammetkocaman/MuhasebeStokWebApp/MuhasebeStokWebApp.csproj]
/Users/muhammetkocaman/MuhasebeStokWebApp/Services/StokService.cs(62,39): warning CS8602: Dereference of a possibly null reference. [/Users/muhammetkocaman/MuhasebeStokWebApp/MuhasebeStokWebApp.csproj]
/Users/muhammetkocaman/MuhasebeStokWebApp/Controllers/CariController.cs(897,41): warning CS8604: Possible null reference argument for parameter 'input' in 'Guid Guid.Parse(string input)'. [/Users/muhammetkocaman/MuhasebeStokWebApp/MuhasebeStokWebApp.csproj]
/Users/muhammetkocaman/MuhasebeStokWebApp/Controllers/MenuController.cs(263,25): warning CS8602: Dereference of a possibly null reference. [/Users/muhammetkocaman/MuhasebeStokWebApp/MuhasebeStokWebApp.csproj]
/Users/muhammetkocaman/MuhasebeStokWebApp/Controllers/KasaController.cs(862,29): warning CS8602: Dereference of a possibly null reference. [/Users/muhammetkocaman/MuhasebeStokWebApp/MuhasebeStokWebApp.csproj]
/Users/muhammetkocaman/MuhasebeStokWebApp/Controllers/KasaController.cs(866,33): warning CS8602: Dereference of a possibly null reference. [/Users/muhammetkocaman/MuhasebeStokWebApp/MuhasebeStokWebApp.csproj]
/Users/muhammetkocaman/MuhasebeStokWebApp/Controllers/UrunController.cs(444,35): warning CS8602: Dereference of a possibly null reference. [/Users/muhammetkocaman/MuhasebeStokWebApp/MuhasebeStokWebApp.csproj]
/Users/muhammetkocaman/MuhasebeStokWebApp/Controllers/CariController.cs(1359,32): warning CS8601: Possible null reference assignment. [/Users/muhammetkocaman/MuhasebeStokWebApp/MuhasebeStokWebApp.csproj]
/Users/muhammetkocaman/MuhasebeStokWebApp/Controllers/CariController.cs(1360,34): warning CS8601: Possible null reference assignment. [/Users/muhammetkocaman/MuhasebeStokWebApp/MuhasebeStokWebApp.csproj]
/Users/muhammetkocaman/MuhasebeStokWebApp/Controllers/CariController.cs(1361,36): warning CS8601: Possible null reference assignment. [/Users/muhammetkocaman/MuhasebeStokWebApp/MuhasebeStokWebApp.csproj]
/Users/muhammetkocaman/MuhasebeStokWebApp/Controllers/CariController.cs(1366,36): warning CS8604: Possible null reference argument for parameter 'input' in 'Guid Guid.Parse(string input)'. [/Users/muhammetkocaman/MuhasebeStokWebApp/MuhasebeStokWebApp.csproj]
/Users/muhammetkocaman/MuhasebeStokWebApp/Views/Banka/YeniHareket.cshtml(22,26): warning CS8602: Dereference of a possibly null reference. [/Users/muhammetkocaman/MuhasebeStokWebApp/MuhasebeStokWebApp.csproj]
/Users/muhammetkocaman/MuhasebeStokWebApp/Controllers/FaturaController.cs(213,59): warning CS8602: Dereference of a possibly null reference. [/Users/muhammetkocaman/MuhasebeStokWebApp/MuhasebeStokWebApp.csproj]
/Users/muhammetkocaman/MuhasebeStokWebApp/Controllers/FaturaController.cs(219,61): warning CS8602: Dereference of a possibly null reference. [/Users/muhammetkocaman/MuhasebeStokWebApp/MuhasebeStokWebApp.csproj]
/Users/muhammetkocaman/MuhasebeStokWebApp/Controllers/FaturaController.cs(225,63): warning CS8602: Dereference of a possibly null reference. [/Users/muhammetkocaman/MuhasebeStokWebApp/MuhasebeStokWebApp.csproj]
/Users/muhammetkocaman/MuhasebeStokWebApp/Controllers/FaturaController.cs(231,58): warning CS8602: Dereference of a possibly null reference. [/Users/muhammetkocaman/MuhasebeStokWebApp/MuhasebeStokWebApp.csproj]
/Users/muhammetkocaman/MuhasebeStokWebApp/Controllers/FaturaController.cs(252,37): warning CS8602: Dereference of a possibly null reference. [/Users/muhammetkocaman/MuhasebeStokWebApp/MuhasebeStokWebApp.csproj]
/Users/muhammetkocaman/MuhasebeStokWebApp/Controllers/FaturaController.cs(253,67): warning CS8602: Dereference of a possibly null reference. [/Users/muhammetkocaman/MuhasebeStokWebApp/MuhasebeStokWebApp.csproj]
/Users/muhammetkocaman/MuhasebeStokWebApp/Controllers/FaturaController.cs(585,121): warning CS8604: Possible null reference argument for parameter 'g' in 'Guid.Guid(string g)'. [/Users/muhammetkocaman/MuhasebeStokWebApp/MuhasebeStokWebApp.csproj]
/Users/muhammetkocaman/MuhasebeStokWebApp/Controllers/UrunController.cs(679,51): warning CS8602: Dereference of a possibly null reference. [/Users/muhammetkocaman/MuhasebeStokWebApp/MuhasebeStokWebApp.csproj]
/Users/muhammetkocaman/MuhasebeStokWebApp/Controllers/UrunController.cs(683,53): warning CS8602: Dereference of a possibly null reference. [/Users/muhammetkocaman/MuhasebeStokWebApp/MuhasebeStokWebApp.csproj]
/Users/muhammetkocaman/MuhasebeStokWebApp/Controllers/UrunController.cs(687,51): warning CS8602: Dereference of a possibly null reference. [/Users/muhammetkocaman/MuhasebeStokWebApp/MuhasebeStokWebApp.csproj]
/Users/muhammetkocaman/MuhasebeStokWebApp/Controllers/IrsaliyeController.cs(741,31): warning CS8601: Possible null reference assignment. [/Users/muhammetkocaman/MuhasebeStokWebApp/MuhasebeStokWebApp.csproj]
/Users/muhammetkocaman/MuhasebeStokWebApp/Controllers/UrunController.cs(760,30): warning CS8602: Dereference of a possibly null reference. [/Users/muhammetkocaman/MuhasebeStokWebApp/MuhasebeStokWebApp.csproj]
/Users/muhammetkocaman/MuhasebeStokWebApp/Controllers/FaturaController.cs(873,43): warning CS8602: Dereference of a possibly null reference. [/Users/muhammetkocaman/MuhasebeStokWebApp/MuhasebeStokWebApp.csproj]
/Users/muhammetkocaman/MuhasebeStokWebApp/ViewModels/Rapor/RaporViewModel.cs(120,23): warning CS8618: Non-nullable property 'UrunAdi' must contain a non-null value when exiting constructor. Consider adding the 'required' modifier or declaring the property as nullable. [/Users/muhammetkocaman/MuhasebeStokWebApp/MuhasebeStokWebApp.csproj]
/Users/muhammetkocaman/MuhasebeStokWebApp/ViewModels/Rapor/RaporViewModel.cs(122,23): warning CS8618: Non-nullable property 'HareketTuru' must contain a non-null value when exiting constructor. Consider adding the 'required' modifier or declaring the property as nullable. [/Users/muhammetkocaman/MuhasebeStokWebApp/MuhasebeStokWebApp.csproj]
/Users/muhammetkocaman/MuhasebeStokWebApp/ViewModels/Rapor/RaporViewModel.cs(124,23): warning CS8618: Non-nullable property 'Birim' must contain a non-null value when exiting constructor. Consider adding the 'required' modifier or declaring the property as nullable. [/Users/muhammetkocaman/MuhasebeStokWebApp/MuhasebeStokWebApp.csproj]
/Users/muhammetkocaman/MuhasebeStokWebApp/ViewModels/Rapor/RaporViewModel.cs(127,23): warning CS8618: Non-nullable property 'ReferansNo' must contain a non-null value when exiting constructor. Consider adding the 'required' modifier or declaring the property as nullable. [/Users/muhammetkocaman/MuhasebeStokWebApp/MuhasebeStokWebApp.csproj]
/Users/muhammetkocaman/MuhasebeStokWebApp/ViewModels/Rapor/RaporViewModel.cs(128,23): warning CS8618: Non-nullable property 'ReferansTuru' must contain a non-null value when exiting constructor. Consider adding the 'required' modifier or declaring the property as nullable. [/Users/muhammetkocaman/MuhasebeStokWebApp/MuhasebeStokWebApp.csproj]
/Users/muhammetkocaman/MuhasebeStokWebApp/ViewModels/Rapor/RaporViewModel.cs(129,23): warning CS8618: Non-nullable property 'Aciklama' must contain a non-null value when exiting constructor. Consider adding the 'required' modifier or declaring the property as nullable. [/Users/muhammetkocaman/MuhasebeStokWebApp/MuhasebeStokWebApp.csproj]
/Users/muhammetkocaman/MuhasebeStokWebApp/ViewModels/Rapor/RaporViewModel.cs(101,23): warning CS8618: Non-nullable property 'CariAdi' must contain a non-null value when exiting constructor. Consider adding the 'required' modifier or declaring the property as nullable. [/Users/muhammetkocaman/MuhasebeStokWebApp/MuhasebeStokWebApp.csproj]
/Users/muhammetkocaman/MuhasebeStokWebApp/ViewModels/Rapor/RaporViewModel.cs(103,23): warning CS8618: Non-nullable property 'HareketTuru' must contain a non-null value when exiting constructor. Consider adding the 'required' modifier or declaring the property as nullable. [/Users/muhammetkocaman/MuhasebeStokWebApp/MuhasebeStokWebApp.csproj]
/Users/muhammetkocaman/MuhasebeStokWebApp/ViewModels/Rapor/RaporViewModel.cs(105,23): warning CS8618: Non-nullable property 'ReferansNo' must contain a non-null value when exiting constructor. Consider adding the 'required' modifier or declaring the property as nullable. [/Users/muhammetkocaman/MuhasebeStokWebApp/MuhasebeStokWebApp.csproj]
/Users/muhammetkocaman/MuhasebeStokWebApp/ViewModels/Rapor/RaporViewModel.cs(106,23): warning CS8618: Non-nullable property 'ReferansTuru' must contain a non-null value when exiting constructor. Consider adding the 'required' modifier or declaring the property as nullable. [/Users/muhammetkocaman/MuhasebeStokWebApp/MuhasebeStokWebApp.csproj]
/Users/muhammetkocaman/MuhasebeStokWebApp/ViewModels/Rapor/RaporViewModel.cs(107,23): warning CS8618: Non-nullable property 'Aciklama' must contain a non-null value when exiting constructor. Consider adding the 'required' modifier or declaring the property as nullable. [/Users/muhammetkocaman/MuhasebeStokWebApp/MuhasebeStokWebApp.csproj]
/Users/muhammetkocaman/MuhasebeStokWebApp/ViewModels/Rapor/RaporViewModel.cs(80,23): warning CS8618: Non-nullable property 'BankaAdi' must contain a non-null value when exiting constructor. Consider adding the 'required' modifier or declaring the property as nullable. [/Users/muhammetkocaman/MuhasebeStokWebApp/MuhasebeStokWebApp.csproj]
/Users/muhammetkocaman/MuhasebeStokWebApp/ViewModels/Rapor/RaporViewModel.cs(82,23): warning CS8618: Non-nullable property 'HareketTuru' must contain a non-null value when exiting constructor. Consider adding the 'required' modifier or declaring the property as nullable. [/Users/muhammetkocaman/MuhasebeStokWebApp/MuhasebeStokWebApp.csproj]
/Users/muhammetkocaman/MuhasebeStokWebApp/ViewModels/Rapor/RaporViewModel.cs(84,23): warning CS8618: Non-nullable property 'ParaBirimi' must contain a non-null value when exiting constructor. Consider adding the 'required' modifier or declaring the property as nullable. [/Users/muhammetkocaman/MuhasebeStokWebApp/MuhasebeStokWebApp.csproj]
/Users/muhammetkocaman/MuhasebeStokWebApp/ViewModels/Rapor/RaporViewModel.cs(85,23): warning CS8618: Non-nullable property 'ReferansNo' must contain a non-null value when exiting constructor. Consider adding the 'required' modifier or declaring the property as nullable. [/Users/muhammetkocaman/MuhasebeStokWebApp/MuhasebeStokWebApp.csproj]
/Users/muhammetkocaman/MuhasebeStokWebApp/ViewModels/Rapor/RaporViewModel.cs(86,23): warning CS8618: Non-nullable property 'ReferansTuru' must contain a non-null value when exiting constructor. Consider adding the 'required' modifier or declaring the property as nullable. [/Users/muhammetkocaman/MuhasebeStokWebApp/MuhasebeStokWebApp.csproj]
/Users/muhammetkocaman/MuhasebeStokWebApp/ViewModels/Rapor/RaporViewModel.cs(87,23): warning CS8618: Non-nullable property 'DekontNo' must contain a non-null value when exiting constructor. Consider adding the 'required' modifier or declaring the property as nullable. [/Users/muhammetkocaman/MuhasebeStokWebApp/MuhasebeStokWebApp.csproj]
/Users/muhammetkocaman/MuhasebeStokWebApp/ViewModels/Rapor/RaporViewModel.cs(88,23): warning CS8618: Non-nullable property 'Aciklama' must contain a non-null value when exiting constructor. Consider adding the 'required' modifier or declaring the property as nullable. [/Users/muhammetkocaman/MuhasebeStokWebApp/MuhasebeStokWebApp.csproj]
/Users/muhammetkocaman/MuhasebeStokWebApp/ViewModels/Rapor/RaporViewModel.cs(60,23): warning CS8618: Non-nullable property 'KasaAdi' must contain a non-null value when exiting constructor. Consider adding the 'required' modifier or declaring the property as nullable. [/Users/muhammetkocaman/MuhasebeStokWebApp/MuhasebeStokWebApp.csproj]
/Users/muhammetkocaman/MuhasebeStokWebApp/ViewModels/Rapor/RaporViewModel.cs(62,23): warning CS8618: Non-nullable property 'HareketTuru' must contain a non-null value when exiting constructor. Consider adding the 'required' modifier or declaring the property as nullable. [/Users/muhammetkocaman/MuhasebeStokWebApp/MuhasebeStokWebApp.csproj]
/Users/muhammetkocaman/MuhasebeStokWebApp/ViewModels/Rapor/RaporViewModel.cs(64,23): warning CS8618: Non-nullable property 'ReferansNo' must contain a non-null value when exiting constructor. Consider adding the 'required' modifier or declaring the property as nullable. [/Users/muhammetkocaman/MuhasebeStokWebApp/MuhasebeStokWebApp.csproj]
/Users/muhammetkocaman/MuhasebeStokWebApp/ViewModels/Rapor/RaporViewModel.cs(65,23): warning CS8618: Non-nullable property 'ReferansTuru' must contain a non-null value when exiting constructor. Consider adding the 'required' modifier or declaring the property as nullable. [/Users/muhammetkocaman/MuhasebeStokWebApp/MuhasebeStokWebApp.csproj]
/Users/muhammetkocaman/MuhasebeStokWebApp/ViewModels/Rapor/RaporViewModel.cs(66,23): warning CS8618: Non-nullable property 'Aciklama' must contain a non-null value when exiting constructor. Consider adding the 'required' modifier or declaring the property as nullable. [/Users/muhammetkocaman/MuhasebeStokWebApp/MuhasebeStokWebApp.csproj]
/Users/muhammetkocaman/MuhasebeStokWebApp/ViewModels/Rapor/RaporViewModel.cs(41,23): warning CS8618: Non-nullable property 'HareketTuru' must contain a non-null value when exiting constructor. Consider adding the 'required' modifier or declaring the property as nullable. [/Users/muhammetkocaman/MuhasebeStokWebApp/MuhasebeStokWebApp.csproj]
/Users/muhammetkocaman/MuhasebeStokWebApp/ViewModels/Rapor/RaporViewModel.cs(44,23): warning CS8618: Non-nullable property 'RaporTuru' must contain a non-null value when exiting constructor. Consider adding the 'required' modifier or declaring the property as nullable. [/Users/muhammetkocaman/MuhasebeStokWebApp/MuhasebeStokWebApp.csproj]
/Users/muhammetkocaman/MuhasebeStokWebApp/ViewModels/Rapor/RaporViewModel.cs(10,23): warning CS8618: Non-nullable property 'RaporAdi' must contain a non-null value when exiting constructor. Consider adding the 'required' modifier or declaring the property as nullable. [/Users/muhammetkocaman/MuhasebeStokWebApp/MuhasebeStokWebApp.csproj]
/Users/muhammetkocaman/MuhasebeStokWebApp/ViewModels/Rapor/RaporViewModel.cs(11,23): warning CS8618: Non-nullable property 'Aciklama' must contain a non-null value when exiting constructor. Consider adding the 'required' modifier or declaring the property as nullable. [/Users/muhammetkocaman/MuhasebeStokWebApp/MuhasebeStokWebApp.csproj]
/Users/muhammetkocaman/MuhasebeStokWebApp/ViewModels/Rapor/RaporViewModel.cs(13,23): warning CS8618: Non-nullable property 'KullaniciAdi' must contain a non-null value when exiting constructor. Consider adding the 'required' modifier or declaring the property as nullable. [/Users/muhammetkocaman/MuhasebeStokWebApp/MuhasebeStokWebApp.csproj]
/Users/muhammetkocaman/MuhasebeStokWebApp/ViewModels/Rapor/RaporStokViewModel.cs(19,23): warning CS8618: Non-nullable property 'UrunAdi' must contain a non-null value when exiting constructor. Consider adding the 'required' modifier or declaring the property as nullable. [/Users/muhammetkocaman/MuhasebeStokWebApp/MuhasebeStokWebApp.csproj]
/Users/muhammetkocaman/MuhasebeStokWebApp/ViewModels/Rapor/RaporStokViewModel.cs(21,23): warning CS8618: Non-nullable property 'HareketTuru' must contain a non-null value when exiting constructor. Consider adding the 'required' modifier or declaring the property as nullable. [/Users/muhammetkocaman/MuhasebeStokWebApp/MuhasebeStokWebApp.csproj]
/Users/muhammetkocaman/MuhasebeStokWebApp/ViewModels/Rapor/RaporStokViewModel.cs(23,23): warning CS8618: Non-nullable property 'Birim' must contain a non-null value when exiting constructor. Consider adding the 'required' modifier or declaring the property as nullable. [/Users/muhammetkocaman/MuhasebeStokWebApp/MuhasebeStokWebApp.csproj]
/Users/muhammetkocaman/MuhasebeStokWebApp/ViewModels/Rapor/RaporStokViewModel.cs(26,23): warning CS8618: Non-nullable property 'ReferansNo' must contain a non-null value when exiting constructor. Consider adding the 'required' modifier or declaring the property as nullable. [/Users/muhammetkocaman/MuhasebeStokWebApp/MuhasebeStokWebApp.csproj]
/Users/muhammetkocaman/MuhasebeStokWebApp/ViewModels/Rapor/RaporStokViewModel.cs(27,23): warning CS8618: Non-nullable property 'ReferansTuru' must contain a non-null value when exiting constructor. Consider adding the 'required' modifier or declaring the property as nullable. [/Users/muhammetkocaman/MuhasebeStokWebApp/MuhasebeStokWebApp.csproj]
/Users/muhammetkocaman/MuhasebeStokWebApp/ViewModels/Rapor/RaporStokViewModel.cs(28,23): warning CS8618: Non-nullable property 'Aciklama' must contain a non-null value when exiting constructor. Consider adding the 'required' modifier or declaring the property as nullable. [/Users/muhammetkocaman/MuhasebeStokWebApp/MuhasebeStokWebApp.csproj]
/Users/muhammetkocaman/MuhasebeStokWebApp/ViewModels/Rapor/RaporStokViewModel.cs(8,23): warning CS8618: Non-nullable property 'RaporAdi' must contain a non-null value when exiting constructor. Consider adding the 'required' modifier or declaring the property as nullable. [/Users/muhammetkocaman/MuhasebeStokWebApp/MuhasebeStokWebApp.csproj]
/Users/muhammetkocaman/MuhasebeStokWebApp/ViewModels/Rapor/RaporStokViewModel.cs(10,23): warning CS8618: Non-nullable property 'KullaniciAdi' must contain a non-null value when exiting constructor. Consider adding the 'required' modifier or declaring the property as nullable. [/Users/muhammetkocaman/MuhasebeStokWebApp/MuhasebeStokWebApp.csproj]
/Users/muhammetkocaman/MuhasebeStokWebApp/ViewModels/Rapor/RaporStokViewModel.cs(11,23): warning CS8618: Non-nullable property 'Aciklama' must contain a non-null value when exiting constructor. Consider adding the 'required' modifier or declaring the property as nullable. [/Users/muhammetkocaman/MuhasebeStokWebApp/MuhasebeStokWebApp.csproj]
/Users/muhammetkocaman/MuhasebeStokWebApp/ViewModels/ParaBirimiModulu/ParaBirimiViewModels.cs(329,23): warning CS8618: Non-nullable property 'KaynakParaBirimiAdi' must contain a non-null value when exiting constructor. Consider adding the 'required' modifier or declaring the property as nullable. [/Users/muhammetkocaman/MuhasebeStokWebApp/MuhasebeStokWebApp.csproj]
/Users/muhammetkocaman/MuhasebeStokWebApp/ViewModels/ParaBirimiModulu/ParaBirimiViewModels.cs(335,23): warning CS8618: Non-nullable property 'KaynakParaBirimiKodu' must contain a non-null value when exiting constructor. Consider adding the 'required' modifier or declaring the property as nullable. [/Users/muhammetkocaman/MuhasebeStokWebApp/MuhasebeStokWebApp.csproj]
/Users/muhammetkocaman/MuhasebeStokWebApp/ViewModels/ParaBirimiModulu/ParaBirimiViewModels.cs(348,23): warning CS8618: Non-nullable property 'HedefParaBirimiAdi' must contain a non-null value when exiting constructor. Consider adding the 'required' modifier or declaring the property as nullable. [/Users/muhammetkocaman/MuhasebeStokWebApp/MuhasebeStokWebApp.csproj]
/Users/muhammetkocaman/MuhasebeStokWebApp/ViewModels/ParaBirimiModulu/ParaBirimiViewModels.cs(354,23): warning CS8618: Non-nullable property 'HedefParaBirimiKodu' must contain a non-null value when exiting constructor. Consider adding the 'required' modifier or declaring the property as nullable. [/Users/muhammetkocaman/MuhasebeStokWebApp/MuhasebeStokWebApp.csproj]
/Users/muhammetkocaman/MuhasebeStokWebApp/ViewModels/ParaBirimiModulu/ParaBirimiViewModels.cs(367,23): warning CS8618: Non-nullable property 'Aciklama' must contain a non-null value when exiting constructor. Consider adding the 'required' modifier or declaring the property as nullable. [/Users/muhammetkocaman/MuhasebeStokWebApp/MuhasebeStokWebApp.csproj]
/Users/muhammetkocaman/MuhasebeStokWebApp/ViewModels/ParaBirimiModulu/ParaBirimiViewModels.cs(372,37): warning CS8618: Non-nullable property 'ParaBirimleri' must contain a non-null value when exiting constructor. Consider adding the 'required' modifier or declaring the property as nullable. [/Users/muhammetkocaman/MuhasebeStokWebApp/MuhasebeStokWebApp.csproj]
/Users/muhammetkocaman/MuhasebeStokWebApp/ViewModels/ParaBirimiModulu/ParaBirimiViewModels.cs(148,23): warning CS8618: Non-nullable property 'Kod' must contain a non-null value when exiting constructor. Consider adding the 'required' modifier or declaring the property as nullable. [/Users/muhammetkocaman/MuhasebeStokWebApp/MuhasebeStokWebApp.csproj]
/Users/muhammetkocaman/MuhasebeStokWebApp/ViewModels/ParaBirimiModulu/ParaBirimiViewModels.cs(156,23): warning CS8618: Non-nullable property 'Ad' must contain a non-null value when exiting constructor. Consider adding the 'required' modifier or declaring the property as nullable. [/Users/muhammetkocaman/MuhasebeStokWebApp/MuhasebeStokWebApp.csproj]
/Users/muhammetkocaman/MuhasebeStokWebApp/ViewModels/ParaBirimiModulu/ParaBirimiViewModels.cs(163,23): warning CS8618: Non-nullable property 'Sembol' must contain a non-null value when exiting constructor. Consider adding the 'required' modifier or declaring the property as nullable. [/Users/muhammetkocaman/MuhasebeStokWebApp/MuhasebeStokWebApp.csproj]
/Users/muhammetkocaman/MuhasebeStokWebApp/ViewModels/ParaBirimiModulu/ParaBirimiViewModels.cs(170,23): warning CS8618: Non-nullable property 'OndalikAyraci' must contain a non-null value when exiting constructor. Consider adding the 'required' modifier or declaring the property as nullable. [/Users/muhammetkocaman/MuhasebeStokWebApp/MuhasebeStokWebApp.csproj]
/Users/muhammetkocaman/MuhasebeStokWebApp/ViewModels/ParaBirimiModulu/ParaBirimiViewModels.cs(177,23): warning CS8618: Non-nullable property 'BinlikAyraci' must contain a non-null value when exiting constructor. Consider adding the 'required' modifier or declaring the property as nullable. [/Users/muhammetkocaman/MuhasebeStokWebApp/MuhasebeStokWebApp.csproj]
/Users/muhammetkocaman/MuhasebeStokWebApp/ViewModels/ParaBirimiModulu/ParaBirimiViewModels.cs(209,23): warning CS8618: Non-nullable property 'Aciklama' must contain a non-null value when exiting constructor. Consider adding the 'required' modifier or declaring the property as nullable. [/Users/muhammetkocaman/MuhasebeStokWebApp/MuhasebeStokWebApp.csproj]
/Users/muhammetkocaman/MuhasebeStokWebApp/ViewModels/ParaBirimiModulu/ParaBirimiViewModels.cs(68,23): warning CS8618: Non-nullable property 'Kod' must contain a non-null value when exiting constructor. Consider adding the 'required' modifier or declaring the property as nullable. [/Users/muhammetkocaman/MuhasebeStokWebApp/MuhasebeStokWebApp.csproj]
/Users/muhammetkocaman/MuhasebeStokWebApp/ViewModels/ParaBirimiModulu/ParaBirimiViewModels.cs(76,23): warning CS8618: Non-nullable property 'Ad' must contain a non-null value when exiting constructor. Consider adding the 'required' modifier or declaring the property as nullable. [/Users/muhammetkocaman/MuhasebeStokWebApp/MuhasebeStokWebApp.csproj]
/Users/muhammetkocaman/MuhasebeStokWebApp/ViewModels/ParaBirimiModulu/ParaBirimiViewModels.cs(83,23): warning CS8618: Non-nullable property 'Sembol' must contain a non-null value when exiting constructor. Consider adding the 'required' modifier or declaring the property as nullable. [/Users/muhammetkocaman/MuhasebeStokWebApp/MuhasebeStokWebApp.csproj]
/Users/muhammetkocaman/MuhasebeStokWebApp/ViewModels/ParaBirimiModulu/ParaBirimiViewModels.cs(129,23): warning CS8618: Non-nullable property 'Aciklama' must contain a non-null value when exiting constructor. Consider adding the 'required' modifier or declaring the property as nullable. [/Users/muhammetkocaman/MuhasebeStokWebApp/MuhasebeStokWebApp.csproj]
/Users/muhammetkocaman/MuhasebeStokWebApp/ViewModels/ParaBirimiModulu/ParaBirimiViewModels.cs(24,23): warning CS8618: Non-nullable property 'Kod' must contain a non-null value when exiting constructor. Consider adding the 'required' modifier or declaring the property as nullable. [/Users/muhammetkocaman/MuhasebeStokWebApp/MuhasebeStokWebApp.csproj]
/Users/muhammetkocaman/MuhasebeStokWebApp/ViewModels/ParaBirimiModulu/ParaBirimiViewModels.cs(30,23): warning CS8618: Non-nullable property 'Ad' must contain a non-null value when exiting constructor. Consider adding the 'required' modifier or declaring the property as nullable. [/Users/muhammetkocaman/MuhasebeStokWebApp/MuhasebeStokWebApp.csproj]
/Users/muhammetkocaman/MuhasebeStokWebApp/ViewModels/ParaBirimiModulu/ParaBirimiViewModels.cs(36,23): warning CS8618: Non-nullable property 'Sembol' must contain a non-null value when exiting constructor. Consider adding the 'required' modifier or declaring the property as nullable. [/Users/muhammetkocaman/MuhasebeStokWebApp/MuhasebeStokWebApp.csproj]
/Users/muhammetkocaman/MuhasebeStokWebApp/ViewModels/Menu/MenuItem.cs(8,23): warning CS8618: Non-nullable property 'Id' must contain a non-null value when exiting constructor. Consider adding the 'required' modifier or declaring the property as nullable. [/Users/muhammetkocaman/MuhasebeStokWebApp/MuhasebeStokWebApp.csproj]
/Users/muhammetkocaman/MuhasebeStokWebApp/ViewModels/Menu/MenuItem.cs(9,23): warning CS8618: Non-nullable property 'Text' must contain a non-null value when exiting constructor. Consider adding the 'required' modifier or declaring the property as nullable. [/Users/muhammetkocaman/MuhasebeStokWebApp/MuhasebeStokWebApp.csproj]
/Users/muhammetkocaman/MuhasebeStokWebApp/ViewModels/Menu/MenuItem.cs(10,23): warning CS8618: Non-nullable property 'Icon' must contain a non-null value when exiting constructor. Consider adding the 'required' modifier or declaring the property as nullable. [/Users/muhammetkocaman/MuhasebeStokWebApp/MuhasebeStokWebApp.csproj]
/Users/muhammetkocaman/MuhasebeStokWebApp/ViewModels/Menu/MenuItem.cs(11,23): warning CS8618: Non-nullable property 'Url' must contain a non-null value when exiting constructor. Consider adding the 'required' modifier or declaring the property as nullable. [/Users/muhammetkocaman/MuhasebeStokWebApp/MuhasebeStokWebApp.csproj]
/Users/muhammetkocaman/MuhasebeStokWebApp/ViewModels/Menu/MenuItem.cs(12,23): warning CS8618: Non-nullable property 'Action' must contain a non-null value when exiting constructor. Consider adding the 'required' modifier or declaring the property as nullable. [/Users/muhammetkocaman/MuhasebeStokWebApp/MuhasebeStokWebApp.csproj]
/Users/muhammetkocaman/MuhasebeStokWebApp/ViewModels/Menu/MenuItem.cs(13,23): warning CS8618: Non-nullable property 'Controller' must contain a non-null value when exiting constructor. Consider adding the 'required' modifier or declaring the property as nullable. [/Users/muhammetkocaman/MuhasebeStokWebApp/MuhasebeStokWebApp.csproj]
/Users/muhammetkocaman/MuhasebeStokWebApp/ViewModels/Menu/MenuEditViewModel.cs(16,23): warning CS8618: Non-nullable property 'Ad' must contain a non-null value when exiting constructor. Consider adding the 'required' modifier or declaring the property as nullable. [/Users/muhammetkocaman/MuhasebeStokWebApp/MuhasebeStokWebApp.csproj]
/Users/muhammetkocaman/MuhasebeStokWebApp/ViewModels/Menu/MenuEditViewModel.cs(20,23): warning CS8618: Non-nullable property 'Icon' must contain a non-null value when exiting constructor. Consider adding the 'required' modifier or declaring the property as nullable. [/Users/muhammetkocaman/MuhasebeStokWebApp/MuhasebeStokWebApp.csproj]
/Users/muhammetkocaman/MuhasebeStokWebApp/ViewModels/Menu/MenuEditViewModel.cs(24,23): warning CS8618: Non-nullable property 'Url' must contain a non-null value when exiting constructor. Consider adding the 'required' modifier or declaring the property as nullable. [/Users/muhammetkocaman/MuhasebeStokWebApp/MuhasebeStokWebApp.csproj]
/Users/muhammetkocaman/MuhasebeStokWebApp/ViewModels/Menu/MenuEditViewModel.cs(28,23): warning CS8618: Non-nullable property 'Controller' must contain a non-null value when exiting constructor. Consider adding the 'required' modifier or declaring the property as nullable. [/Users/muhammetkocaman/MuhasebeStokWebApp/MuhasebeStokWebApp.csproj]
/Users/muhammetkocaman/MuhasebeStokWebApp/ViewModels/Menu/MenuEditViewModel.cs(32,23): warning CS8618: Non-nullable property 'Action' must contain a non-null value when exiting constructor. Consider adding the 'required' modifier or declaring the property as nullable. [/Users/muhammetkocaman/MuhasebeStokWebApp/MuhasebeStokWebApp.csproj]
/Users/muhammetkocaman/MuhasebeStokWebApp/ViewModels/Menu/MenuEditViewModel.cs(44,35): warning CS8618: Non-nullable property 'ParentMenu' must contain a non-null value when exiting constructor. Consider adding the 'required' modifier or declaring the property as nullable. [/Users/muhammetkocaman/MuhasebeStokWebApp/MuhasebeStokWebApp.csproj]
/Users/muhammetkocaman/MuhasebeStokWebApp/ViewModels/Menu/MenuEditViewModel.cs(49,42): warning CS8618: Non-nullable property 'Roles' must contain a non-null value when exiting constructor. Consider adding the 'required' modifier or declaring the property as nullable. [/Users/muhammetkocaman/MuhasebeStokWebApp/MuhasebeStokWebApp.csproj]
/Users/muhammetkocaman/MuhasebeStokWebApp/ViewModels/Menu/MenuCreateViewModel.cs(14,23): warning CS8618: Non-nullable property 'Ad' must contain a non-null value when exiting constructor. Consider adding the 'required' modifier or declaring the property as nullable. [/Users/muhammetkocaman/MuhasebeStokWebApp/MuhasebeStokWebApp.csproj]
/Users/muhammetkocaman/MuhasebeStokWebApp/ViewModels/Menu/MenuCreateViewModel.cs(18,23): warning CS8618: Non-nullable property 'Icon' must contain a non-null value when exiting constructor. Consider adding the 'required' modifier or declaring the property as nullable. [/Users/muhammetkocaman/MuhasebeStokWebApp/MuhasebeStokWebApp.csproj]
/Users/muhammetkocaman/MuhasebeStokWebApp/ViewModels/Menu/MenuCreateViewModel.cs(22,23): warning CS8618: Non-nullable property 'Url' must contain a non-null value when exiting constructor. Consider adding the 'required' modifier or declaring the property as nullable. [/Users/muhammetkocaman/MuhasebeStokWebApp/MuhasebeStokWebApp.csproj]
/Users/muhammetkocaman/MuhasebeStokWebApp/ViewModels/Menu/MenuCreateViewModel.cs(26,23): warning CS8618: Non-nullable property 'Controller' must contain a non-null value when exiting constructor. Consider adding the 'required' modifier or declaring the property as nullable. [/Users/muhammetkocaman/MuhasebeStokWebApp/MuhasebeStokWebApp.csproj]
/Users/muhammetkocaman/MuhasebeStokWebApp/ViewModels/Menu/MenuCreateViewModel.cs(30,23): warning CS8618: Non-nullable property 'Action' must contain a non-null value when exiting constructor. Consider adding the 'required' modifier or declaring the property as nullable. [/Users/muhammetkocaman/MuhasebeStokWebApp/MuhasebeStokWebApp.csproj]
/Users/muhammetkocaman/MuhasebeStokWebApp/ViewModels/Menu/MenuCreateViewModel.cs(42,23): warning CS8618: Non-nullable property 'UstMenuAdi' must contain a non-null value when exiting constructor. Consider adding the 'required' modifier or declaring the property as nullable. [/Users/muhammetkocaman/MuhasebeStokWebApp/MuhasebeStokWebApp.csproj]
/Users/muhammetkocaman/MuhasebeStokWebApp/ViewModels/Menu/MenuCreateViewModel.cs(47,42): warning CS8618: Non-nullable property 'Roles' must contain a non-null value when exiting constructor. Consider adding the 'required' modifier or declaring the property as nullable. [/Users/muhammetkocaman/MuhasebeStokWebApp/MuhasebeStokWebApp.csproj]
/Users/muhammetkocaman/MuhasebeStokWebApp/ViewModels/Irsaliye/IrsaliyeViewModel.cs(54,16): warning CS8618: Non-nullable property 'IrsaliyeNumarasi' must contain a non-null value when exiting constructor. Consider adding the 'required' modifier or declaring the property as nullable. [/Users/muhammetkocaman/MuhasebeStokWebApp/MuhasebeStokWebApp.csproj]
/Users/muhammetkocaman/MuhasebeStokWebApp/ViewModels/Irsaliye/IrsaliyeViewModel.cs(54,16): warning CS8618: Non-nullable property 'CariAdi' must contain a non-null value when exiting constructor. Consider adding the 'required' modifier or declaring the property as nullable. [/Users/muhammetkocaman/MuhasebeStokWebApp/MuhasebeStokWebApp.csproj]
/Users/muhammetkocaman/MuhasebeStokWebApp/ViewModels/Irsaliye/IrsaliyeViewModel.cs(54,16): warning CS8618: Non-nullable property 'FaturaNumarasi' must contain a non-null value when exiting constructor. Consider adding the 'required' modifier or declaring the property as nullable. [/Users/muhammetkocaman/MuhasebeStokWebApp/MuhasebeStokWebApp.csproj]
/Users/muhammetkocaman/MuhasebeStokWebApp/ViewModels/Irsaliye/IrsaliyeViewModel.cs(54,16): warning CS8618: Non-nullable property 'IrsaliyeTuru' must contain a non-null value when exiting constructor. Consider adding the 'required' modifier or declaring the property as nullable. [/Users/muhammetkocaman/MuhasebeStokWebApp/MuhasebeStokWebApp.csproj]
/Users/muhammetkocaman/MuhasebeStokWebApp/ViewModels/Irsaliye/IrsaliyeEditViewModel.cs(48,16): warning CS8618: Non-nullable property 'IrsaliyeNumarasi' must contain a non-null value when exiting constructor. Consider adding the 'required' modifier or declaring the property as nullable. [/Users/muhammetkocaman/MuhasebeStokWebApp/MuhasebeStokWebApp.csproj]
/Users/muhammetkocaman/MuhasebeStokWebApp/ViewModels/Irsaliye/IrsaliyeEditViewModel.cs(48,16): warning CS8618: Non-nullable property 'IrsaliyeTuru' must contain a non-null value when exiting constructor. Consider adding the 'required' modifier or declaring the property as nullable. [/Users/muhammetkocaman/MuhasebeStokWebApp/MuhasebeStokWebApp.csproj]
/Users/muhammetkocaman/MuhasebeStokWebApp/ViewModels/Irsaliye/IrsaliyeDetayViewModel.cs(38,23): warning CS8618: Non-nullable property 'Birim' must contain a non-null value when exiting constructor. Consider adding the 'required' modifier or declaring the property as nullable. [/Users/muhammetkocaman/MuhasebeStokWebApp/MuhasebeStokWebApp.csproj]
/Users/muhammetkocaman/MuhasebeStokWebApp/ViewModels/Irsaliye/IrsaliyeDetayViewModel.cs(42,23): warning CS8618: Non-nullable property 'Aciklama' must contain a non-null value when exiting constructor. Consider adding the 'required' modifier or declaring the property as nullable. [/Users/muhammetkocaman/MuhasebeStokWebApp/MuhasebeStokWebApp.csproj]
/Users/muhammetkocaman/MuhasebeStokWebApp/ViewModels/Irsaliye/IrsaliyeDetayViewModel.cs(45,23): warning CS8618: Non-nullable property 'UrunAdi' must contain a non-null value when exiting constructor. Consider adding the 'required' modifier or declaring the property as nullable. [/Users/muhammetkocaman/MuhasebeStokWebApp/MuhasebeStokWebApp.csproj]
/Users/muhammetkocaman/MuhasebeStokWebApp/ViewModels/Irsaliye/IrsaliyeDetayViewModel.cs(48,23): warning CS8618: Non-nullable property 'UrunKodu' must contain a non-null value when exiting constructor. Consider adding the 'required' modifier or declaring the property as nullable. [/Users/muhammetkocaman/MuhasebeStokWebApp/MuhasebeStokWebApp.csproj]
/Users/muhammetkocaman/MuhasebeStokWebApp/ViewModels/Irsaliye/IrsaliyeDetailViewModel.cs(70,23): warning CS8618: Non-nullable property 'UrunAdi' must contain a non-null value when exiting constructor. Consider adding the 'required' modifier or declaring the property as nullable. [/Users/muhammetkocaman/MuhasebeStokWebApp/MuhasebeStokWebApp.csproj]
/Users/muhammetkocaman/MuhasebeStokWebApp/ViewModels/Irsaliye/IrsaliyeDetailViewModel.cs(73,23): warning CS8618: Non-nullable property 'UrunKodu' must contain a non-null value when exiting constructor. Consider adding the 'required' modifier or declaring the property as nullable. [/Users/muhammetkocaman/MuhasebeStokWebApp/MuhasebeStokWebApp.csproj]
/Users/muhammetkocaman/MuhasebeStokWebApp/ViewModels/Irsaliye/IrsaliyeDetailViewModel.cs(80,23): warning CS8618: Non-nullable property 'Birim' must contain a non-null value when exiting constructor. Consider adding the 'required' modifier or declaring the property as nullable. [/Users/muhammetkocaman/MuhasebeStokWebApp/MuhasebeStokWebApp.csproj]
/Users/muhammetkocaman/MuhasebeStokWebApp/ViewModels/Irsaliye/IrsaliyeDetailViewModel.cs(14,23): warning CS8618: Non-nullable property 'IrsaliyeNumarasi' must contain a non-null value when exiting constructor. Consider adding the 'required' modifier or declaring the property as nullable. [/Users/muhammetkocaman/MuhasebeStokWebApp/MuhasebeStokWebApp.csproj]
/Users/muhammetkocaman/MuhasebeStokWebApp/ViewModels/Irsaliye/IrsaliyeDetailViewModel.cs(24,23): warning CS8618: Non-nullable property 'CariAdi' must contain a non-null value when exiting constructor. Consider adding the 'required' modifier or declaring the property as nullable. [/Users/muhammetkocaman/MuhasebeStokWebApp/MuhasebeStokWebApp.csproj]
/Users/muhammetkocaman/MuhasebeStokWebApp/ViewModels/Irsaliye/IrsaliyeDetailViewModel.cs(27,23): warning CS8618: Non-nullable property 'CariVergiNo' must contain a non-null value when exiting constructor. Consider adding the 'required' modifier or declaring the property as nullable. [/Users/muhammetkocaman/MuhasebeStokWebApp/MuhasebeStokWebApp.csproj]
/Users/muhammetkocaman/MuhasebeStokWebApp/ViewModels/Irsaliye/IrsaliyeDetailViewModel.cs(30,23): warning CS8618: Non-nullable property 'CariTelefon' must contain a non-null value when exiting constructor. Consider adding the 'required' modifier or declaring the property as nullable. [/Users/muhammetkocaman/MuhasebeStokWebApp/MuhasebeStokWebApp.csproj]
/Users/muhammetkocaman/MuhasebeStokWebApp/ViewModels/Irsaliye/IrsaliyeDetailViewModel.cs(33,23): warning CS8618: Non-nullable property 'CariAdres' must contain a non-null value when exiting constructor. Consider adding the 'required' modifier or declaring the property as nullable. [/Users/muhammetkocaman/MuhasebeStokWebApp/MuhasebeStokWebApp.csproj]
/Users/muhammetkocaman/MuhasebeStokWebApp/ViewModels/Irsaliye/IrsaliyeDetailViewModel.cs(37,23): warning CS8618: Non-nullable property 'IrsaliyeTuru' must contain a non-null value when exiting constructor. Consider adding the 'required' modifier or declaring the property as nullable. [/Users/muhammetkocaman/MuhasebeStokWebApp/MuhasebeStokWebApp.csproj]
/Users/muhammetkocaman/MuhasebeStokWebApp/ViewModels/Irsaliye/IrsaliyeCreateViewModel.cs(45,16): warning CS8618: Non-nullable property 'IrsaliyeNumarasi' must contain a non-null value when exiting constructor. Consider adding the 'required' modifier or declaring the property as nullable. [/Users/muhammetkocaman/MuhasebeStokWebApp/MuhasebeStokWebApp.csproj]
/Users/muhammetkocaman/MuhasebeStokWebApp/ViewModels/Fatura/FaturaViewModel.cs(10,23): warning CS8618: Non-nullable property 'FaturaID' must contain a non-null value when exiting constructor. Consider adding the 'required' modifier or declaring the property as nullable. [/Users/muhammetkocaman/MuhasebeStokWebApp/MuhasebeStokWebApp.csproj]
/Users/muhammetkocaman/MuhasebeStokWebApp/ViewModels/Depo/DepoViewModel.cs(51,23): warning CS8618: Non-nullable property 'DepoAdi' must contain a non-null value when exiting constructor. Consider adding the 'required' modifier or declaring the property as nullable. [/Users/muhammetkocaman/MuhasebeStokWebApp/MuhasebeStokWebApp.csproj]
/Users/muhammetkocaman/MuhasebeStokWebApp/ViewModels/Depo/DepoViewModel.cs(34,23): warning CS8618: Non-nullable property 'DepoAdi' must contain a non-null value when exiting constructor. Consider adding the 'required' modifier or declaring the property as nullable. [/Users/muhammetkocaman/MuhasebeStokWebApp/MuhasebeStokWebApp.csproj]
/Users/muhammetkocaman/MuhasebeStokWebApp/ViewModels/Depo/DepoViewModel.cs(13,23): warning CS8618: Non-nullable property 'DepoAdi' must contain a non-null value when exiting constructor. Consider adding the 'required' modifier or declaring the property as nullable. [/Users/muhammetkocaman/MuhasebeStokWebApp/MuhasebeStokWebApp.csproj]
/Users/muhammetkocaman/MuhasebeStokWebApp/ViewModels/Cari/CariViewModel.cs(80,23): warning CS8618: Non-nullable property 'IslemTuru' must contain a non-null value when exiting constructor. Consider adding the 'required' modifier or declaring the property as nullable. [/Users/muhammetkocaman/MuhasebeStokWebApp/MuhasebeStokWebApp.csproj]
/Users/muhammetkocaman/MuhasebeStokWebApp/ViewModels/Cari/CariViewModel.cs(81,23): warning CS8618: Non-nullable property 'IslemNo' must contain a non-null value when exiting constructor. Consider adding the 'required' modifier or declaring the property as nullable. [/Users/muhammetkocaman/MuhasebeStokWebApp/MuhasebeStokWebApp.csproj]
/Users/muhammetkocaman/MuhasebeStokWebApp/ViewModels/Cari/CariViewModel.cs(82,23): warning CS8618: Non-nullable property 'Aciklama' must contain a non-null value when exiting constructor. Consider adding the 'required' modifier or declaring the property as nullable. [/Users/muhammetkocaman/MuhasebeStokWebApp/MuhasebeStokWebApp.csproj]
/Users/muhammetkocaman/MuhasebeStokWebApp/ViewModels/Birim/BirimViewModel.cs(50,23): warning CS8618: Non-nullable property 'BirimAdi' must contain a non-null value when exiting constructor. Consider adding the 'required' modifier or declaring the property as nullable. [/Users/muhammetkocaman/MuhasebeStokWebApp/MuhasebeStokWebApp.csproj]
/Users/muhammetkocaman/MuhasebeStokWebApp/ViewModels/Birim/BirimViewModel.cs(33,23): warning CS8618: Non-nullable property 'BirimAdi' must contain a non-null value when exiting constructor. Consider adding the 'required' modifier or declaring the property as nullable. [/Users/muhammetkocaman/MuhasebeStokWebApp/MuhasebeStokWebApp.csproj]
/Users/muhammetkocaman/MuhasebeStokWebApp/ViewModels/Birim/BirimViewModel.cs(13,23): warning CS8618: Non-nullable property 'BirimAdi' must contain a non-null value when exiting constructor. Consider adding the 'required' modifier or declaring the property as nullable. [/Users/muhammetkocaman/MuhasebeStokWebApp/MuhasebeStokWebApp.csproj]
/Users/muhammetkocaman/MuhasebeStokWebApp/ViewModels/Banka/BankaHesapViewModel.cs(125,23): warning CS8618: Non-nullable property 'SubeAdi' must contain a non-null value when exiting constructor. Consider adding the 'required' modifier or declaring the property as nullable. [/Users/muhammetkocaman/MuhasebeStokWebApp/MuhasebeStokWebApp.csproj]
/Users/muhammetkocaman/MuhasebeStokWebApp/ViewModels/Banka/BankaHesapViewModel.cs(129,23): warning CS8618: Non-nullable property 'SubeKodu' must contain a non-null value when exiting constructor. Consider adding the 'required' modifier or declaring the property as nullable. [/Users/muhammetkocaman/MuhasebeStokWebApp/MuhasebeStokWebApp.csproj]
/Users/muhammetkocaman/MuhasebeStokWebApp/ViewModels/Banka/BankaHesapViewModel.cs(133,23): warning CS8618: Non-nullable property 'HesapNo' must contain a non-null value when exiting constructor. Consider adding the 'required' modifier or declaring the property as nullable. [/Users/muhammetkocaman/MuhasebeStokWebApp/MuhasebeStokWebApp.csproj]
/Users/muhammetkocaman/MuhasebeStokWebApp/ViewModels/Banka/BankaHesapViewModel.cs(137,23): warning CS8618: Non-nullable property 'IBAN' must contain a non-null value when exiting constructor. Consider adding the 'required' modifier or declaring the property as nullable. [/Users/muhammetkocaman/MuhasebeStokWebApp/MuhasebeStokWebApp.csproj]
/Users/muhammetkocaman/MuhasebeStokWebApp/ViewModels/Banka/BankaHesapViewModel.cs(154,23): warning CS8618: Non-nullable property 'Aciklama' must contain a non-null value when exiting constructor. Consider adding the 'required' modifier or declaring the property as nullable. [/Users/muhammetkocaman/MuhasebeStokWebApp/MuhasebeStokWebApp.csproj]
/Users/muhammetkocaman/MuhasebeStokWebApp/ViewModels/Banka/BankaHesapViewModel.cs(80,23): warning CS8618: Non-nullable property 'SubeAdi' must contain a non-null value when exiting constructor. Consider adding the 'required' modifier or declaring the property as nullable. [/Users/muhammetkocaman/MuhasebeStokWebApp/MuhasebeStokWebApp.csproj]
/Users/muhammetkocaman/MuhasebeStokWebApp/ViewModels/Banka/BankaHesapViewModel.cs(84,23): warning CS8618: Non-nullable property 'SubeKodu' must contain a non-null value when exiting constructor. Consider adding the 'required' modifier or declaring the property as nullable. [/Users/muhammetkocaman/MuhasebeStokWebApp/MuhasebeStokWebApp.csproj]
/Users/muhammetkocaman/MuhasebeStokWebApp/ViewModels/Banka/BankaHesapViewModel.cs(88,23): warning CS8618: Non-nullable property 'HesapNo' must contain a non-null value when exiting constructor. Consider adding the 'required' modifier or declaring the property as nullable. [/Users/muhammetkocaman/MuhasebeStokWebApp/MuhasebeStokWebApp.csproj]
/Users/muhammetkocaman/MuhasebeStokWebApp/ViewModels/Banka/BankaHesapViewModel.cs(92,23): warning CS8618: Non-nullable property 'IBAN' must contain a non-null value when exiting constructor. Consider adding the 'required' modifier or declaring the property as nullable. [/Users/muhammetkocaman/MuhasebeStokWebApp/MuhasebeStokWebApp.csproj]
/Users/muhammetkocaman/MuhasebeStokWebApp/ViewModels/Banka/BankaHesapViewModel.cs(106,23): warning CS8618: Non-nullable property 'Aciklama' must contain a non-null value when exiting constructor. Consider adding the 'required' modifier or declaring the property as nullable. [/Users/muhammetkocaman/MuhasebeStokWebApp/MuhasebeStokWebApp.csproj]
/Users/muhammetkocaman/MuhasebeStokWebApp/ViewModels/Banka/BankaHesapViewModel.cs(46,23): warning CS8618: Non-nullable property 'Aciklama' must contain a non-null value when exiting constructor. Consider adding the 'required' modifier or declaring the property as nullable. [/Users/muhammetkocaman/MuhasebeStokWebApp/MuhasebeStokWebApp.csproj]
/Users/muhammetkocaman/MuhasebeStokWebApp/ViewModels/Cari/CariDetailViewModel.cs(204,23): warning CS8618: Non-nullable property 'Aciklama' must contain a non-null value when exiting constructor. Consider adding the 'required' modifier or declaring the property as nullable. [/Users/muhammetkocaman/MuhasebeStokWebApp/MuhasebeStokWebApp.csproj]
/Users/muhammetkocaman/MuhasebeStokWebApp/ViewModels/Cari/CariDetailViewModel.cs(210,23): warning CS8618: Non-nullable property 'IslemTuru' must contain a non-null value when exiting constructor. Consider adding the 'required' modifier or declaring the property as nullable. [/Users/muhammetkocaman/MuhasebeStokWebApp/MuhasebeStokWebApp.csproj]
/Users/muhammetkocaman/MuhasebeStokWebApp/ViewModels/Cari/CariDetailViewModel.cs(213,23): warning CS8618: Non-nullable property 'IslemNo' must contain a non-null value when exiting constructor. Consider adding the 'required' modifier or declaring the property as nullable. [/Users/muhammetkocaman/MuhasebeStokWebApp/MuhasebeStokWebApp.csproj]
/Users/muhammetkocaman/MuhasebeStokWebApp/ViewModels/Cari/CariDetailViewModel.cs(225,23): warning CS8618: Non-nullable property 'EvrakNo' must contain a non-null value when exiting constructor. Consider adding the 'required' modifier or declaring the property as nullable. [/Users/muhammetkocaman/MuhasebeStokWebApp/MuhasebeStokWebApp.csproj]
/Users/muhammetkocaman/MuhasebeStokWebApp/ViewModels/Cari/CariDetailViewModel.cs(231,23): warning CS8618: Non-nullable property 'Kaynak' must contain a non-null value when exiting constructor. Consider adding the 'required' modifier or declaring the property as nullable. [/Users/muhammetkocaman/MuhasebeStokWebApp/MuhasebeStokWebApp.csproj]
/Users/muhammetkocaman/MuhasebeStokWebApp/ViewModels/Fatura/FaturaCreateViewModel.cs(12,16): warning CS8618: Non-nullable property 'FaturaNumarasi' must contain a non-null value when exiting constructor. Consider adding the 'required' modifier or declaring the property as nullable. [/Users/muhammetkocaman/MuhasebeStokWebApp/MuhasebeStokWebApp.csproj]
/Users/muhammetkocaman/MuhasebeStokWebApp/ViewModels/Fatura/FaturaCreateViewModel.cs(12,16): warning CS8618: Non-nullable property 'SiparisNumarasi' must contain a non-null value when exiting constructor. Consider adding the 'required' modifier or declaring the property as nullable. [/Users/muhammetkocaman/MuhasebeStokWebApp/MuhasebeStokWebApp.csproj]
/Users/muhammetkocaman/MuhasebeStokWebApp/ViewModels/Fatura/FaturaCreateViewModel.cs(12,16): warning CS8618: Non-nullable property 'CariAdi' must contain a non-null value when exiting constructor. Consider adding the 'required' modifier or declaring the property as nullable. [/Users/muhammetkocaman/MuhasebeStokWebApp/MuhasebeStokWebApp.csproj]
/Users/muhammetkocaman/MuhasebeStokWebApp/ViewModels/Fatura/FaturaCreateViewModel.cs(12,16): warning CS8618: Non-nullable property 'FaturaTuru' must contain a non-null value when exiting constructor. Consider adding the 'required' modifier or declaring the property as nullable. [/Users/muhammetkocaman/MuhasebeStokWebApp/MuhasebeStokWebApp.csproj]
/Users/muhammetkocaman/MuhasebeStokWebApp/ViewModels/Fatura/FaturaCreateViewModel.cs(12,16): warning CS8618: Non-nullable property 'OdemeDurumu' must contain a non-null value when exiting constructor. Consider adding the 'required' modifier or declaring the property as nullable. [/Users/muhammetkocaman/MuhasebeStokWebApp/MuhasebeStokWebApp.csproj]
/Users/muhammetkocaman/MuhasebeStokWebApp/ViewModels/Account/AccountViewModels.cs(97,23): warning CS8618: Non-nullable property 'UserId' must contain a non-null value when exiting constructor. Consider adding the 'required' modifier or declaring the property as nullable. [/Users/muhammetkocaman/MuhasebeStokWebApp/MuhasebeStokWebApp.csproj]
/Users/muhammetkocaman/MuhasebeStokWebApp/ViewModels/Account/AccountViewModels.cs(98,23): warning CS8618: Non-nullable property 'UserName' must contain a non-null value when exiting constructor. Consider adding the 'required' modifier or declaring the property as nullable. [/Users/muhammetkocaman/MuhasebeStokWebApp/MuhasebeStokWebApp.csproj]
/Users/muhammetkocaman/MuhasebeStokWebApp/ViewModels/Account/AccountViewModels.cs(99,23): warning CS8618: Non-nullable property 'Email' must contain a non-null value when exiting constructor. Consider adding the 'required' modifier or declaring the property as nullable. [/Users/muhammetkocaman/MuhasebeStokWebApp/MuhasebeStokWebApp.csproj]
/Users/muhammetkocaman/MuhasebeStokWebApp/ViewModels/Cari/CariDetailViewModel.cs(187,16): warning CS8618: Non-nullable property 'CariAdi' must contain a non-null value when exiting constructor. Consider adding the 'required' modifier or declaring the property as nullable. [/Users/muhammetkocaman/MuhasebeStokWebApp/MuhasebeStokWebApp.csproj]
/Users/muhammetkocaman/MuhasebeStokWebApp/ViewModels/Cari/CariDetailViewModel.cs(187,16): warning CS8618: Non-nullable property 'VergiNo' must contain a non-null value when exiting constructor. Consider adding the 'required' modifier or declaring the property as nullable. [/Users/muhammetkocaman/MuhasebeStokWebApp/MuhasebeStokWebApp.csproj]
/Users/muhammetkocaman/MuhasebeStokWebApp/ViewModels/Cari/CariDetailViewModel.cs(187,16): warning CS8618: Non-nullable property 'Adres' must contain a non-null value when exiting constructor. Consider adding the 'required' modifier or declaring the property as nullable. [/Users/muhammetkocaman/MuhasebeStokWebApp/MuhasebeStokWebApp.csproj]
/Users/muhammetkocaman/MuhasebeStokWebApp/ViewModels/Cari/CariDetailViewModel.cs(123,23): warning CS8618: Non-nullable property 'FaturaNumarasi' must contain a non-null value when exiting constructor. Consider adding the 'required' modifier or declaring the property as nullable. [/Users/muhammetkocaman/MuhasebeStokWebApp/MuhasebeStokWebApp.csproj]
/Users/muhammetkocaman/MuhasebeStokWebApp/ViewModels/Cari/CariDetailViewModel.cs(135,23): warning CS8618: Non-nullable property 'FaturaTuru' must contain a non-null value when exiting constructor. Consider adding the 'required' modifier or declaring the property as nullable. [/Users/muhammetkocaman/MuhasebeStokWebApp/MuhasebeStokWebApp.csproj]
/Users/muhammetkocaman/MuhasebeStokWebApp/ViewModels/Cari/CariDetailViewModel.cs(105,23): warning CS8618: Non-nullable property 'HareketTuru' must contain a non-null value when exiting constructor. Consider adding the 'required' modifier or declaring the property as nullable. [/Users/muhammetkocaman/MuhasebeStokWebApp/MuhasebeStokWebApp.csproj]
/Users/muhammetkocaman/MuhasebeStokWebApp/ViewModels/Cari/CariDetailViewModel.cs(111,23): warning CS8618: Non-nullable property 'Aciklama' must contain a non-null value when exiting constructor. Consider adding the 'required' modifier or declaring the property as nullable. [/Users/muhammetkocaman/MuhasebeStokWebApp/MuhasebeStokWebApp.csproj]
/Users/muhammetkocaman/MuhasebeStokWebApp/ViewModels/Cari/CariDetailViewModel.cs(114,23): warning CS8618: Non-nullable property 'EvrakNo' must contain a non-null value when exiting constructor. Consider adding the 'required' modifier or declaring the property as nullable. [/Users/muhammetkocaman/MuhasebeStokWebApp/MuhasebeStokWebApp.csproj]
/Users/muhammetkocaman/MuhasebeStokWebApp/Controllers/UrunController.cs(1348,56): warning CS8601: Possible null reference assignment. [/Users/muhammetkocaman/MuhasebeStokWebApp/MuhasebeStokWebApp.csproj]
/Users/muhammetkocaman/MuhasebeStokWebApp/Controllers/StokController.cs(82,38): warning CS8600: Converting null literal or possible null value to non-nullable type. [/Users/muhammetkocaman/MuhasebeStokWebApp/MuhasebeStokWebApp.csproj]
/Users/muhammetkocaman/MuhasebeStokWebApp/Controllers/FaturaController.cs(1198,43): warning CS8604: Possible null reference argument for parameter 'source' in 'IEnumerable<FaturaKalemViewModel> Enumerable.Where<FaturaKalemViewModel>(IEnumerable<FaturaKalemViewModel> source, Func<FaturaKalemViewModel, bool> predicate)'. [/Users/muhammetkocaman/MuhasebeStokWebApp/MuhasebeStokWebApp.csproj]
/Users/muhammetkocaman/MuhasebeStokWebApp/Controllers/StokController.cs(151,36): warning CS8602: Dereference of a possibly null reference. [/Users/muhammetkocaman/MuhasebeStokWebApp/MuhasebeStokWebApp.csproj]
/Users/muhammetkocaman/MuhasebeStokWebApp/Controllers/StokController.cs(154,32): warning CS8602: Dereference of a possibly null reference. [/Users/muhammetkocaman/MuhasebeStokWebApp/MuhasebeStokWebApp.csproj]
/Users/muhammetkocaman/MuhasebeStokWebApp/Controllers/StokController.cs(215,64): warning CS8604: Possible null reference argument for parameter 'paraBirimiKodu' in 'string StokController.GetParaBirimiSembol(string paraBirimiKodu)'. [/Users/muhammetkocaman/MuhasebeStokWebApp/MuhasebeStokWebApp.csproj]
/Users/muhammetkocaman/MuhasebeStokWebApp/Controllers/StokController.cs(220,37): warning CS8604: Possible null reference argument for parameter 'source' in 'IEnumerable<StokFifoListItemViewModel> Enumerable.Select<StokFifo, StokFifoListItemViewModel>(IEnumerable<StokFifo> source, Func<StokFifo, StokFifoListItemViewModel> selector)'. [/Users/muhammetkocaman/MuhasebeStokWebApp/MuhasebeStokWebApp.csproj]
/Users/muhammetkocaman/MuhasebeStokWebApp/Controllers/StokController.cs(231,64): warning CS8604: Possible null reference argument for parameter 'paraBirimiKodu' in 'string StokController.GetParaBirimiSembol(string paraBirimiKodu)'. [/Users/muhammetkocaman/MuhasebeStokWebApp/MuhasebeStokWebApp.csproj]
/Users/muhammetkocaman/MuhasebeStokWebApp/Controllers/StokController.cs(717,27): warning CS8601: Possible null reference assignment. [/Users/muhammetkocaman/MuhasebeStokWebApp/MuhasebeStokWebApp.csproj]
/Users/muhammetkocaman/MuhasebeStokWebApp/Controllers/StokController.cs(718,28): warning CS8601: Possible null reference assignment. [/Users/muhammetkocaman/MuhasebeStokWebApp/MuhasebeStokWebApp.csproj]
/Users/muhammetkocaman/MuhasebeStokWebApp/Controllers/StokController.cs(732,28): warning CS8601: Possible null reference assignment. [/Users/muhammetkocaman/MuhasebeStokWebApp/MuhasebeStokWebApp.csproj]
/Users/muhammetkocaman/MuhasebeStokWebApp/Controllers/StokController.cs(736,33): warning CS8601: Possible null reference assignment. [/Users/muhammetkocaman/MuhasebeStokWebApp/MuhasebeStokWebApp.csproj]
/Users/muhammetkocaman/MuhasebeStokWebApp/Views/Shared/_PrintLayout.cshtml(260,60): warning CS8605: Unboxing a possibly null value. [/Users/muhammetkocaman/MuhasebeStokWebApp/MuhasebeStokWebApp.csproj]
/Users/muhammetkocaman/MuhasebeStokWebApp/Views/Shared/_PrintLayout.cshtml(272,55): warning CS8605: Unboxing a possibly null value. [/Users/muhammetkocaman/MuhasebeStokWebApp/MuhasebeStokWebApp.csproj]
/Users/muhammetkocaman/MuhasebeStokWebApp/Controllers/SozlesmeController.cs(365,24): warning CS8603: Possible null reference return. [/Users/muhammetkocaman/MuhasebeStokWebApp/MuhasebeStokWebApp.csproj]
/Users/muhammetkocaman/MuhasebeStokWebApp/Services/SozlesmeService.cs(62,24): warning CS8603: Possible null reference return. [/Users/muhammetkocaman/MuhasebeStokWebApp/MuhasebeStokWebApp.csproj]
/Users/muhammetkocaman/MuhasebeStokWebApp/Services/SozlesmeService.cs(69,24): warning CS8603: Possible null reference return. [/Users/muhammetkocaman/MuhasebeStokWebApp/MuhasebeStokWebApp.csproj]
/Users/muhammetkocaman/MuhasebeStokWebApp/Services/SistemAyarService.cs(37,50): warning CS8600: Converting null literal or possible null value to non-nullable type. [/Users/muhammetkocaman/MuhasebeStokWebApp/MuhasebeStokWebApp.csproj]
/Users/muhammetkocaman/MuhasebeStokWebApp/Services/SistemAyarService.cs(39,24): warning CS8603: Possible null reference return. [/Users/muhammetkocaman/MuhasebeStokWebApp/MuhasebeStokWebApp.csproj]
/Users/muhammetkocaman/MuhasebeStokWebApp/Services/ParaBirimiAdapter.cs(29,39): warning CS1998: This async method lacks 'await' operators and will run synchronously. Consider using the 'await' operator to await non-blocking API calls, or 'await Task.Run(...)' to do CPU-bound work on a background thread. [/Users/muhammetkocaman/MuhasebeStokWebApp/MuhasebeStokWebApp.csproj]
/Users/muhammetkocaman/MuhasebeStokWebApp/Services/ParaBirimiAdapter.cs(36,40): warning CS1998: This async method lacks 'await' operators and will run synchronously. Consider using the 'await' operator to await non-blocking API calls, or 'await Task.Run(...)' to do CPU-bound work on a background thread. [/Users/muhammetkocaman/MuhasebeStokWebApp/MuhasebeStokWebApp.csproj]
/Users/muhammetkocaman/MuhasebeStokWebApp/Services/ParaBirimiAdapter.cs(53,46): warning CS1998: This async method lacks 'await' operators and will run synchronously. Consider using the 'await' operator to await non-blocking API calls, or 'await Task.Run(...)' to do CPU-bound work on a background thread. [/Users/muhammetkocaman/MuhasebeStokWebApp/MuhasebeStokWebApp.csproj]
/Users/muhammetkocaman/MuhasebeStokWebApp/Services/ParaBirimiModulu/ParaBirimiService.cs(63,20): warning CS8603: Possible null reference return. [/Users/muhammetkocaman/MuhasebeStokWebApp/MuhasebeStokWebApp.csproj]
/Users/muhammetkocaman/MuhasebeStokWebApp/Services/ParaBirimiAdapter.cs(66,46): warning CS1998: This async method lacks 'await' operators and will run synchronously. Consider using the 'await' operator to await non-blocking API calls, or 'await Task.Run(...)' to do CPU-bound work on a background thread. [/Users/muhammetkocaman/MuhasebeStokWebApp/MuhasebeStokWebApp.csproj]
/Users/muhammetkocaman/MuhasebeStokWebApp/Services/ParaBirimiModulu/ParaBirimiService.cs(72,20): warning CS8603: Possible null reference return. [/Users/muhammetkocaman/MuhasebeStokWebApp/MuhasebeStokWebApp.csproj]
/Users/muhammetkocaman/MuhasebeStokWebApp/Services/ParaBirimiAdapter.cs(83,20): warning CS8603: Possible null reference return. [/Users/muhammetkocaman/MuhasebeStokWebApp/MuhasebeStokWebApp.csproj]
/Users/muhammetkocaman/MuhasebeStokWebApp/Services/ParaBirimiAdapter.cs(79,40): warning CS1998: This async method lacks 'await' operators and will run synchronously. Consider using the 'await' operator to await non-blocking API calls, or 'await Task.Run(...)' to do CPU-bound work on a background thread. [/Users/muhammetkocaman/MuhasebeStokWebApp/MuhasebeStokWebApp.csproj]
/Users/muhammetkocaman/MuhasebeStokWebApp/Services/ParaBirimiAdapter.cs(90,20): warning CS8603: Possible null reference return. [/Users/muhammetkocaman/MuhasebeStokWebApp/MuhasebeStokWebApp.csproj]
/Users/muhammetkocaman/MuhasebeStokWebApp/Services/ParaBirimiAdapter.cs(86,40): warning CS1998: This async method lacks 'await' operators and will run synchronously. Consider using the 'await' operator to await non-blocking API calls, or 'await Task.Run(...)' to do CPU-bound work on a background thread. [/Users/muhammetkocaman/MuhasebeStokWebApp/MuhasebeStokWebApp.csproj]
/Users/muhammetkocaman/MuhasebeStokWebApp/Services/ParaBirimiAdapter.cs(93,46): warning CS1998: This async method lacks 'await' operators and will run synchronously. Consider using the 'await' operator to await non-blocking API calls, or 'await Task.Run(...)' to do CPU-bound work on a background thread. [/Users/muhammetkocaman/MuhasebeStokWebApp/MuhasebeStokWebApp.csproj]
/Users/muhammetkocaman/MuhasebeStokWebApp/Services/ParaBirimiAdapter.cs(125,39): warning CS1998: This async method lacks 'await' operators and will run synchronously. Consider using the 'await' operator to await non-blocking API calls, or 'await Task.Run(...)' to do CPU-bound work on a background thread. [/Users/muhammetkocaman/MuhasebeStokWebApp/MuhasebeStokWebApp.csproj]
/Users/muhammetkocaman/MuhasebeStokWebApp/Services/ParaBirimiAdapter.cs(132,40): warning CS1998: This async method lacks 'await' operators and will run synchronously. Consider using the 'await' operator to await non-blocking API calls, or 'await Task.Run(...)' to do CPU-bound work on a background thread. [/Users/muhammetkocaman/MuhasebeStokWebApp/MuhasebeStokWebApp.csproj]
/Users/muhammetkocaman/MuhasebeStokWebApp/Services/ParaBirimiAdapter.cs(139,33): warning CS1998: This async method lacks 'await' operators and will run synchronously. Consider using the 'await' operator to await non-blocking API calls, or 'await Task.Run(...)' to do CPU-bound work on a background thread. [/Users/muhammetkocaman/MuhasebeStokWebApp/MuhasebeStokWebApp.csproj]
/Users/muhammetkocaman/MuhasebeStokWebApp/Services/ParaBirimiAdapter.cs(148,40): warning CS8603: Possible null reference return. [/Users/muhammetkocaman/MuhasebeStokWebApp/MuhasebeStokWebApp.csproj]
/Users/muhammetkocaman/MuhasebeStokWebApp/Services/ParaBirimiModulu/ParaBirimiService.cs(164,20): warning CS8603: Possible null reference return. [/Users/muhammetkocaman/MuhasebeStokWebApp/MuhasebeStokWebApp.csproj]
/Users/muhammetkocaman/MuhasebeStokWebApp/Services/SistemAyarService.cs(199,24): warning CS8603: Possible null reference return. [/Users/muhammetkocaman/MuhasebeStokWebApp/MuhasebeStokWebApp.csproj]
/Users/muhammetkocaman/MuhasebeStokWebApp/Services/SistemAyarService.cs(205,24): warning CS8603: Possible null reference return. [/Users/muhammetkocaman/MuhasebeStokWebApp/MuhasebeStokWebApp.csproj]
/Users/muhammetkocaman/MuhasebeStokWebApp/Services/LogService.cs(45,38): warning CS8600: Converting null literal or possible null value to non-nullable type. [/Users/muhammetkocaman/MuhasebeStokWebApp/MuhasebeStokWebApp.csproj]
/Users/muhammetkocaman/MuhasebeStokWebApp/Services/LogService.cs(48,35): warning CS8600: Converting null literal or possible null value to non-nullable type. [/Users/muhammetkocaman/MuhasebeStokWebApp/MuhasebeStokWebApp.csproj]
/Users/muhammetkocaman/MuhasebeStokWebApp/Services/Menu/MenuService.cs(59,82): warning CS8620: Argument of type 'Dictionary<string, string?>' cannot be used for parameter 'roles' of type 'Dictionary<string, string>' in 'MenuViewModel MenuService.CreateMenuViewModel(Menu menu, List<Menu> allMenus, Dictionary<string, string> roles, int level)' due to differences in the nullability of reference types. [/Users/muhammetkocaman/MuhasebeStokWebApp/MuhasebeStokWebApp.csproj]
/Users/muhammetkocaman/MuhasebeStokWebApp/Services/SistemAyarService.cs(213,24): warning CS8603: Possible null reference return. [/Users/muhammetkocaman/MuhasebeStokWebApp/MuhasebeStokWebApp.csproj]
/Users/muhammetkocaman/MuhasebeStokWebApp/Services/SistemAyarService.cs(219,24): warning CS8603: Possible null reference return. [/Users/muhammetkocaman/MuhasebeStokWebApp/MuhasebeStokWebApp.csproj]
/Users/muhammetkocaman/MuhasebeStokWebApp/Services/SistemAyarService.cs(227,24): warning CS8603: Possible null reference return. [/Users/muhammetkocaman/MuhasebeStokWebApp/MuhasebeStokWebApp.csproj]
/Users/muhammetkocaman/MuhasebeStokWebApp/Services/SistemAyarService.cs(233,24): warning CS8603: Possible null reference return. [/Users/muhammetkocaman/MuhasebeStokWebApp/MuhasebeStokWebApp.csproj]
/Users/muhammetkocaman/MuhasebeStokWebApp/Services/SistemAyarService.cs(244,28): warning CS8603: Possible null reference return. [/Users/muhammetkocaman/MuhasebeStokWebApp/MuhasebeStokWebApp.csproj]
/Users/muhammetkocaman/MuhasebeStokWebApp/Services/SistemAyarService.cs(266,24): warning CS8603: Possible null reference return. [/Users/muhammetkocaman/MuhasebeStokWebApp/MuhasebeStokWebApp.csproj]
/Users/muhammetkocaman/MuhasebeStokWebApp/Services/ParaBirimiModulu/ParaBirimiService.cs(232,30): warning CS8602: Dereference of a possibly null reference. [/Users/muhammetkocaman/MuhasebeStokWebApp/MuhasebeStokWebApp.csproj]
/Users/muhammetkocaman/MuhasebeStokWebApp/Services/LanguageService.cs(58,49): warning CS8625: Cannot convert null literal to non-nullable reference type. [/Users/muhammetkocaman/MuhasebeStokWebApp/MuhasebeStokWebApp.csproj]
/Users/muhammetkocaman/MuhasebeStokWebApp/Services/Menu/MenuService.cs(105,20): warning CS8603: Possible null reference return. [/Users/muhammetkocaman/MuhasebeStokWebApp/MuhasebeStokWebApp.csproj]
/Users/muhammetkocaman/MuhasebeStokWebApp/Services/LanguageService.cs(73,49): warning CS8625: Cannot convert null literal to non-nullable reference type. [/Users/muhammetkocaman/MuhasebeStokWebApp/MuhasebeStokWebApp.csproj]
/Users/muhammetkocaman/MuhasebeStokWebApp/Services/ParaBirimiModulu/ParaBirimiService.cs(261,20): warning CS8603: Possible null reference return. [/Users/muhammetkocaman/MuhasebeStokWebApp/MuhasebeStokWebApp.csproj]
/Users/muhammetkocaman/MuhasebeStokWebApp/Services/SistemAyarService.cs(389,24): warning CS8603: Possible null reference return. [/Users/muhammetkocaman/MuhasebeStokWebApp/MuhasebeStokWebApp.csproj]
/Users/muhammetkocaman/MuhasebeStokWebApp/Services/Helpers/QueryHelper.cs(23,20): warning CS8603: Possible null reference return. [/Users/muhammetkocaman/MuhasebeStokWebApp/MuhasebeStokWebApp.csproj]
/Users/muhammetkocaman/MuhasebeStokWebApp/Services/Helpers/QueryHelper.cs(38,20): warning CS8603: Possible null reference return. [/Users/muhammetkocaman/MuhasebeStokWebApp/MuhasebeStokWebApp.csproj]
/Users/muhammetkocaman/MuhasebeStokWebApp/Services/Currency/CurrencyService.cs(44,51): warning CS8600: Converting null literal or possible null value to non-nullable type. [/Users/muhammetkocaman/MuhasebeStokWebApp/MuhasebeStokWebApp.csproj]
/Users/muhammetkocaman/MuhasebeStokWebApp/Services/Currency/CurrencyService.cs(45,24): warning CS8603: Possible null reference return. [/Users/muhammetkocaman/MuhasebeStokWebApp/MuhasebeStokWebApp.csproj]
/Users/muhammetkocaman/MuhasebeStokWebApp/Services/BirimService.cs(31,58): warning CS8600: Converting null literal or possible null value to non-nullable type. [/Users/muhammetkocaman/MuhasebeStokWebApp/MuhasebeStokWebApp.csproj]
/Users/muhammetkocaman/MuhasebeStokWebApp/Services/BirimService.cs(33,24): warning CS8603: Possible null reference return. [/Users/muhammetkocaman/MuhasebeStokWebApp/MuhasebeStokWebApp.csproj]
/Users/muhammetkocaman/MuhasebeStokWebApp/Services/Currency/CurrencyService.cs(109,40): warning CS8602: Dereference of a possibly null reference. [/Users/muhammetkocaman/MuhasebeStokWebApp/MuhasebeStokWebApp.csproj]
/Users/muhammetkocaman/MuhasebeStokWebApp/Services/Currency/CurrencyService.cs(109,40): warning CS8601: Possible null reference assignment. [/Users/muhammetkocaman/MuhasebeStokWebApp/MuhasebeStokWebApp.csproj]
/Users/muhammetkocaman/MuhasebeStokWebApp/Services/Currency/CurrencyService.cs(110,40): warning CS8601: Possible null reference assignment. [/Users/muhammetkocaman/MuhasebeStokWebApp/MuhasebeStokWebApp.csproj]
/Users/muhammetkocaman/MuhasebeStokWebApp/Services/BirimService.cs(55,50): warning CS8600: Converting null literal or possible null value to non-nullable type. [/Users/muhammetkocaman/MuhasebeStokWebApp/MuhasebeStokWebApp.csproj]
/Users/muhammetkocaman/MuhasebeStokWebApp/Services/BirimService.cs(57,24): warning CS8603: Possible null reference return. [/Users/muhammetkocaman/MuhasebeStokWebApp/MuhasebeStokWebApp.csproj]
/Users/muhammetkocaman/MuhasebeStokWebApp/Services/BirimService.cs(71,20): warning CS8603: Possible null reference return. [/Users/muhammetkocaman/MuhasebeStokWebApp/MuhasebeStokWebApp.csproj]
/Users/muhammetkocaman/MuhasebeStokWebApp/Services/BirimService.cs(79,24): warning CS8603: Possible null reference return. [/Users/muhammetkocaman/MuhasebeStokWebApp/MuhasebeStokWebApp.csproj]
/Users/muhammetkocaman/MuhasebeStokWebApp/Services/BirimService.cs(86,24): warning CS8603: Possible null reference return. [/Users/muhammetkocaman/MuhasebeStokWebApp/MuhasebeStokWebApp.csproj]
/Users/muhammetkocaman/MuhasebeStokWebApp/Services/CariHareketService.cs(135,20): warning CS8603: Possible null reference return. [/Users/muhammetkocaman/MuhasebeStokWebApp/MuhasebeStokWebApp.csproj]
/Users/muhammetkocaman/MuhasebeStokWebApp/Services/BirimService.cs(108,24): warning CS8603: Possible null reference return. [/Users/muhammetkocaman/MuhasebeStokWebApp/MuhasebeStokWebApp.csproj]
/Users/muhammetkocaman/MuhasebeStokWebApp/Services/BirimService.cs(116,24): warning CS8603: Possible null reference return. [/Users/muhammetkocaman/MuhasebeStokWebApp/MuhasebeStokWebApp.csproj]
/Users/muhammetkocaman/MuhasebeStokWebApp/Services/BirimService.cs(123,24): warning CS8603: Possible null reference return. [/Users/muhammetkocaman/MuhasebeStokWebApp/MuhasebeStokWebApp.csproj]
/Users/muhammetkocaman/MuhasebeStokWebApp/Services/CariService.cs(34,20): warning CS8603: Possible null reference return. [/Users/muhammetkocaman/MuhasebeStokWebApp/MuhasebeStokWebApp.csproj]
/Users/muhammetkocaman/MuhasebeStokWebApp/Services/DbMigrationService.cs(103,47): warning CS8604: Possible null reference argument for parameter 'path' in 'DirectoryInfo Directory.CreateDirectory(string path)'. [/Users/muhammetkocaman/MuhasebeStokWebApp/MuhasebeStokWebApp.csproj]
/Users/muhammetkocaman/MuhasebeStokWebApp/Services/DbMigrationService.cs(150,59): warning CS8602: Dereference of a possibly null reference. [/Users/muhammetkocaman/MuhasebeStokWebApp/MuhasebeStokWebApp.csproj]
/Users/muhammetkocaman/MuhasebeStokWebApp/Services/ParaBirimiModulu/ParaBirimiService.cs(467,31): warning CS8602: Dereference of a possibly null reference. [/Users/muhammetkocaman/MuhasebeStokWebApp/MuhasebeStokWebApp.csproj]
/Users/muhammetkocaman/MuhasebeStokWebApp/Services/ParaBirimiModulu/ParaBirimiService.cs(468,30): warning CS8602: Dereference of a possibly null reference. [/Users/muhammetkocaman/MuhasebeStokWebApp/MuhasebeStokWebApp.csproj]
/Users/muhammetkocaman/MuhasebeStokWebApp/Controllers/ParaBirimiModulu/ParaBirimiController.cs(124,116): warning CS8625: Cannot convert null literal to non-nullable reference type. [/Users/muhammetkocaman/MuhasebeStokWebApp/MuhasebeStokWebApp.csproj]
/Users/muhammetkocaman/MuhasebeStokWebApp/Controllers/SistemAyarController.cs(128,118): warning CS8602: Dereference of a possibly null reference. [/Users/muhammetkocaman/MuhasebeStokWebApp/MuhasebeStokWebApp.csproj]
/Users/muhammetkocaman/MuhasebeStokWebApp/Controllers/SistemAyarController.cs(128,118): warning CS8604: Possible null reference argument for parameter 'kullanici' in 'void ILogService.LogBilgi(string baslik, string detay, string kullanici)'. [/Users/muhammetkocaman/MuhasebeStokWebApp/MuhasebeStokWebApp.csproj]
/Users/muhammetkocaman/MuhasebeStokWebApp/Controllers/ParaBirimiModulu/ParaBirimiController.cs(322,150): warning CS8625: Cannot convert null literal to non-nullable reference type. [/Users/muhammetkocaman/MuhasebeStokWebApp/MuhasebeStokWebApp.csproj]
/Users/muhammetkocaman/MuhasebeStokWebApp/Services/ParaBirimiModulu/ParaBirimiService.cs(477,20): warning CS8603: Possible null reference return. [/Users/muhammetkocaman/MuhasebeStokWebApp/MuhasebeStokWebApp.csproj]
/Users/muhammetkocaman/MuhasebeStokWebApp/Services/ParaBirimiModulu/ParaBirimiService.cs(488,20): warning CS8603: Possible null reference return. [/Users/muhammetkocaman/MuhasebeStokWebApp/MuhasebeStokWebApp.csproj]
/Users/muhammetkocaman/MuhasebeStokWebApp/Services/Auth/AuthService.cs(70,52): warning CS8602: Dereference of a possibly null reference. [/Users/muhammetkocaman/MuhasebeStokWebApp/MuhasebeStokWebApp.csproj]
/Users/muhammetkocaman/MuhasebeStokWebApp/Services/Auth/AuthService.cs(118,24): warning CS8603: Possible null reference return. [/Users/muhammetkocaman/MuhasebeStokWebApp/MuhasebeStokWebApp.csproj]
/Users/muhammetkocaman/MuhasebeStokWebApp/Services/Auth/AuthService.cs(123,24): warning CS8603: Possible null reference return. [/Users/muhammetkocaman/MuhasebeStokWebApp/MuhasebeStokWebApp.csproj]
/Users/muhammetkocaman/MuhasebeStokWebApp/Services/Auth/AuthService.cs(131,24): warning CS8603: Possible null reference return. [/Users/muhammetkocaman/MuhasebeStokWebApp/MuhasebeStokWebApp.csproj]
/Users/muhammetkocaman/MuhasebeStokWebApp/Services/Auth/AuthService.cs(136,24): warning CS8603: Possible null reference return. [/Users/muhammetkocaman/MuhasebeStokWebApp/MuhasebeStokWebApp.csproj]
/Users/muhammetkocaman/MuhasebeStokWebApp/Services/MerkeziAklamaService.cs(98,56): warning CS1998: This async method lacks 'await' operators and will run synchronously. Consider using the 'await' operator to await non-blocking API calls, or 'await Task.Run(...)' to do CPU-bound work on a background thread. [/Users/muhammetkocaman/MuhasebeStokWebApp/MuhasebeStokWebApp.csproj]
/Users/muhammetkocaman/MuhasebeStokWebApp/Controllers/MerkeziAklamaController.cs(234,47): warning CS8602: Dereference of a possibly null reference. [/Users/muhammetkocaman/MuhasebeStokWebApp/MuhasebeStokWebApp.csproj]
/Users/muhammetkocaman/MuhasebeStokWebApp/Services/ParaBirimiModulu/ParaBirimiIliskiService.cs(36,31): warning CS8625: Cannot convert null literal to non-nullable reference type. [/Users/muhammetkocaman/MuhasebeStokWebApp/MuhasebeStokWebApp.csproj]
/Users/muhammetkocaman/MuhasebeStokWebApp/Services/ParaBirimiModulu/ParaBirimiIliskiService.cs(36,37): warning CS8625: Cannot convert null literal to non-nullable reference type. [/Users/muhammetkocaman/MuhasebeStokWebApp/MuhasebeStokWebApp.csproj]
/Users/muhammetkocaman/MuhasebeStokWebApp/Controllers/MerkeziAklamaController.cs(349,43): warning CS8602: Dereference of a possibly null reference. [/Users/muhammetkocaman/MuhasebeStokWebApp/MuhasebeStokWebApp.csproj]
/Users/muhammetkocaman/MuhasebeStokWebApp/Controllers/MerkeziAklamaController.cs(351,43): warning CS8602: Dereference of a possibly null reference. [/Users/muhammetkocaman/MuhasebeStokWebApp/MuhasebeStokWebApp.csproj]
/Users/muhammetkocaman/MuhasebeStokWebApp/Controllers/MerkeziAklamaController.cs(371,37): warning CS8601: Possible null reference assignment. [/Users/muhammetkocaman/MuhasebeStokWebApp/MuhasebeStokWebApp.csproj]
/Users/muhammetkocaman/MuhasebeStokWebApp/Controllers/MerkeziAklamaController.cs(372,31): warning CS8601: Possible null reference assignment. [/Users/muhammetkocaman/MuhasebeStokWebApp/MuhasebeStokWebApp.csproj]
/Users/muhammetkocaman/MuhasebeStokWebApp/Controllers/MerkeziAklamaController.cs(373,32): warning CS8601: Possible null reference assignment. [/Users/muhammetkocaman/MuhasebeStokWebApp/MuhasebeStokWebApp.csproj]
/Users/muhammetkocaman/MuhasebeStokWebApp/Controllers/MerkeziAklamaController.cs(457,47): warning CS8602: Dereference of a possibly null reference. [/Users/muhammetkocaman/MuhasebeStokWebApp/MuhasebeStokWebApp.csproj]
/Users/muhammetkocaman/MuhasebeStokWebApp/Services/ParaBirimiModulu/ParaBirimiIliskiService.cs(64,80): warning CS8625: Cannot convert null literal to non-nullable reference type. [/Users/muhammetkocaman/MuhasebeStokWebApp/MuhasebeStokWebApp.csproj]
/Users/muhammetkocaman/MuhasebeStokWebApp/Services/ParaBirimiModulu/ParaBirimiIliskiService.cs(78,78): warning CS8625: Cannot convert null literal to non-nullable reference type. [/Users/muhammetkocaman/MuhasebeStokWebApp/MuhasebeStokWebApp.csproj]
/Users/muhammetkocaman/MuhasebeStokWebApp/Services/ParaBirimiModulu/ParaBirimiIliskiService.cs(138,24): warning CS8603: Possible null reference return. [/Users/muhammetkocaman/MuhasebeStokWebApp/MuhasebeStokWebApp.csproj]
/Users/muhammetkocaman/MuhasebeStokWebApp/Services/ParaBirimiModulu/ParaBirimiIliskiService.cs(145,39): warning CS8601: Possible null reference assignment. [/Users/muhammetkocaman/MuhasebeStokWebApp/MuhasebeStokWebApp.csproj]
/Users/muhammetkocaman/MuhasebeStokWebApp/Services/ParaBirimiModulu/ParaBirimiIliskiService.cs(146,40): warning CS8601: Possible null reference assignment. [/Users/muhammetkocaman/MuhasebeStokWebApp/MuhasebeStokWebApp.csproj]
/Users/muhammetkocaman/MuhasebeStokWebApp/Services/ParaBirimiModulu/ParaBirimiIliskiService.cs(147,38): warning CS8601: Possible null reference assignment. [/Users/muhammetkocaman/MuhasebeStokWebApp/MuhasebeStokWebApp.csproj]
/Users/muhammetkocaman/MuhasebeStokWebApp/Services/ParaBirimiModulu/ParaBirimiIliskiService.cs(148,39): warning CS8601: Possible null reference assignment. [/Users/muhammetkocaman/MuhasebeStokWebApp/MuhasebeStokWebApp.csproj]
/Users/muhammetkocaman/MuhasebeStokWebApp/Services/MerkeziAklamaService.cs(195,33): warning CS1998: This async method lacks 'await' operators and will run synchronously. Consider using the 'await' operator to await non-blocking API calls, or 'await Task.Run(...)' to do CPU-bound work on a background thread. [/Users/muhammetkocaman/MuhasebeStokWebApp/MuhasebeStokWebApp.csproj]
/Users/muhammetkocaman/MuhasebeStokWebApp/Services/MerkeziAklamaService.cs(202,49): warning CS1998: This async method lacks 'await' operators and will run synchronously. Consider using the 'await' operator to await non-blocking API calls, or 'await Task.Run(...)' to do CPU-bound work on a background thread. [/Users/muhammetkocaman/MuhasebeStokWebApp/MuhasebeStokWebApp.csproj]
/Users/muhammetkocaman/MuhasebeStokWebApp/Services/MerkeziAklamaService.cs(215,60): warning CS1998: This async method lacks 'await' operators and will run synchronously. Consider using the 'await' operator to await non-blocking API calls, or 'await Task.Run(...)' to do CPU-bound work on a background thread. [/Users/muhammetkocaman/MuhasebeStokWebApp/MuhasebeStokWebApp.csproj]
/Users/muhammetkocaman/MuhasebeStokWebApp/Services/ParaBirimiModulu/ParaBirimiIliskiService.cs(163,39): warning CS8601: Possible null reference assignment. [/Users/muhammetkocaman/MuhasebeStokWebApp/MuhasebeStokWebApp.csproj]
/Users/muhammetkocaman/MuhasebeStokWebApp/Services/ParaBirimiModulu/ParaBirimiIliskiService.cs(164,40): warning CS8601: Possible null reference assignment. [/Users/muhammetkocaman/MuhasebeStokWebApp/MuhasebeStokWebApp.csproj]
/Users/muhammetkocaman/MuhasebeStokWebApp/Services/ParaBirimiModulu/ParaBirimiIliskiService.cs(165,38): warning CS8601: Possible null reference assignment. [/Users/muhammetkocaman/MuhasebeStokWebApp/MuhasebeStokWebApp.csproj]
/Users/muhammetkocaman/MuhasebeStokWebApp/Services/ParaBirimiModulu/ParaBirimiIliskiService.cs(166,39): warning CS8601: Possible null reference assignment. [/Users/muhammetkocaman/MuhasebeStokWebApp/MuhasebeStokWebApp.csproj]
/Users/muhammetkocaman/MuhasebeStokWebApp/Services/MerkeziAklamaService.cs(222,55): warning CS1998: This async method lacks 'await' operators and will run synchronously. Consider using the 'await' operator to await non-blocking API calls, or 'await Task.Run(...)' to do CPU-bound work on a background thread. [/Users/muhammetkocaman/MuhasebeStokWebApp/MuhasebeStokWebApp.csproj]
/Users/muhammetkocaman/MuhasebeStokWebApp/Controllers/RaporController.cs(320,28): warning CS8601: Possible null reference assignment. [/Users/muhammetkocaman/MuhasebeStokWebApp/MuhasebeStokWebApp.csproj]
/Users/muhammetkocaman/MuhasebeStokWebApp/Services/MerkeziAklamaService.cs(234,33): warning CS1998: This async method lacks 'await' operators and will run synchronously. Consider using the 'await' operator to await non-blocking API calls, or 'await Task.Run(...)' to do CPU-bound work on a background thread. [/Users/muhammetkocaman/MuhasebeStokWebApp/MuhasebeStokWebApp.csproj]
/Users/muhammetkocaman/MuhasebeStokWebApp/Services/Menu/MenuService.cs(1077,53): warning CS8600: Converting null literal or possible null value to non-nullable type. [/Users/muhammetkocaman/MuhasebeStokWebApp/MuhasebeStokWebApp.csproj]
/Users/muhammetkocaman/MuhasebeStokWebApp/Services/Menu/MenuService.cs(1082,28): warning CS0219: The variable 'query' is assigned but its value is never used [/Users/muhammetkocaman/MuhasebeStokWebApp/MuhasebeStokWebApp.csproj]
/Users/muhammetkocaman/MuhasebeStokWebApp/Services/ParaBirimiModulu/KurDegeriService.cs(41,31): warning CS8625: Cannot convert null literal to non-nullable reference type. [/Users/muhammetkocaman/MuhasebeStokWebApp/MuhasebeStokWebApp.csproj]
/Users/muhammetkocaman/MuhasebeStokWebApp/Services/ParaBirimiModulu/KurDegeriService.cs(41,37): warning CS8625: Cannot convert null literal to non-nullable reference type. [/Users/muhammetkocaman/MuhasebeStokWebApp/MuhasebeStokWebApp.csproj]
/Users/muhammetkocaman/MuhasebeStokWebApp/Services/MerkeziAklamaService.cs(241,33): warning CS1998: This async method lacks 'await' operators and will run synchronously. Consider using the 'await' operator to await non-blocking API calls, or 'await Task.Run(...)' to do CPU-bound work on a background thread. [/Users/muhammetkocaman/MuhasebeStokWebApp/MuhasebeStokWebApp.csproj]
/Users/muhammetkocaman/MuhasebeStokWebApp/Services/MerkeziAklamaService.cs(248,33): warning CS1998: This async method lacks 'await' operators and will run synchronously. Consider using the 'await' operator to await non-blocking API calls, or 'await Task.Run(...)' to do CPU-bound work on a background thread. [/Users/muhammetkocaman/MuhasebeStokWebApp/MuhasebeStokWebApp.csproj]
/Users/muhammetkocaman/MuhasebeStokWebApp/Services/SozlesmeService.cs(359,24): warning CS8603: Possible null reference return. [/Users/muhammetkocaman/MuhasebeStokWebApp/MuhasebeStokWebApp.csproj]
/Users/muhammetkocaman/MuhasebeStokWebApp/Services/SozlesmeService.cs(368,27): warning CS8601: Possible null reference assignment. [/Users/muhammetkocaman/MuhasebeStokWebApp/MuhasebeStokWebApp.csproj]
/Users/muhammetkocaman/MuhasebeStokWebApp/Services/SozlesmeService.cs(371,37): warning CS8601: Possible null reference assignment. [/Users/muhammetkocaman/MuhasebeStokWebApp/MuhasebeStokWebApp.csproj]
/Users/muhammetkocaman/MuhasebeStokWebApp/Services/SozlesmeService.cs(374,37): warning CS8601: Possible null reference assignment. [/Users/muhammetkocaman/MuhasebeStokWebApp/MuhasebeStokWebApp.csproj]
/Users/muhammetkocaman/MuhasebeStokWebApp/Services/SozlesmeService.cs(375,28): warning CS8601: Possible null reference assignment. [/Users/muhammetkocaman/MuhasebeStokWebApp/MuhasebeStokWebApp.csproj]
/Users/muhammetkocaman/MuhasebeStokWebApp/Services/MerkeziAklamaService.cs(255,33): warning CS1998: This async method lacks 'await' operators and will run synchronously. Consider using the 'await' operator to await non-blocking API calls, or 'await Task.Run(...)' to do CPU-bound work on a background thread. [/Users/muhammetkocaman/MuhasebeStokWebApp/MuhasebeStokWebApp.csproj]
/Users/muhammetkocaman/MuhasebeStokWebApp/Services/SozlesmeService.cs(498,31): warning CS8601: Possible null reference assignment. [/Users/muhammetkocaman/MuhasebeStokWebApp/MuhasebeStokWebApp.csproj]
/Users/muhammetkocaman/MuhasebeStokWebApp/Services/SozlesmeService.cs(500,41): warning CS8601: Possible null reference assignment. [/Users/muhammetkocaman/MuhasebeStokWebApp/MuhasebeStokWebApp.csproj]
/Users/muhammetkocaman/MuhasebeStokWebApp/Services/ParaBirimiModulu/KurDegeriService.cs(69,68): warning CS8625: Cannot convert null literal to non-nullable reference type. [/Users/muhammetkocaman/MuhasebeStokWebApp/MuhasebeStokWebApp.csproj]
/Users/muhammetkocaman/MuhasebeStokWebApp/Services/MerkeziAklamaService.cs(261,56): warning CS1998: This async method lacks 'await' operators and will run synchronously. Consider using the 'await' operator to await non-blocking API calls, or 'await Task.Run(...)' to do CPU-bound work on a background thread. [/Users/muhammetkocaman/MuhasebeStokWebApp/MuhasebeStokWebApp.csproj]
/Users/muhammetkocaman/MuhasebeStokWebApp/Services/ParaBirimiModulu/KurDegeriService.cs(84,31): warning CS8625: Cannot convert null literal to non-nullable reference type. [/Users/muhammetkocaman/MuhasebeStokWebApp/MuhasebeStokWebApp.csproj]
/Users/muhammetkocaman/MuhasebeStokWebApp/Services/ParaBirimiModulu/KurDegeriService.cs(84,104): warning CS8625: Cannot convert null literal to non-nullable reference type. [/Users/muhammetkocaman/MuhasebeStokWebApp/MuhasebeStokWebApp.csproj]
/Users/muhammetkocaman/MuhasebeStokWebApp/Services/LogService.cs(1111,24): warning CS8603: Possible null reference return. [/Users/muhammetkocaman/MuhasebeStokWebApp/MuhasebeStokWebApp.csproj]
/Users/muhammetkocaman/MuhasebeStokWebApp/Services/ParaBirimiModulu/KurDegeriService.cs(106,63): warning CS8625: Cannot convert null literal to non-nullable reference type. [/Users/muhammetkocaman/MuhasebeStokWebApp/MuhasebeStokWebApp.csproj]
/Users/muhammetkocaman/MuhasebeStokWebApp/Services/LogService.cs(1182,38): warning CS8600: Converting null literal or possible null value to non-nullable type. [/Users/muhammetkocaman/MuhasebeStokWebApp/MuhasebeStokWebApp.csproj]
/Users/muhammetkocaman/MuhasebeStokWebApp/Services/LogService.cs(1185,35): warning CS8600: Converting null literal or possible null value to non-nullable type. [/Users/muhammetkocaman/MuhasebeStokWebApp/MuhasebeStokWebApp.csproj]
/Users/muhammetkocaman/MuhasebeStokWebApp/Services/Menu/MenuService.cs(1784,30): warning CS8601: Possible null reference assignment. [/Users/muhammetkocaman/MuhasebeStokWebApp/MuhasebeStokWebApp.csproj]
/Users/muhammetkocaman/MuhasebeStokWebApp/Services/Menu/MenuService.cs(1792,62): warning CS8600: Converting null literal or possible null value to non-nullable type. [/Users/muhammetkocaman/MuhasebeStokWebApp/MuhasebeStokWebApp.csproj]
/Users/muhammetkocaman/MuhasebeStokWebApp/Views/Cari/Create.cshtml(151,49): warning CS8600: Converting null literal or possible null value to non-nullable type. [/Users/muhammetkocaman/MuhasebeStokWebApp/MuhasebeStokWebApp.csproj]
/Users/muhammetkocaman/MuhasebeStokWebApp/Services/Menu/MenuService.cs(1818,28): warning CS8603: Possible null reference return. [/Users/muhammetkocaman/MuhasebeStokWebApp/MuhasebeStokWebApp.csproj]
/Users/muhammetkocaman/MuhasebeStokWebApp/Services/Menu/MenuService.cs(1959,24): warning CS8603: Possible null reference return. [/Users/muhammetkocaman/MuhasebeStokWebApp/MuhasebeStokWebApp.csproj]
/Users/muhammetkocaman/MuhasebeStokWebApp/Services/ParaBirimiModulu/DovizKuruServiceAdapter.cs(156,50): warning CS8600: Converting null literal or possible null value to non-nullable type. [/Users/muhammetkocaman/MuhasebeStokWebApp/MuhasebeStokWebApp.csproj]
/Users/muhammetkocaman/MuhasebeStokWebApp/Services/ParaBirimiModulu/DovizKuruServiceAdapter.cs(159,24): warning CS8603: Possible null reference return. [/Users/muhammetkocaman/MuhasebeStokWebApp/MuhasebeStokWebApp.csproj]
/Users/muhammetkocaman/MuhasebeStokWebApp/Services/ParaBirimiModulu/DovizKuruServiceAdapter.cs(188,50): warning CS8600: Converting null literal or possible null value to non-nullable type. [/Users/muhammetkocaman/MuhasebeStokWebApp/MuhasebeStokWebApp.csproj]
/Users/muhammetkocaman/MuhasebeStokWebApp/Services/ParaBirimiModulu/DovizKuruServiceAdapter.cs(226,50): warning CS8600: Converting null literal or possible null value to non-nullable type. [/Users/muhammetkocaman/MuhasebeStokWebApp/MuhasebeStokWebApp.csproj]
/Users/muhammetkocaman/MuhasebeStokWebApp/Services/SozlesmeService.cs(548,31): warning CS8601: Possible null reference assignment. [/Users/muhammetkocaman/MuhasebeStokWebApp/MuhasebeStokWebApp.csproj]
/Users/muhammetkocaman/MuhasebeStokWebApp/Services/SozlesmeService.cs(551,41): warning CS8601: Possible null reference assignment. [/Users/muhammetkocaman/MuhasebeStokWebApp/MuhasebeStokWebApp.csproj]
/Users/muhammetkocaman/MuhasebeStokWebApp/Services/SozlesmeService.cs(554,41): warning CS8601: Possible null reference assignment. [/Users/muhammetkocaman/MuhasebeStokWebApp/MuhasebeStokWebApp.csproj]
/Users/muhammetkocaman/MuhasebeStokWebApp/Services/SozlesmeService.cs(555,32): warning CS8601: Possible null reference assignment. [/Users/muhammetkocaman/MuhasebeStokWebApp/MuhasebeStokWebApp.csproj]
/Users/muhammetkocaman/MuhasebeStokWebApp/Services/ParaBirimiModulu/KurDegeriService.cs(208,24): warning CS8603: Possible null reference return. [/Users/muhammetkocaman/MuhasebeStokWebApp/MuhasebeStokWebApp.csproj]
/Users/muhammetkocaman/MuhasebeStokWebApp/Services/ParaBirimiModulu/KurDegeriService.cs(216,43): warning CS8603: Possible null reference return. [/Users/muhammetkocaman/MuhasebeStokWebApp/MuhasebeStokWebApp.csproj]
/Users/muhammetkocaman/MuhasebeStokWebApp/Services/StokFifoService.cs(613,49): warning CS8600: Converting null literal or possible null value to non-nullable type. [/Users/muhammetkocaman/MuhasebeStokWebApp/MuhasebeStokWebApp.csproj]
/Users/muhammetkocaman/MuhasebeStokWebApp/Services/ParaBirimiModulu/KurDegeriService.cs(280,40): warning CS8603: Possible null reference return. [/Users/muhammetkocaman/MuhasebeStokWebApp/MuhasebeStokWebApp.csproj]
/Users/muhammetkocaman/MuhasebeStokWebApp/Services/ParaBirimiModulu/KurDegeriService.cs(302,43): warning CS8603: Possible null reference return. [/Users/muhammetkocaman/MuhasebeStokWebApp/MuhasebeStokWebApp.csproj]
/Users/muhammetkocaman/MuhasebeStokWebApp/Data/ApplicationDbContext.cs(97,45): warning EF1001: Microsoft.EntityFrameworkCore.SqlServer.Infrastructure.Internal.SqlServerOptionsExtension is an internal API that supports the Entity Framework Core infrastructure and not subject to the same compatibility standards as public APIs. It may be changed or removed without notice in any release. [/Users/muhammetkocaman/MuhasebeStokWebApp/MuhasebeStokWebApp.csproj]
/Users/muhammetkocaman/MuhasebeStokWebApp/Controllers/KasaController.cs(673,25): warning CA2200: Re-throwing caught exception changes stack information (https://learn.microsoft.com/dotnet/fundamentals/code-analysis/quality-rules/ca2200) [/Users/muhammetkocaman/MuhasebeStokWebApp/MuhasebeStokWebApp.csproj]

Build FAILED.

/Users/muhammetkocaman/MuhasebeStokWebApp/MuhasebeStokWebApp.csproj : warning NU1903: Package 'MimeKit' 4.6.0 has a known high severity vulnerability, https://github.com/advisories/GHSA-gmc6-fwg3-75m5 [/Users/muhammetkocaman/MuhasebeStokWebApp/MuhasebeStokWebApp.sln]
/Users/muhammetkocaman/MuhasebeStokWebApp/MuhasebeStokWebApp.csproj : warning NU1903: Package 'SixLabors.ImageSharp' 3.1.4 has a known high severity vulnerability, https://github.com/advisories/GHSA-2cmq-823j-5qj8 [/Users/muhammetkocaman/MuhasebeStokWebApp/MuhasebeStokWebApp.sln]
/Users/muhammetkocaman/MuhasebeStokWebApp/MuhasebeStokWebApp.csproj : warning NU1903: Package 'SixLabors.ImageSharp' 3.1.4 has a known high severity vulnerability, https://github.com/advisories/GHSA-63p8-c4ww-9cg7 [/Users/muhammetkocaman/MuhasebeStokWebApp/MuhasebeStokWebApp.sln]
/Users/muhammetkocaman/MuhasebeStokWebApp/MuhasebeStokWebApp.csproj : warning NU1902: Package 'SixLabors.ImageSharp' 3.1.4 has a known moderate severity vulnerability, https://github.com/advisories/GHSA-qxrv-gp6x-rc23 [/Users/muhammetkocaman/MuhasebeStokWebApp/MuhasebeStokWebApp.sln]
/Users/muhammetkocaman/MuhasebeStokWebApp/MuhasebeStokWebApp.csproj : warning NU1903: Package 'MimeKit' 4.6.0 has a known high severity vulnerability, https://github.com/advisories/GHSA-gmc6-fwg3-75m5
/Users/muhammetkocaman/MuhasebeStokWebApp/MuhasebeStokWebApp.csproj : warning NU1903: Package 'SixLabors.ImageSharp' 3.1.4 has a known high severity vulnerability, https://github.com/advisories/GHSA-2cmq-823j-5qj8
/Users/muhammetkocaman/MuhasebeStokWebApp/MuhasebeStokWebApp.csproj : warning NU1903: Package 'SixLabors.ImageSharp' 3.1.4 has a known high severity vulnerability, https://github.com/advisories/GHSA-63p8-c4ww-9cg7
/Users/muhammetkocaman/MuhasebeStokWebApp/MuhasebeStokWebApp.csproj : warning NU1902: Package 'SixLabors.ImageSharp' 3.1.4 has a known moderate severity vulnerability, https://github.com/advisories/GHSA-qxrv-gp6x-rc23
/Users/muhammetkocaman/MuhasebeStokWebApp/Hubs/NotificationHub.cs(20,36): warning CS8765: Nullability of type of parameter 'exception' doesn't match overridden member (possibly because of nullability attributes). [/Users/muhammetkocaman/MuhasebeStokWebApp/MuhasebeStokWebApp.csproj]
/Users/muhammetkocaman/MuhasebeStokWebApp/Services/LogEkleExtensions.cs(39,31): warning CS8625: Cannot convert null literal to non-nullable reference type. [/Users/muhammetkocaman/MuhasebeStokWebApp/MuhasebeStokWebApp.csproj]
/Users/muhammetkocaman/MuhasebeStokWebApp/Services/LogEkleExtensions.cs(40,31): warning CS8625: Cannot convert null literal to non-nullable reference type. [/Users/muhammetkocaman/MuhasebeStokWebApp/MuhasebeStokWebApp.csproj]
/Users/muhammetkocaman/MuhasebeStokWebApp/Services/LogEkleExtensions.cs(41,30): warning CS8625: Cannot convert null literal to non-nullable reference type. [/Users/muhammetkocaman/MuhasebeStokWebApp/MuhasebeStokWebApp.csproj]
/Users/muhammetkocaman/MuhasebeStokWebApp/Controllers/AccountController.cs(55,55): warning CS8625: Cannot convert null literal to non-nullable reference type. [/Users/muhammetkocaman/MuhasebeStokWebApp/MuhasebeStokWebApp.csproj]
/Users/muhammetkocaman/MuhasebeStokWebApp/Controllers/BaseController.cs(36,40): warning CS8625: Cannot convert null literal to non-nullable reference type. [/Users/muhammetkocaman/MuhasebeStokWebApp/MuhasebeStokWebApp.csproj]
/Users/muhammetkocaman/MuhasebeStokWebApp/Controllers/BaseController.cs(37,56): warning CS8625: Cannot convert null literal to non-nullable reference type. [/Users/muhammetkocaman/MuhasebeStokWebApp/MuhasebeStokWebApp.csproj]
/Users/muhammetkocaman/MuhasebeStokWebApp/Controllers/BaseController.cs(38,53): warning CS8625: Cannot convert null literal to non-nullable reference type. [/Users/muhammetkocaman/MuhasebeStokWebApp/MuhasebeStokWebApp.csproj]
/Users/muhammetkocaman/MuhasebeStokWebApp/Controllers/BaseController.cs(39,38): warning CS8625: Cannot convert null literal to non-nullable reference type. [/Users/muhammetkocaman/MuhasebeStokWebApp/MuhasebeStokWebApp.csproj]
/Users/muhammetkocaman/MuhasebeStokWebApp/Controllers/BaseController.cs(40,58): warning CS8625: Cannot convert null literal to non-nullable reference type. [/Users/muhammetkocaman/MuhasebeStokWebApp/MuhasebeStokWebApp.csproj]
/Users/muhammetkocaman/MuhasebeStokWebApp/Controllers/BaseController.cs(41,48): warning CS8625: Cannot convert null literal to non-nullable reference type. [/Users/muhammetkocaman/MuhasebeStokWebApp/MuhasebeStokWebApp.csproj]
/Users/muhammetkocaman/MuhasebeStokWebApp/Controllers/BaseController.cs(633,77): warning CS8625: Cannot convert null literal to non-nullable reference type. [/Users/muhammetkocaman/MuhasebeStokWebApp/MuhasebeStokWebApp.csproj]
/Users/muhammetkocaman/MuhasebeStokWebApp/Controllers/BaseController.cs(633,96): warning CS8625: Cannot convert null literal to non-nullable reference type. [/Users/muhammetkocaman/MuhasebeStokWebApp/MuhasebeStokWebApp.csproj]
/Users/muhammetkocaman/MuhasebeStokWebApp/Controllers/BaseController.cs(653,76): warning CS8625: Cannot convert null literal to non-nullable reference type. [/Users/muhammetkocaman/MuhasebeStokWebApp/MuhasebeStokWebApp.csproj]
/Users/muhammetkocaman/MuhasebeStokWebApp/Data/Repositories/IIrsaliyeRepository.cs(12,136): warning CS8625: Cannot convert null literal to non-nullable reference type. [/Users/muhammetkocaman/MuhasebeStokWebApp/MuhasebeStokWebApp.csproj]
/Users/muhammetkocaman/MuhasebeStokWebApp/Controllers/BaseController.cs(686,53): warning CS8625: Cannot convert null literal to non-nullable reference type. [/Users/muhammetkocaman/MuhasebeStokWebApp/MuhasebeStokWebApp.csproj]
/Users/muhammetkocaman/MuhasebeStokWebApp/Controllers/BaseController.cs(694,115): warning CS8625: Cannot convert null literal to non-nullable reference type. [/Users/muhammetkocaman/MuhasebeStokWebApp/MuhasebeStokWebApp.csproj]
/Users/muhammetkocaman/MuhasebeStokWebApp/Data/Repositories/IRepository.cs(12,89): warning CS8625: Cannot convert null literal to non-nullable reference type. [/Users/muhammetkocaman/MuhasebeStokWebApp/MuhasebeStokWebApp.csproj]
/Users/muhammetkocaman/MuhasebeStokWebApp/Data/Repositories/IRepository.cs(13,77): warning CS8625: Cannot convert null literal to non-nullable reference type. [/Users/muhammetkocaman/MuhasebeStokWebApp/MuhasebeStokWebApp.csproj]
/Users/muhammetkocaman/MuhasebeStokWebApp/Data/Repositories/IRepository.cs(16,87): warning CS8625: Cannot convert null literal to non-nullable reference type. [/Users/muhammetkocaman/MuhasebeStokWebApp/MuhasebeStokWebApp.csproj]
/Users/muhammetkocaman/MuhasebeStokWebApp/Data/Repositories/IRepository.cs(19,54): warning CS8625: Cannot convert null literal to non-nullable reference type. [/Users/muhammetkocaman/MuhasebeStokWebApp/MuhasebeStokWebApp.csproj]
/Users/muhammetkocaman/MuhasebeStokWebApp/Data/Repositories/IRepository.cs(20,77): warning CS8625: Cannot convert null literal to non-nullable reference type. [/Users/muhammetkocaman/MuhasebeStokWebApp/MuhasebeStokWebApp.csproj]
/Users/muhammetkocaman/MuhasebeStokWebApp/Controllers/HomeController.cs(63,62): warning CS8625: Cannot convert null literal to non-nullable reference type. [/Users/muhammetkocaman/MuhasebeStokWebApp/MuhasebeStokWebApp.csproj]
/Users/muhammetkocaman/MuhasebeStokWebApp/Data/Repositories/IrsaliyeDetayRepository.cs(11,47): warning CS0108: 'IrsaliyeDetayRepository._context' hides inherited member 'Repository<IrsaliyeDetay>._context'. Use the new keyword if hiding was intended. [/Users/muhammetkocaman/MuhasebeStokWebApp/MuhasebeStokWebApp.csproj]
/Users/muhammetkocaman/MuhasebeStokWebApp/Controllers/FaturaController.cs(34,55): warning CS0108: 'FaturaController._userManager' hides inherited member 'BaseController._userManager'. Use the new keyword if hiding was intended. [/Users/muhammetkocaman/MuhasebeStokWebApp/MuhasebeStokWebApp.csproj]
/Users/muhammetkocaman/MuhasebeStokWebApp/Data/Repositories/IrsaliyeRepository.cs(13,47): warning CS0108: 'IrsaliyeRepository._context' hides inherited member 'Repository<Irsaliye>._context'. Use the new keyword if hiding was intended. [/Users/muhammetkocaman/MuhasebeStokWebApp/MuhasebeStokWebApp.csproj]
/Users/muhammetkocaman/MuhasebeStokWebApp/Data/Repositories/IrsaliyeRepository.cs(41,33): warning CS8625: Cannot convert null literal to non-nullable reference type. [/Users/muhammetkocaman/MuhasebeStokWebApp/MuhasebeStokWebApp.csproj]
/Users/muhammetkocaman/MuhasebeStokWebApp/Data/Repositories/Repository.cs(32,54): warning CS8625: Cannot convert null literal to non-nullable reference type. [/Users/muhammetkocaman/MuhasebeStokWebApp/MuhasebeStokWebApp.csproj]
/Users/muhammetkocaman/MuhasebeStokWebApp/Data/Repositories/Repository.cs(33,77): warning CS8625: Cannot convert null literal to non-nullable reference type. [/Users/muhammetkocaman/MuhasebeStokWebApp/MuhasebeStokWebApp.csproj]
/Users/muhammetkocaman/MuhasebeStokWebApp/Data/Repositories/Repository.cs(78,54): warning CS8625: Cannot convert null literal to non-nullable reference type. [/Users/muhammetkocaman/MuhasebeStokWebApp/MuhasebeStokWebApp.csproj]
/Users/muhammetkocaman/MuhasebeStokWebApp/Data/Repositories/Repository.cs(179,54): warning CS8625: Cannot convert null literal to non-nullable reference type. [/Users/muhammetkocaman/MuhasebeStokWebApp/MuhasebeStokWebApp.csproj]
/Users/muhammetkocaman/MuhasebeStokWebApp/Data/Repositories/Repository.cs(180,77): warning CS8625: Cannot convert null literal to non-nullable reference type. [/Users/muhammetkocaman/MuhasebeStokWebApp/MuhasebeStokWebApp.csproj]
/Users/muhammetkocaman/MuhasebeStokWebApp/Controllers/MerkeziAklamaController.cs(487,88): warning CS8625: Cannot convert null literal to non-nullable reference type. [/Users/muhammetkocaman/MuhasebeStokWebApp/MuhasebeStokWebApp.csproj]
/Users/muhammetkocaman/MuhasebeStokWebApp/Controllers/RaporController.cs(608,65): warning CS8625: Cannot convert null literal to non-nullable reference type. [/Users/muhammetkocaman/MuhasebeStokWebApp/MuhasebeStokWebApp.csproj]
/Users/muhammetkocaman/MuhasebeStokWebApp/Services/IDropdownService.cs(14,67): warning CS8625: Cannot convert null literal to non-nullable reference type. [/Users/muhammetkocaman/MuhasebeStokWebApp/MuhasebeStokWebApp.csproj]
/Users/muhammetkocaman/MuhasebeStokWebApp/Services/IDropdownService.cs(15,62): warning CS8625: Cannot convert null literal to non-nullable reference type. [/Users/muhammetkocaman/MuhasebeStokWebApp/MuhasebeStokWebApp.csproj]
/Users/muhammetkocaman/MuhasebeStokWebApp/Services/IDropdownService.cs(21,155): warning CS8625: Cannot convert null literal to non-nullable reference type. [/Users/muhammetkocaman/MuhasebeStokWebApp/MuhasebeStokWebApp.csproj]
/Users/muhammetkocaman/MuhasebeStokWebApp/Services/IDropdownService.cs(23,140): warning CS8625: Cannot convert null literal to non-nullable reference type. [/Users/muhammetkocaman/MuhasebeStokWebApp/MuhasebeStokWebApp.csproj]
/Users/muhammetkocaman/MuhasebeStokWebApp/Services/Interfaces/ILogService.cs(63,102): warning CS8625: Cannot convert null literal to non-nullable reference type. [/Users/muhammetkocaman/MuhasebeStokWebApp/MuhasebeStokWebApp.csproj]
/Users/muhammetkocaman/MuhasebeStokWebApp/Services/Interfaces/ILogService.cs(17,104): warning CS8625: Cannot convert null literal to non-nullable reference type. [/Users/muhammetkocaman/MuhasebeStokWebApp/MuhasebeStokWebApp.csproj]
/Users/muhammetkocaman/MuhasebeStokWebApp/Services/Interfaces/ILogService.cs(18,95): warning CS8625: Cannot convert null literal to non-nullable reference type. [/Users/muhammetkocaman/MuhasebeStokWebApp/MuhasebeStokWebApp.csproj]
/Users/muhammetkocaman/MuhasebeStokWebApp/Services/Interfaces/ILogService.cs(23,33): warning CS8625: Cannot convert null literal to non-nullable reference type. [/Users/muhammetkocaman/MuhasebeStokWebApp/MuhasebeStokWebApp.csproj]
/Users/muhammetkocaman/MuhasebeStokWebApp/Services/Interfaces/ILogService.cs(24,30): warning CS8625: Cannot convert null literal to non-nullable reference type. [/Users/muhammetkocaman/MuhasebeStokWebApp/MuhasebeStokWebApp.csproj]
/Users/muhammetkocaman/MuhasebeStokWebApp/Services/Interfaces/ILogService.cs(37,65): warning CS8625: Cannot convert null literal to non-nullable reference type. [/Users/muhammetkocaman/MuhasebeStokWebApp/MuhasebeStokWebApp.csproj]
/Users/muhammetkocaman/MuhasebeStokWebApp/Services/Interfaces/ILogService.cs(38,68): warning CS8625: Cannot convert null literal to non-nullable reference type. [/Users/muhammetkocaman/MuhasebeStokWebApp/MuhasebeStokWebApp.csproj]
/Users/muhammetkocaman/MuhasebeStokWebApp/Services/Interfaces/ILogService.cs(64,166): warning CS8625: Cannot convert null literal to non-nullable reference type. [/Users/muhammetkocaman/MuhasebeStokWebApp/MuhasebeStokWebApp.csproj]
/Users/muhammetkocaman/MuhasebeStokWebApp/Services/Interfaces/ILogService.cs(68,158): warning CS8625: Cannot convert null literal to non-nullable reference type. [/Users/muhammetkocaman/MuhasebeStokWebApp/MuhasebeStokWebApp.csproj]
/Users/muhammetkocaman/MuhasebeStokWebApp/Services/Interfaces/ILogService.cs(68,204): warning CS8625: Cannot convert null literal to non-nullable reference type. [/Users/muhammetkocaman/MuhasebeStokWebApp/MuhasebeStokWebApp.csproj]
/Users/muhammetkocaman/MuhasebeStokWebApp/Controllers/StokController.cs(800,118): warning CS8625: Cannot convert null literal to non-nullable reference type. [/Users/muhammetkocaman/MuhasebeStokWebApp/MuhasebeStokWebApp.csproj]
/Users/muhammetkocaman/MuhasebeStokWebApp/Controllers/StokController.cs(899,111): warning CS8625: Cannot convert null literal to non-nullable reference type. [/Users/muhammetkocaman/MuhasebeStokWebApp/MuhasebeStokWebApp.csproj]
/Users/muhammetkocaman/MuhasebeStokWebApp/Controllers/StokController.cs(906,109): warning CS8625: Cannot convert null literal to non-nullable reference type. [/Users/muhammetkocaman/MuhasebeStokWebApp/MuhasebeStokWebApp.csproj]
/Users/muhammetkocaman/MuhasebeStokWebApp/Services/LogService.cs(32,117): warning CS8625: Cannot convert null literal to non-nullable reference type. [/Users/muhammetkocaman/MuhasebeStokWebApp/MuhasebeStokWebApp.csproj]
/Users/muhammetkocaman/MuhasebeStokWebApp/Services/LogService.cs(136,33): warning CS8625: Cannot convert null literal to non-nullable reference type. [/Users/muhammetkocaman/MuhasebeStokWebApp/MuhasebeStokWebApp.csproj]
/Users/muhammetkocaman/MuhasebeStokWebApp/Services/LogService.cs(137,30): warning CS8625: Cannot convert null literal to non-nullable reference type. [/Users/muhammetkocaman/MuhasebeStokWebApp/MuhasebeStokWebApp.csproj]
/Users/muhammetkocaman/MuhasebeStokWebApp/Services/LogService.cs(225,171): warning CS8625: Cannot convert null literal to non-nullable reference type. [/Users/muhammetkocaman/MuhasebeStokWebApp/MuhasebeStokWebApp.csproj]
/Users/muhammetkocaman/MuhasebeStokWebApp/Services/LogService.cs(225,217): warning CS8625: Cannot convert null literal to non-nullable reference type. [/Users/muhammetkocaman/MuhasebeStokWebApp/MuhasebeStokWebApp.csproj]
/Users/muhammetkocaman/MuhasebeStokWebApp/Services/LogService.cs(824,78): warning CS8625: Cannot convert null literal to non-nullable reference type. [/Users/muhammetkocaman/MuhasebeStokWebApp/MuhasebeStokWebApp.csproj]
/Users/muhammetkocaman/MuhasebeStokWebApp/Services/LogService.cs(837,81): warning CS8625: Cannot convert null literal to non-nullable reference type. [/Users/muhammetkocaman/MuhasebeStokWebApp/MuhasebeStokWebApp.csproj]
/Users/muhammetkocaman/MuhasebeStokWebApp/Services/LogService.cs(1069,179): warning CS8625: Cannot convert null literal to non-nullable reference type. [/Users/muhammetkocaman/MuhasebeStokWebApp/MuhasebeStokWebApp.csproj]
/Users/muhammetkocaman/MuhasebeStokWebApp/Services/LogService.cs(1115,115): warning CS8625: Cannot convert null literal to non-nullable reference type. [/Users/muhammetkocaman/MuhasebeStokWebApp/MuhasebeStokWebApp.csproj]
/Users/muhammetkocaman/MuhasebeStokWebApp/Services/LogService.cs(1167,108): warning CS8625: Cannot convert null literal to non-nullable reference type. [/Users/muhammetkocaman/MuhasebeStokWebApp/MuhasebeStokWebApp.csproj]
/Users/muhammetkocaman/MuhasebeStokWebApp/Services/Interfaces/IValidationService.cs(14,93): warning CS8625: Cannot convert null literal to non-nullable reference type. [/Users/muhammetkocaman/MuhasebeStokWebApp/MuhasebeStokWebApp.csproj]
/Users/muhammetkocaman/MuhasebeStokWebApp/Services/SistemLogService.cs(26,170): warning CS8625: Cannot convert null literal to non-nullable reference type. [/Users/muhammetkocaman/MuhasebeStokWebApp/MuhasebeStokWebApp.csproj]
/Users/muhammetkocaman/MuhasebeStokWebApp/Services/SistemLogService.cs(26,218): warning CS8625: Cannot convert null literal to non-nullable reference type. [/Users/muhammetkocaman/MuhasebeStokWebApp/MuhasebeStokWebApp.csproj]
/Users/muhammetkocaman/MuhasebeStokWebApp/Services/SistemLogService.cs(62,71): warning CS8625: Cannot convert null literal to non-nullable reference type. [/Users/muhammetkocaman/MuhasebeStokWebApp/MuhasebeStokWebApp.csproj]
/Users/muhammetkocaman/MuhasebeStokWebApp/Services/SistemLogService.cs(98,76): warning CS8625: Cannot convert null literal to non-nullable reference type. [/Users/muhammetkocaman/MuhasebeStokWebApp/MuhasebeStokWebApp.csproj]
/Users/muhammetkocaman/MuhasebeStokWebApp/Services/SistemLogService.cs(134,141): warning CS8625: Cannot convert null literal to non-nullable reference type. [/Users/muhammetkocaman/MuhasebeStokWebApp/MuhasebeStokWebApp.csproj]
/Users/muhammetkocaman/MuhasebeStokWebApp/Services/SistemLogService.cs(147,144): warning CS8625: Cannot convert null literal to non-nullable reference type. [/Users/muhammetkocaman/MuhasebeStokWebApp/MuhasebeStokWebApp.csproj]
/Users/muhammetkocaman/MuhasebeStokWebApp/Services/ValidationService.cs(66,106): warning CS8625: Cannot convert null literal to non-nullable reference type. [/Users/muhammetkocaman/MuhasebeStokWebApp/MuhasebeStokWebApp.csproj]
/Users/muhammetkocaman/MuhasebeStokWebApp/Services/DropdownService.cs(61,74): warning CS8625: Cannot convert null literal to non-nullable reference type. [/Users/muhammetkocaman/MuhasebeStokWebApp/MuhasebeStokWebApp.csproj]
/Users/muhammetkocaman/MuhasebeStokWebApp/Services/DropdownService.cs(67,69): warning CS8625: Cannot convert null literal to non-nullable reference type. [/Users/muhammetkocaman/MuhasebeStokWebApp/MuhasebeStokWebApp.csproj]
/Users/muhammetkocaman/MuhasebeStokWebApp/Services/DropdownService.cs(106,34): warning CS8625: Cannot convert null literal to non-nullable reference type. [/Users/muhammetkocaman/MuhasebeStokWebApp/MuhasebeStokWebApp.csproj]
/Users/muhammetkocaman/MuhasebeStokWebApp/Services/DropdownService.cs(130,57): warning CS8625: Cannot convert null literal to non-nullable reference type. [/Users/muhammetkocaman/MuhasebeStokWebApp/MuhasebeStokWebApp.csproj]
/Users/muhammetkocaman/MuhasebeStokWebApp/ViewModels/UrunKategori/UrunKategoriViewModel.cs(13,23): warning CS8618: Non-nullable property 'KategoriAdi' must contain a non-null value when exiting constructor. Consider adding the 'required' modifier or declaring the property as nullable. [/Users/muhammetkocaman/MuhasebeStokWebApp/MuhasebeStokWebApp.csproj]
/Users/muhammetkocaman/MuhasebeStokWebApp/ViewModels/UrunKategori/UrunKategoriEditViewModel.cs(13,23): warning CS8618: Non-nullable property 'KategoriAdi' must contain a non-null value when exiting constructor. Consider adding the 'required' modifier or declaring the property as nullable. [/Users/muhammetkocaman/MuhasebeStokWebApp/MuhasebeStokWebApp.csproj]
/Users/muhammetkocaman/MuhasebeStokWebApp/ViewModels/UrunKategori/UrunKategoriEditViewModel.cs(17,23): warning CS8618: Non-nullable property 'Aciklama' must contain a non-null value when exiting constructor. Consider adding the 'required' modifier or declaring the property as nullable. [/Users/muhammetkocaman/MuhasebeStokWebApp/MuhasebeStokWebApp.csproj]
/Users/muhammetkocaman/MuhasebeStokWebApp/ViewModels/UrunKategori/UrunKategoriCreateViewModel.cs(11,23): warning CS8618: Non-nullable property 'KategoriAdi' must contain a non-null value when exiting constructor. Consider adding the 'required' modifier or declaring the property as nullable. [/Users/muhammetkocaman/MuhasebeStokWebApp/MuhasebeStokWebApp.csproj]
/Users/muhammetkocaman/MuhasebeStokWebApp/ViewModels/UrunFiyat/UrunFiyatViewModel.cs(49,23): warning CS8618: Non-nullable property 'UrunAdi' must contain a non-null value when exiting constructor. Consider adding the 'required' modifier or declaring the property as nullable. [/Users/muhammetkocaman/MuhasebeStokWebApp/MuhasebeStokWebApp.csproj]
/Users/muhammetkocaman/MuhasebeStokWebApp/ViewModels/UrunFiyat/UrunFiyatViewModel.cs(16,23): warning CS8618: Non-nullable property 'UrunKodu' must contain a non-null value when exiting constructor. Consider adding the 'required' modifier or declaring the property as nullable. [/Users/muhammetkocaman/MuhasebeStokWebApp/MuhasebeStokWebApp.csproj]
/Users/muhammetkocaman/MuhasebeStokWebApp/ViewModels/UrunFiyat/UrunFiyatViewModel.cs(19,23): warning CS8618: Non-nullable property 'UrunAdi' must contain a non-null value when exiting constructor. Consider adding the 'required' modifier or declaring the property as nullable. [/Users/muhammetkocaman/MuhasebeStokWebApp/MuhasebeStokWebApp.csproj]
/Users/muhammetkocaman/MuhasebeStokWebApp/ViewModels/UrunFiyat/UrunFiyatViewModel.cs(36,23): warning CS8618: Non-nullable property 'FiyatTipiAdi' must contain a non-null value when exiting constructor. Consider adding the 'required' modifier or declaring the property as nullable. [/Users/muhammetkocaman/MuhasebeStokWebApp/MuhasebeStokWebApp.csproj]
/Users/muhammetkocaman/MuhasebeStokWebApp/ViewModels/Urun/UrunViewModel.cs(14,23): warning CS8618: Non-nullable property 'UrunKodu' must contain a non-null value when exiting constructor. Consider adding the 'required' modifier or declaring the property as nullable. [/Users/muhammetkocaman/MuhasebeStokWebApp/MuhasebeStokWebApp.csproj]
/Users/muhammetkocaman/MuhasebeStokWebApp/ViewModels/Urun/UrunViewModel.cs(19,23): warning CS8618: Non-nullable property 'UrunAdi' must contain a non-null value when exiting constructor. Consider adding the 'required' modifier or declaring the property as nullable. [/Users/muhammetkocaman/MuhasebeStokWebApp/MuhasebeStokWebApp.csproj]
/Users/muhammetkocaman/MuhasebeStokWebApp/ViewModels/Urun/UrunViewModel.cs(23,23): warning CS8618: Non-nullable property 'Birim' must contain a non-null value when exiting constructor. Consider adding the 'required' modifier or declaring the property as nullable. [/Users/muhammetkocaman/MuhasebeStokWebApp/MuhasebeStokWebApp.csproj]
/Users/muhammetkocaman/MuhasebeStokWebApp/ViewModels/Urun/UrunViewModel.cs(29,23): warning CS8618: Non-nullable property 'BirimAdi' must contain a non-null value when exiting constructor. Consider adding the 'required' modifier or declaring the property as nullable. [/Users/muhammetkocaman/MuhasebeStokWebApp/MuhasebeStokWebApp.csproj]
/Users/muhammetkocaman/MuhasebeStokWebApp/ViewModels/Urun/UrunViewModel.cs(59,23): warning CS8618: Non-nullable property 'KategoriAdi' must contain a non-null value when exiting constructor. Consider adding the 'required' modifier or declaring the property as nullable. [/Users/muhammetkocaman/MuhasebeStokWebApp/MuhasebeStokWebApp.csproj]
/Users/muhammetkocaman/MuhasebeStokWebApp/Controllers/UrunKategoriController.cs(51,39): warning CS8629: Nullable value type may be null. [/Users/muhammetkocaman/MuhasebeStokWebApp/MuhasebeStokWebApp.csproj]
/Users/muhammetkocaman/MuhasebeStokWebApp/ViewModels/Urun/UrunImportViewModel.cs(13,23): warning CS8618: Non-nullable property 'UrunKodu' must contain a non-null value when exiting constructor. Consider adding the 'required' modifier or declaring the property as nullable. [/Users/muhammetkocaman/MuhasebeStokWebApp/MuhasebeStokWebApp.csproj]
/Users/muhammetkocaman/MuhasebeStokWebApp/ViewModels/Urun/UrunImportViewModel.cs(16,23): warning CS8618: Non-nullable property 'UrunAdi' must contain a non-null value when exiting constructor. Consider adding the 'required' modifier or declaring the property as nullable. [/Users/muhammetkocaman/MuhasebeStokWebApp/MuhasebeStokWebApp.csproj]
/Users/muhammetkocaman/MuhasebeStokWebApp/ViewModels/Urun/UrunImportViewModel.cs(19,23): warning CS8618: Non-nullable property 'KategoriAdi' must contain a non-null value when exiting constructor. Consider adding the 'required' modifier or declaring the property as nullable. [/Users/muhammetkocaman/MuhasebeStokWebApp/MuhasebeStokWebApp.csproj]
/Users/muhammetkocaman/MuhasebeStokWebApp/ViewModels/Urun/UrunImportViewModel.cs(22,23): warning CS8618: Non-nullable property 'BirimAdi' must contain a non-null value when exiting constructor. Consider adding the 'required' modifier or declaring the property as nullable. [/Users/muhammetkocaman/MuhasebeStokWebApp/MuhasebeStokWebApp.csproj]
/Users/muhammetkocaman/MuhasebeStokWebApp/ViewModels/Urun/UrunImportViewModel.cs(46,23): warning CS8618: Non-nullable property 'MevcutUrunBilgisi' must contain a non-null value when exiting constructor. Consider adding the 'required' modifier or declaring the property as nullable. [/Users/muhammetkocaman/MuhasebeStokWebApp/MuhasebeStokWebApp.csproj]
/Users/muhammetkocaman/MuhasebeStokWebApp/ViewModels/Urun/UrunEditViewModel.cs(15,23): warning CS8618: Non-nullable property 'UrunKodu' must contain a non-null value when exiting constructor. Consider adding the 'required' modifier or declaring the property as nullable. [/Users/muhammetkocaman/MuhasebeStokWebApp/MuhasebeStokWebApp.csproj]
/Users/muhammetkocaman/MuhasebeStokWebApp/ViewModels/Urun/UrunEditViewModel.cs(20,23): warning CS8618: Non-nullable property 'UrunAdi' must contain a non-null value when exiting constructor. Consider adding the 'required' modifier or declaring the property as nullable. [/Users/muhammetkocaman/MuhasebeStokWebApp/MuhasebeStokWebApp.csproj]
/Users/muhammetkocaman/MuhasebeStokWebApp/ViewModels/Urun/UrunEditViewModel.cs(27,23): warning CS8618: Non-nullable property 'Birim' must contain a non-null value when exiting constructor. Consider adding the 'required' modifier or declaring the property as nullable. [/Users/muhammetkocaman/MuhasebeStokWebApp/MuhasebeStokWebApp.csproj]
/Users/muhammetkocaman/MuhasebeStokWebApp/ViewModels/Urun/UrunEditViewModel.cs(30,23): warning CS8618: Non-nullable property 'Aciklama' must contain a non-null value when exiting constructor. Consider adding the 'required' modifier or declaring the property as nullable. [/Users/muhammetkocaman/MuhasebeStokWebApp/MuhasebeStokWebApp.csproj]
/Users/muhammetkocaman/MuhasebeStokWebApp/ViewModels/Urun/UrunEditViewModel.cs(67,37): warning CS8618: Non-nullable property 'BirimListesi' must contain a non-null value when exiting constructor. Consider adding the 'required' modifier or declaring the property as nullable. [/Users/muhammetkocaman/MuhasebeStokWebApp/MuhasebeStokWebApp.csproj]
/Users/muhammetkocaman/MuhasebeStokWebApp/ViewModels/Urun/UrunEditViewModel.cs(68,37): warning CS8618: Non-nullable property 'KategoriListesi' must contain a non-null value when exiting constructor. Consider adding the 'required' modifier or declaring the property as nullable. [/Users/muhammetkocaman/MuhasebeStokWebApp/MuhasebeStokWebApp.csproj]
/Users/muhammetkocaman/MuhasebeStokWebApp/Controllers/AccountController.cs(57,17): warning CS8602: Dereference of a possibly null reference. [/Users/muhammetkocaman/MuhasebeStokWebApp/MuhasebeStokWebApp.csproj]
/Users/muhammetkocaman/MuhasebeStokWebApp/Controllers/UrunKategoriController.cs(137,35): warning CS8629: Nullable value type may be null. [/Users/muhammetkocaman/MuhasebeStokWebApp/MuhasebeStokWebApp.csproj]
/Users/muhammetkocaman/MuhasebeStokWebApp/Controllers/UrunKategoriController.cs(163,28): warning CS8601: Possible null reference assignment. [/Users/muhammetkocaman/MuhasebeStokWebApp/MuhasebeStokWebApp.csproj]
/Users/muhammetkocaman/MuhasebeStokWebApp/Controllers/AccountController.cs(97,61): warning CS8602: Dereference of a possibly null reference. [/Users/muhammetkocaman/MuhasebeStokWebApp/MuhasebeStokWebApp.csproj]
/Users/muhammetkocaman/MuhasebeStokWebApp/Controllers/AccountController.cs(98,63): warning CS8604: Possible null reference argument for parameter 'value' in 'void SessionExtensions.SetString(ISession session, string key, string value)'. [/Users/muhammetkocaman/MuhasebeStokWebApp/MuhasebeStokWebApp.csproj]
/Users/muhammetkocaman/MuhasebeStokWebApp/Controllers/AccountController.cs(137,67): warning CS8604: Possible null reference argument for parameter 'value' in 'void SessionExtensions.SetString(ISession session, string key, string value)'. [/Users/muhammetkocaman/MuhasebeStokWebApp/MuhasebeStokWebApp.csproj]
/Users/muhammetkocaman/MuhasebeStokWebApp/Data/ApplicationDbContext.cs(97,45): warning CS8602: Dereference of a possibly null reference. [/Users/muhammetkocaman/MuhasebeStokWebApp/MuhasebeStokWebApp.csproj]
/Users/muhammetkocaman/MuhasebeStokWebApp/Controllers/AccountController.cs(217,53): warning CS8602: Dereference of a possibly null reference. [/Users/muhammetkocaman/MuhasebeStokWebApp/MuhasebeStokWebApp.csproj]
/Users/muhammetkocaman/MuhasebeStokWebApp/Data/Entities/UrunBirim.cs(16,23): warning CS8618: Non-nullable property 'BirimAdi' must contain a non-null value when exiting constructor. Consider adding the 'required' modifier or declaring the property as nullable. [/Users/muhammetkocaman/MuhasebeStokWebApp/MuhasebeStokWebApp.csproj]
/Users/muhammetkocaman/MuhasebeStokWebApp/Controllers/AccountController.cs(249,32): warning CS8601: Possible null reference assignment. [/Users/muhammetkocaman/MuhasebeStokWebApp/MuhasebeStokWebApp.csproj]
/Users/muhammetkocaman/MuhasebeStokWebApp/Controllers/AccountController.cs(250,29): warning CS8601: Possible null reference assignment. [/Users/muhammetkocaman/MuhasebeStokWebApp/MuhasebeStokWebApp.csproj]
/Users/muhammetkocaman/MuhasebeStokWebApp/ViewModels/Urun/UrunCreateViewModel.cs(16,23): warning CS8618: Non-nullable property 'UrunKodu' must contain a non-null value when exiting constructor. Consider adding the 'required' modifier or declaring the property as nullable. [/Users/muhammetkocaman/MuhasebeStokWebApp/MuhasebeStokWebApp.csproj]
/Users/muhammetkocaman/MuhasebeStokWebApp/ViewModels/Urun/UrunCreateViewModel.cs(21,23): warning CS8618: Non-nullable property 'UrunAdi' must contain a non-null value when exiting constructor. Consider adding the 'required' modifier or declaring the property as nullable. [/Users/muhammetkocaman/MuhasebeStokWebApp/MuhasebeStokWebApp.csproj]
/Users/muhammetkocaman/MuhasebeStokWebApp/ViewModels/Urun/UrunCreateViewModel.cs(32,23): warning CS8618: Non-nullable property 'Aciklama' must contain a non-null value when exiting constructor. Consider adding the 'required' modifier or declaring the property as nullable. [/Users/muhammetkocaman/MuhasebeStokWebApp/MuhasebeStokWebApp.csproj]
/Users/muhammetkocaman/MuhasebeStokWebApp/ViewModels/Urun/UrunCreateViewModel.cs(60,37): warning CS8618: Non-nullable property 'BirimListesi' must contain a non-null value when exiting constructor. Consider adding the 'required' modifier or declaring the property as nullable. [/Users/muhammetkocaman/MuhasebeStokWebApp/MuhasebeStokWebApp.csproj]
/Users/muhammetkocaman/MuhasebeStokWebApp/ViewModels/Urun/UrunCreateViewModel.cs(61,37): warning CS8618: Non-nullable property 'KategoriListesi' must contain a non-null value when exiting constructor. Consider adding the 'required' modifier or declaring the property as nullable. [/Users/muhammetkocaman/MuhasebeStokWebApp/MuhasebeStokWebApp.csproj]
/Users/muhammetkocaman/MuhasebeStokWebApp/Data/Entities/Banka.cs(31,16): warning CS8618: Non-nullable property 'BankaAdi' must contain a non-null value when exiting constructor. Consider adding the 'required' modifier or declaring the property as nullable. [/Users/muhammetkocaman/MuhasebeStokWebApp/MuhasebeStokWebApp.csproj]
/Users/muhammetkocaman/MuhasebeStokWebApp/ViewModels/StokViewModel.cs(8,23): warning CS8618: Non-nullable property 'UrunAdi' must contain a non-null value when exiting constructor. Consider adding the 'required' modifier or declaring the property as nullable. [/Users/muhammetkocaman/MuhasebeStokWebApp/MuhasebeStokWebApp.csproj]
/Users/muhammetkocaman/MuhasebeStokWebApp/ViewModels/StokViewModel.cs(9,23): warning CS8618: Non-nullable property 'UrunKodu' must contain a non-null value when exiting constructor. Consider adding the 'required' modifier or declaring the property as nullable. [/Users/muhammetkocaman/MuhasebeStokWebApp/MuhasebeStokWebApp.csproj]
/Users/muhammetkocaman/MuhasebeStokWebApp/ViewModels/StokViewModel.cs(10,23): warning CS8618: Non-nullable property 'BirimAdi' must contain a non-null value when exiting constructor. Consider adding the 'required' modifier or declaring the property as nullable. [/Users/muhammetkocaman/MuhasebeStokWebApp/MuhasebeStokWebApp.csproj]
/Users/muhammetkocaman/MuhasebeStokWebApp/ViewModels/Stok/UrunStokDurumViewModel.cs(20,23): warning CS8618: Non-nullable property 'DepoAdi' must contain a non-null value when exiting constructor. Consider adding the 'required' modifier or declaring the property as nullable. [/Users/muhammetkocaman/MuhasebeStokWebApp/MuhasebeStokWebApp.csproj]
/Users/muhammetkocaman/MuhasebeStokWebApp/ViewModels/Stok/UrunStokDurumViewModel.cs(9,23): warning CS8618: Non-nullable property 'UrunKodu' must contain a non-null value when exiting constructor. Consider adding the 'required' modifier or declaring the property as nullable. [/Users/muhammetkocaman/MuhasebeStokWebApp/MuhasebeStokWebApp.csproj]
/Users/muhammetkocaman/MuhasebeStokWebApp/ViewModels/Stok/UrunStokDurumViewModel.cs(10,23): warning CS8618: Non-nullable property 'UrunAdi' must contain a non-null value when exiting constructor. Consider adding the 'required' modifier or declaring the property as nullable. [/Users/muhammetkocaman/MuhasebeStokWebApp/MuhasebeStokWebApp.csproj]
/Users/muhammetkocaman/MuhasebeStokWebApp/ViewModels/Stok/UrunStokDurumViewModel.cs(11,23): warning CS8618: Non-nullable property 'BirimAdi' must contain a non-null value when exiting constructor. Consider adding the 'required' modifier or declaring the property as nullable. [/Users/muhammetkocaman/MuhasebeStokWebApp/MuhasebeStokWebApp.csproj]
/Users/muhammetkocaman/MuhasebeStokWebApp/ViewModels/Stok/UrunStokDurumViewModel.cs(12,23): warning CS8618: Non-nullable property 'KategoriAdi' must contain a non-null value when exiting constructor. Consider adding the 'required' modifier or declaring the property as nullable. [/Users/muhammetkocaman/MuhasebeStokWebApp/MuhasebeStokWebApp.csproj]
/Users/muhammetkocaman/MuhasebeStokWebApp/ViewModels/Stok/UrunStokDurumViewModel.cs(14,45): warning CS8618: Non-nullable property 'DepoStokDurumlari' must contain a non-null value when exiting constructor. Consider adding the 'required' modifier or declaring the property as nullable. [/Users/muhammetkocaman/MuhasebeStokWebApp/MuhasebeStokWebApp.csproj]
/Users/muhammetkocaman/MuhasebeStokWebApp/ViewModels/Stok/StokViewModels.cs(539,23): warning CS8618: Non-nullable property 'UrunKodu' must contain a non-null value when exiting constructor. Consider adding the 'required' modifier or declaring the property as nullable. [/Users/muhammetkocaman/MuhasebeStokWebApp/MuhasebeStokWebApp.csproj]
/Users/muhammetkocaman/MuhasebeStokWebApp/ViewModels/Stok/StokViewModels.cs(540,23): warning CS8618: Non-nullable property 'UrunAdi' must contain a non-null value when exiting constructor. Consider adding the 'required' modifier or declaring the property as nullable. [/Users/muhammetkocaman/MuhasebeStokWebApp/MuhasebeStokWebApp.csproj]
/Users/muhammetkocaman/MuhasebeStokWebApp/ViewModels/Stok/StokViewModels.cs(541,23): warning CS8618: Non-nullable property 'Kategori' must contain a non-null value when exiting constructor. Consider adding the 'required' modifier or declaring the property as nullable. [/Users/muhammetkocaman/MuhasebeStokWebApp/MuhasebeStokWebApp.csproj]
/Users/muhammetkocaman/MuhasebeStokWebApp/ViewModels/Stok/StokViewModels.cs(542,23): warning CS8618: Non-nullable property 'Birim' must contain a non-null value when exiting constructor. Consider adding the 'required' modifier or declaring the property as nullable. [/Users/muhammetkocaman/MuhasebeStokWebApp/MuhasebeStokWebApp.csproj]
/Users/muhammetkocaman/MuhasebeStokWebApp/ViewModels/Stok/StokViewModels.cs(544,23): warning CS8618: Non-nullable property 'DepoAdi' must contain a non-null value when exiting constructor. Consider adding the 'required' modifier or declaring the property as nullable. [/Users/muhammetkocaman/MuhasebeStokWebApp/MuhasebeStokWebApp.csproj]
/Users/muhammetkocaman/MuhasebeStokWebApp/Data/Entities/StokCikisDetay.cs(39,23): warning CS8618: Non-nullable property 'ReferansNo' must contain a non-null value when exiting constructor. Consider adding the 'required' modifier or declaring the property as nullable. [/Users/muhammetkocaman/MuhasebeStokWebApp/MuhasebeStokWebApp.csproj]
/Users/muhammetkocaman/MuhasebeStokWebApp/Data/Entities/StokCikisDetay.cs(42,23): warning CS8618: Non-nullable property 'ReferansTuru' must contain a non-null value when exiting constructor. Consider adding the 'required' modifier or declaring the property as nullable. [/Users/muhammetkocaman/MuhasebeStokWebApp/MuhasebeStokWebApp.csproj]
/Users/muhammetkocaman/MuhasebeStokWebApp/Data/Entities/StokCikisDetay.cs(49,23): warning CS8618: Non-nullable property 'Aciklama' must contain a non-null value when exiting constructor. Consider adding the 'required' modifier or declaring the property as nullable. [/Users/muhammetkocaman/MuhasebeStokWebApp/MuhasebeStokWebApp.csproj]
/Users/muhammetkocaman/MuhasebeStokWebApp/Data/Entities/StokCikisDetay.cs(58,23): warning CS8618: Non-nullable property 'IptalAciklama' must contain a non-null value when exiting constructor. Consider adding the 'required' modifier or declaring the property as nullable. [/Users/muhammetkocaman/MuhasebeStokWebApp/MuhasebeStokWebApp.csproj]
/Users/muhammetkocaman/MuhasebeStokWebApp/Data/Entities/StokCikisDetay.cs(62,33): warning CS8618: Non-nullable property 'StokFifo' must contain a non-null value when exiting constructor. Consider adding the 'required' modifier or declaring the property as nullable. [/Users/muhammetkocaman/MuhasebeStokWebApp/MuhasebeStokWebApp.csproj]
/Users/muhammetkocaman/MuhasebeStokWebApp/Controllers/AccountController.cs(276,30): warning CS8601: Possible null reference assignment. [/Users/muhammetkocaman/MuhasebeStokWebApp/MuhasebeStokWebApp.csproj]
/Users/muhammetkocaman/MuhasebeStokWebApp/Controllers/AccountController.cs(277,27): warning CS8601: Possible null reference assignment. [/Users/muhammetkocaman/MuhasebeStokWebApp/MuhasebeStokWebApp.csproj]
/Users/muhammetkocaman/MuhasebeStokWebApp/Data/Entities/Sozlesme.cs(64,16): warning CS8618: Non-nullable property 'SozlesmeNo' must contain a non-null value when exiting constructor. Consider adding the 'required' modifier or declaring the property as nullable. [/Users/muhammetkocaman/MuhasebeStokWebApp/MuhasebeStokWebApp.csproj]
/Users/muhammetkocaman/MuhasebeStokWebApp/Controllers/CariController.cs(171,35): warning CS8601: Possible null reference assignment. [/Users/muhammetkocaman/MuhasebeStokWebApp/MuhasebeStokWebApp.csproj]
/Users/muhammetkocaman/MuhasebeStokWebApp/Controllers/CariController.cs(172,33): warning CS8601: Possible null reference assignment. [/Users/muhammetkocaman/MuhasebeStokWebApp/MuhasebeStokWebApp.csproj]
/Users/muhammetkocaman/MuhasebeStokWebApp/Controllers/CariController.cs(173,35): warning CS8601: Possible null reference assignment. [/Users/muhammetkocaman/MuhasebeStokWebApp/MuhasebeStokWebApp.csproj]
/Users/muhammetkocaman/MuhasebeStokWebApp/Controllers/CariController.cs(185,59): warning CS8604: Possible null reference argument for parameter 'input' in 'Guid Guid.Parse(string input)'. [/Users/muhammetkocaman/MuhasebeStokWebApp/MuhasebeStokWebApp.csproj]
/Users/muhammetkocaman/MuhasebeStokWebApp/Controllers/CariController.cs(201,63): warning CS8604: Possible null reference argument for parameter 'input' in 'Guid Guid.Parse(string input)'. [/Users/muhammetkocaman/MuhasebeStokWebApp/MuhasebeStokWebApp.csproj]
/Users/muhammetkocaman/MuhasebeStokWebApp/Controllers/CariController.cs(233,63): warning CS8604: Possible null reference argument for parameter 'input' in 'Guid Guid.Parse(string input)'. [/Users/muhammetkocaman/MuhasebeStokWebApp/MuhasebeStokWebApp.csproj]
/Users/muhammetkocaman/MuhasebeStokWebApp/Views/Account/EditUser.cshtml(41,79): warning CS8604: Possible null reference argument for parameter 'item' in 'bool ICollection<string>.Contains(string item)'. [/Users/muhammetkocaman/MuhasebeStokWebApp/MuhasebeStokWebApp.csproj]
/Users/muhammetkocaman/MuhasebeStokWebApp/Data/Entities/ParaBirimiModulu/ParaBirimiIliski.cs(52,23): warning CS8618: Non-nullable property 'Aciklama' must contain a non-null value when exiting constructor. Consider adding the 'required' modifier or declaring the property as nullable. [/Users/muhammetkocaman/MuhasebeStokWebApp/MuhasebeStokWebApp.csproj]
/Users/muhammetkocaman/MuhasebeStokWebApp/Data/Entities/ParaBirimiModulu/ParaBirimiIliski.cs(69,23): warning CS8618: Non-nullable property 'OlusturanKullaniciID' must contain a non-null value when exiting constructor. Consider adding the 'required' modifier or declaring the property as nullable. [/Users/muhammetkocaman/MuhasebeStokWebApp/MuhasebeStokWebApp.csproj]
/Users/muhammetkocaman/MuhasebeStokWebApp/Data/Entities/ParaBirimiModulu/ParaBirimiIliski.cs(74,23): warning CS8618: Non-nullable property 'SonGuncelleyenKullaniciID' must contain a non-null value when exiting constructor. Consider adding the 'required' modifier or declaring the property as nullable. [/Users/muhammetkocaman/MuhasebeStokWebApp/MuhasebeStokWebApp.csproj]
/Users/muhammetkocaman/MuhasebeStokWebApp/Data/Entities/BankaHareket.cs(28,23): warning CS8618: Non-nullable property 'HareketTuru' must contain a non-null value when exiting constructor. Consider adding the 'required' modifier or declaring the property as nullable. [/Users/muhammetkocaman/MuhasebeStokWebApp/MuhasebeStokWebApp.csproj]
/Users/muhammetkocaman/MuhasebeStokWebApp/Data/Entities/BankaHareket.cs(34,23): warning CS8618: Non-nullable property 'ReferansNo' must contain a non-null value when exiting constructor. Consider adding the 'required' modifier or declaring the property as nullable. [/Users/muhammetkocaman/MuhasebeStokWebApp/MuhasebeStokWebApp.csproj]
/Users/muhammetkocaman/MuhasebeStokWebApp/Data/Entities/BankaHareket.cs(37,23): warning CS8618: Non-nullable property 'ReferansTuru' must contain a non-null value when exiting constructor. Consider adding the 'required' modifier or declaring the property as nullable. [/Users/muhammetkocaman/MuhasebeStokWebApp/MuhasebeStokWebApp.csproj]
/Users/muhammetkocaman/MuhasebeStokWebApp/Data/Entities/BankaHareket.cs(42,23): warning CS8618: Non-nullable property 'Aciklama' must contain a non-null value when exiting constructor. Consider adding the 'required' modifier or declaring the property as nullable. [/Users/muhammetkocaman/MuhasebeStokWebApp/MuhasebeStokWebApp.csproj]
/Users/muhammetkocaman/MuhasebeStokWebApp/Data/Entities/BankaHareket.cs(45,23): warning CS8618: Non-nullable property 'DekontNo' must contain a non-null value when exiting constructor. Consider adding the 'required' modifier or declaring the property as nullable. [/Users/muhammetkocaman/MuhasebeStokWebApp/MuhasebeStokWebApp.csproj]
/Users/muhammetkocaman/MuhasebeStokWebApp/Data/Entities/BankaHareket.cs(59,23): warning CS8618: Non-nullable property 'KarsiUnvan' must contain a non-null value when exiting constructor. Consider adding the 'required' modifier or declaring the property as nullable. [/Users/muhammetkocaman/MuhasebeStokWebApp/MuhasebeStokWebApp.csproj]
/Users/muhammetkocaman/MuhasebeStokWebApp/Data/Entities/BankaHareket.cs(62,23): warning CS8618: Non-nullable property 'KarsiBankaAdi' must contain a non-null value when exiting constructor. Consider adding the 'required' modifier or declaring the property as nullable. [/Users/muhammetkocaman/MuhasebeStokWebApp/MuhasebeStokWebApp.csproj]
/Users/muhammetkocaman/MuhasebeStokWebApp/Data/Entities/BankaHareket.cs(65,23): warning CS8618: Non-nullable property 'KarsiIBAN' must contain a non-null value when exiting constructor. Consider adding the 'required' modifier or declaring the property as nullable. [/Users/muhammetkocaman/MuhasebeStokWebApp/MuhasebeStokWebApp.csproj]
/Users/muhammetkocaman/MuhasebeStokWebApp/Data/Entities/BankaHareket.cs(69,30): warning CS8618: Non-nullable property 'Banka' must contain a non-null value when exiting constructor. Consider adding the 'required' modifier or declaring the property as nullable. [/Users/muhammetkocaman/MuhasebeStokWebApp/MuhasebeStokWebApp.csproj]
/Users/muhammetkocaman/MuhasebeStokWebApp/Data/Entities/BankaHareket.cs(72,29): warning CS8618: Non-nullable property 'KaynakKasa' must contain a non-null value when exiting constructor. Consider adding the 'required' modifier or declaring the property as nullable. [/Users/muhammetkocaman/MuhasebeStokWebApp/MuhasebeStokWebApp.csproj]
/Users/muhammetkocaman/MuhasebeStokWebApp/Data/Entities/BankaHareket.cs(75,29): warning CS8618: Non-nullable property 'HedefKasa' must contain a non-null value when exiting constructor. Consider adding the 'required' modifier or declaring the property as nullable. [/Users/muhammetkocaman/MuhasebeStokWebApp/MuhasebeStokWebApp.csproj]
/Users/muhammetkocaman/MuhasebeStokWebApp/Data/Entities/BankaHareket.cs(78,29): warning CS8618: Non-nullable property 'Cari' must contain a non-null value when exiting constructor. Consider adding the 'required' modifier or declaring the property as nullable. [/Users/muhammetkocaman/MuhasebeStokWebApp/MuhasebeStokWebApp.csproj]
/Users/muhammetkocaman/MuhasebeStokWebApp/Data/Entities/BankaHesapHareket.cs(36,23): warning CS8618: Non-nullable property 'HareketTuru' must contain a non-null value when exiting constructor. Consider adding the 'required' modifier or declaring the property as nullable. [/Users/muhammetkocaman/MuhasebeStokWebApp/MuhasebeStokWebApp.csproj]
/Users/muhammetkocaman/MuhasebeStokWebApp/Data/Entities/BankaHesapHareket.cs(42,23): warning CS8618: Non-nullable property 'ReferansNo' must contain a non-null value when exiting constructor. Consider adding the 'required' modifier or declaring the property as nullable. [/Users/muhammetkocaman/MuhasebeStokWebApp/MuhasebeStokWebApp.csproj]
/Users/muhammetkocaman/MuhasebeStokWebApp/Data/Entities/BankaHesapHareket.cs(45,23): warning CS8618: Non-nullable property 'ReferansTuru' must contain a non-null value when exiting constructor. Consider adding the 'required' modifier or declaring the property as nullable. [/Users/muhammetkocaman/MuhasebeStokWebApp/MuhasebeStokWebApp.csproj]
/Users/muhammetkocaman/MuhasebeStokWebApp/Data/Entities/BankaHesapHareket.cs(50,23): warning CS8618: Non-nullable property 'Aciklama' must contain a non-null value when exiting constructor. Consider adding the 'required' modifier or declaring the property as nullable. [/Users/muhammetkocaman/MuhasebeStokWebApp/MuhasebeStokWebApp.csproj]
/Users/muhammetkocaman/MuhasebeStokWebApp/Data/Entities/BankaHesapHareket.cs(53,23): warning CS8618: Non-nullable property 'DekontNo' must contain a non-null value when exiting constructor. Consider adding the 'required' modifier or declaring the property as nullable. [/Users/muhammetkocaman/MuhasebeStokWebApp/MuhasebeStokWebApp.csproj]
/Users/muhammetkocaman/MuhasebeStokWebApp/Data/Entities/BankaHesapHareket.cs(80,35): warning CS8618: Non-nullable property 'BankaHesap' must contain a non-null value when exiting constructor. Consider adding the 'required' modifier or declaring the property as nullable. [/Users/muhammetkocaman/MuhasebeStokWebApp/MuhasebeStokWebApp.csproj]
/Users/muhammetkocaman/MuhasebeStokWebApp/Data/Entities/BankaHesapHareket.cs(83,30): warning CS8618: Non-nullable property 'Banka' must contain a non-null value when exiting constructor. Consider adding the 'required' modifier or declaring the property as nullable. [/Users/muhammetkocaman/MuhasebeStokWebApp/MuhasebeStokWebApp.csproj]
/Users/muhammetkocaman/MuhasebeStokWebApp/Data/Entities/BankaHesapHareket.cs(86,29): warning CS8618: Non-nullable property 'Cari' must contain a non-null value when exiting constructor. Consider adding the 'required' modifier or declaring the property as nullable. [/Users/muhammetkocaman/MuhasebeStokWebApp/MuhasebeStokWebApp.csproj]
/Users/muhammetkocaman/MuhasebeStokWebApp/Data/Entities/BankaHesapHareket.cs(89,29): warning CS8618: Non-nullable property 'KaynakKasa' must contain a non-null value when exiting constructor. Consider adding the 'required' modifier or declaring the property as nullable. [/Users/muhammetkocaman/MuhasebeStokWebApp/MuhasebeStokWebApp.csproj]
/Users/muhammetkocaman/MuhasebeStokWebApp/Data/Entities/BankaHesapHareket.cs(92,29): warning CS8618: Non-nullable property 'HedefKasa' must contain a non-null value when exiting constructor. Consider adding the 'required' modifier or declaring the property as nullable. [/Users/muhammetkocaman/MuhasebeStokWebApp/MuhasebeStokWebApp.csproj]
/Users/muhammetkocaman/MuhasebeStokWebApp/Data/Repositories/Repository.cs(74,20): warning CS8603: Possible null reference return. [/Users/muhammetkocaman/MuhasebeStokWebApp/MuhasebeStokWebApp.csproj]
/Users/muhammetkocaman/MuhasebeStokWebApp/Data/Repositories/Repository.cs(97,20): warning CS8603: Possible null reference return. [/Users/muhammetkocaman/MuhasebeStokWebApp/MuhasebeStokWebApp.csproj]
/Users/muhammetkocaman/MuhasebeStokWebApp/Data/Repositories/Repository.cs(102,20): warning CS8603: Possible null reference return. [/Users/muhammetkocaman/MuhasebeStokWebApp/MuhasebeStokWebApp.csproj]
/Users/muhammetkocaman/MuhasebeStokWebApp/Controllers/DepoController.cs(120,33): warning CS8601: Possible null reference assignment. [/Users/muhammetkocaman/MuhasebeStokWebApp/MuhasebeStokWebApp.csproj]
/Users/muhammetkocaman/MuhasebeStokWebApp/Controllers/BaseController.cs(87,52): warning CS8600: Converting null literal or possible null value to non-nullable type. [/Users/muhammetkocaman/MuhasebeStokWebApp/MuhasebeStokWebApp.csproj]
/Users/muhammetkocaman/MuhasebeStokWebApp/Controllers/BaseController.cs(88,48): warning CS8600: Converting null literal or possible null value to non-nullable type. [/Users/muhammetkocaman/MuhasebeStokWebApp/MuhasebeStokWebApp.csproj]
/Users/muhammetkocaman/MuhasebeStokWebApp/Data/Entities/CariHareket.cs(13,16): warning CS8618: Non-nullable property 'ReferansNo' must contain a non-null value when exiting constructor. Consider adding the 'required' modifier or declaring the property as nullable. [/Users/muhammetkocaman/MuhasebeStokWebApp/MuhasebeStokWebApp.csproj]
/Users/muhammetkocaman/MuhasebeStokWebApp/Data/Entities/CariHareket.cs(13,16): warning CS8618: Non-nullable property 'ReferansTuru' must contain a non-null value when exiting constructor. Consider adding the 'required' modifier or declaring the property as nullable. [/Users/muhammetkocaman/MuhasebeStokWebApp/MuhasebeStokWebApp.csproj]
/Users/muhammetkocaman/MuhasebeStokWebApp/Data/Entities/CariHareket.cs(13,16): warning CS8618: Non-nullable property 'Aciklama' must contain a non-null value when exiting constructor. Consider adding the 'required' modifier or declaring the property as nullable. [/Users/muhammetkocaman/MuhasebeStokWebApp/MuhasebeStokWebApp.csproj]
/Users/muhammetkocaman/MuhasebeStokWebApp/Data/Entities/Depo.cs(34,16): warning CS8618: Non-nullable property 'DepoAdi' must contain a non-null value when exiting constructor. Consider adding the 'required' modifier or declaring the property as nullable. [/Users/muhammetkocaman/MuhasebeStokWebApp/MuhasebeStokWebApp.csproj]
/Users/muhammetkocaman/MuhasebeStokWebApp/Data/Entities/Depo.cs(34,16): warning CS8618: Non-nullable property 'Adres' must contain a non-null value when exiting constructor. Consider adding the 'required' modifier or declaring the property as nullable. [/Users/muhammetkocaman/MuhasebeStokWebApp/MuhasebeStokWebApp.csproj]
/Users/muhammetkocaman/MuhasebeStokWebApp/Controllers/DepoController.cs(202,34): warning CS8601: Possible null reference assignment. [/Users/muhammetkocaman/MuhasebeStokWebApp/MuhasebeStokWebApp.csproj]
/Users/muhammetkocaman/MuhasebeStokWebApp/Views/Shared/_Layout.cshtml(336,56): warning CS8602: Dereference of a possibly null reference. [/Users/muhammetkocaman/MuhasebeStokWebApp/MuhasebeStokWebApp.csproj]
/Users/muhammetkocaman/MuhasebeStokWebApp/Views/Shared/_Layout.cshtml(605,56): warning CS8602: Dereference of a possibly null reference. [/Users/muhammetkocaman/MuhasebeStokWebApp/MuhasebeStokWebApp.csproj]
/Users/muhammetkocaman/MuhasebeStokWebApp/Views/Shared/_Layout.cshtml(614,52): warning CS8602: Dereference of a possibly null reference. [/Users/muhammetkocaman/MuhasebeStokWebApp/MuhasebeStokWebApp.csproj]
/Users/muhammetkocaman/MuhasebeStokWebApp/Views/Shared/_Layout.cshtml(623,53): warning CS8602: Dereference of a possibly null reference. [/Users/muhammetkocaman/MuhasebeStokWebApp/MuhasebeStokWebApp.csproj]
/Users/muhammetkocaman/MuhasebeStokWebApp/Views/Shared/_Layout.cshtml(632,53): warning CS8602: Dereference of a possibly null reference. [/Users/muhammetkocaman/MuhasebeStokWebApp/MuhasebeStokWebApp.csproj]
/Users/muhammetkocaman/MuhasebeStokWebApp/Controllers/BirimController.cs(141,32): warning CS8601: Possible null reference assignment. [/Users/muhammetkocaman/MuhasebeStokWebApp/MuhasebeStokWebApp.csproj]
/Users/muhammetkocaman/MuhasebeStokWebApp/ViewModels/Stok/StokViewModels.cs(521,23): warning CS8618: Non-nullable property 'UrunKodu' must contain a non-null value when exiting constructor. Consider adding the 'required' modifier or declaring the property as nullable. [/Users/muhammetkocaman/MuhasebeStokWebApp/MuhasebeStokWebApp.csproj]
/Users/muhammetkocaman/MuhasebeStokWebApp/ViewModels/Stok/StokViewModels.cs(522,23): warning CS8618: Non-nullable property 'UrunAdi' must contain a non-null value when exiting constructor. Consider adding the 'required' modifier or declaring the property as nullable. [/Users/muhammetkocaman/MuhasebeStokWebApp/MuhasebeStokWebApp.csproj]
/Users/muhammetkocaman/MuhasebeStokWebApp/ViewModels/Stok/StokViewModels.cs(523,23): warning CS8618: Non-nullable property 'Kategori' must contain a non-null value when exiting constructor. Consider adding the 'required' modifier or declaring the property as nullable. [/Users/muhammetkocaman/MuhasebeStokWebApp/MuhasebeStokWebApp.csproj]
/Users/muhammetkocaman/MuhasebeStokWebApp/ViewModels/Stok/StokViewModels.cs(524,23): warning CS8618: Non-nullable property 'Birim' must contain a non-null value when exiting constructor. Consider adding the 'required' modifier or declaring the property as nullable. [/Users/muhammetkocaman/MuhasebeStokWebApp/MuhasebeStokWebApp.csproj]
/Users/muhammetkocaman/MuhasebeStokWebApp/Data/Repositories/Repository.cs(126,38): warning CS8600: Converting null literal or possible null value to non-nullable type. [/Users/muhammetkocaman/MuhasebeStokWebApp/MuhasebeStokWebApp.csproj]
/Users/muhammetkocaman/MuhasebeStokWebApp/ViewModels/Stok/StokViewModels.cs(509,23): warning CS8618: Non-nullable property 'UrunKodu' must contain a non-null value when exiting constructor. Consider adding the 'required' modifier or declaring the property as nullable. [/Users/muhammetkocaman/MuhasebeStokWebApp/MuhasebeStokWebApp.csproj]
/Users/muhammetkocaman/MuhasebeStokWebApp/ViewModels/Stok/StokViewModels.cs(510,23): warning CS8618: Non-nullable property 'UrunAdi' must contain a non-null value when exiting constructor. Consider adding the 'required' modifier or declaring the property as nullable. [/Users/muhammetkocaman/MuhasebeStokWebApp/MuhasebeStokWebApp.csproj]
/Users/muhammetkocaman/MuhasebeStokWebApp/ViewModels/Stok/StokViewModels.cs(511,23): warning CS8618: Non-nullable property 'Birim' must contain a non-null value when exiting constructor. Consider adding the 'required' modifier or declaring the property as nullable. [/Users/muhammetkocaman/MuhasebeStokWebApp/MuhasebeStokWebApp.csproj]
/Users/muhammetkocaman/MuhasebeStokWebApp/ViewModels/Stok/StokViewModels.cs(490,23): warning CS8618: Non-nullable property 'SayimNotu' must contain a non-null value when exiting constructor. Consider adding the 'required' modifier or declaring the property as nullable. [/Users/muhammetkocaman/MuhasebeStokWebApp/MuhasebeStokWebApp.csproj]
/Users/muhammetkocaman/MuhasebeStokWebApp/ViewModels/Stok/StokViewModels.cs(493,23): warning CS8618: Non-nullable property 'ReferansNo' must contain a non-null value when exiting constructor. Consider adding the 'required' modifier or declaring the property as nullable. [/Users/muhammetkocaman/MuhasebeStokWebApp/MuhasebeStokWebApp.csproj]
/Users/muhammetkocaman/MuhasebeStokWebApp/ViewModels/Stok/StokViewModels.cs(496,23): warning CS8618: Non-nullable property 'Aciklama' must contain a non-null value when exiting constructor. Consider adding the 'required' modifier or declaring the property as nullable. [/Users/muhammetkocaman/MuhasebeStokWebApp/MuhasebeStokWebApp.csproj]
/Users/muhammetkocaman/MuhasebeStokWebApp/ViewModels/Stok/StokViewModels.cs(501,29): warning CS8618: Non-nullable property 'ParaBirimleri' must contain a non-null value when exiting constructor. Consider adding the 'required' modifier or declaring the property as nullable. [/Users/muhammetkocaman/MuhasebeStokWebApp/MuhasebeStokWebApp.csproj]
/Users/muhammetkocaman/MuhasebeStokWebApp/Controllers/UrunFiyatController.cs(67,32): warning CS8602: Dereference of a possibly null reference. [/Users/muhammetkocaman/MuhasebeStokWebApp/MuhasebeStokWebApp.csproj]
/Users/muhammetkocaman/MuhasebeStokWebApp/Controllers/UrunFiyatController.cs(72,36): warning CS8601: Possible null reference assignment. [/Users/muhammetkocaman/MuhasebeStokWebApp/MuhasebeStokWebApp.csproj]
/Users/muhammetkocaman/MuhasebeStokWebApp/Controllers/UrunFiyatController.cs(90,32): warning CS8601: Possible null reference assignment. [/Users/muhammetkocaman/MuhasebeStokWebApp/MuhasebeStokWebApp.csproj]
/Users/muhammetkocaman/MuhasebeStokWebApp/Controllers/UrunFiyatController.cs(91,31): warning CS8601: Possible null reference assignment. [/Users/muhammetkocaman/MuhasebeStokWebApp/MuhasebeStokWebApp.csproj]
/Users/muhammetkocaman/MuhasebeStokWebApp/Controllers/UrunFiyatController.cs(95,36): warning CS8601: Possible null reference assignment. [/Users/muhammetkocaman/MuhasebeStokWebApp/MuhasebeStokWebApp.csproj]
/Users/muhammetkocaman/MuhasebeStokWebApp/Data/Entities/DovizModulu/DovizIliski.cs(55,23): warning CS8618: Non-nullable property 'OlusturanKullaniciID' must contain a non-null value when exiting constructor. Consider adding the 'required' modifier or declaring the property as nullable. [/Users/muhammetkocaman/MuhasebeStokWebApp/MuhasebeStokWebApp.csproj]
/Users/muhammetkocaman/MuhasebeStokWebApp/Data/Entities/DovizModulu/DovizIliski.cs(60,23): warning CS8618: Non-nullable property 'SonGuncelleyenKullaniciID' must contain a non-null value when exiting constructor. Consider adding the 'required' modifier or declaring the property as nullable. [/Users/muhammetkocaman/MuhasebeStokWebApp/MuhasebeStokWebApp.csproj]
/Users/muhammetkocaman/MuhasebeStokWebApp/Controllers/UrunFiyatController.cs(197,28): warning CS8601: Possible null reference assignment. [/Users/muhammetkocaman/MuhasebeStokWebApp/MuhasebeStokWebApp.csproj]
/Users/muhammetkocaman/MuhasebeStokWebApp/Controllers/UrunFiyatController.cs(198,27): warning CS8601: Possible null reference assignment. [/Users/muhammetkocaman/MuhasebeStokWebApp/MuhasebeStokWebApp.csproj]
/Users/muhammetkocaman/MuhasebeStokWebApp/Controllers/UrunFiyatController.cs(202,32): warning CS8601: Possible null reference assignment. [/Users/muhammetkocaman/MuhasebeStokWebApp/MuhasebeStokWebApp.csproj]
/Users/muhammetkocaman/MuhasebeStokWebApp/Data/Entities/OdemeTuru.cs(19,16): warning CS8618: Non-nullable property 'OdemeTuruAdi' must contain a non-null value when exiting constructor. Consider adding the 'required' modifier or declaring the property as nullable. [/Users/muhammetkocaman/MuhasebeStokWebApp/MuhasebeStokWebApp.csproj]
/Users/muhammetkocaman/MuhasebeStokWebApp/ViewModels/Stok/StokViewModels.cs(463,23): warning CS8618: Non-nullable property 'Birim' must contain a non-null value when exiting constructor. Consider adding the 'required' modifier or declaring the property as nullable. [/Users/muhammetkocaman/MuhasebeStokWebApp/MuhasebeStokWebApp.csproj]
/Users/muhammetkocaman/MuhasebeStokWebApp/ViewModels/Stok/StokViewModels.cs(471,23): warning CS8618: Non-nullable property 'ReferansNo' must contain a non-null value when exiting constructor. Consider adding the 'required' modifier or declaring the property as nullable. [/Users/muhammetkocaman/MuhasebeStokWebApp/MuhasebeStokWebApp.csproj]
/Users/muhammetkocaman/MuhasebeStokWebApp/ViewModels/Stok/StokViewModels.cs(474,23): warning CS8618: Non-nullable property 'Aciklama' must contain a non-null value when exiting constructor. Consider adding the 'required' modifier or declaring the property as nullable. [/Users/muhammetkocaman/MuhasebeStokWebApp/MuhasebeStokWebApp.csproj]
/Users/muhammetkocaman/MuhasebeStokWebApp/ViewModels/Stok/StokViewModels.cs(421,23): warning CS8618: Non-nullable property 'Birim' must contain a non-null value when exiting constructor. Consider adding the 'required' modifier or declaring the property as nullable. [/Users/muhammetkocaman/MuhasebeStokWebApp/MuhasebeStokWebApp.csproj]
/Users/muhammetkocaman/MuhasebeStokWebApp/ViewModels/Stok/StokViewModels.cs(429,23): warning CS8618: Non-nullable property 'ReferansNo' must contain a non-null value when exiting constructor. Consider adding the 'required' modifier or declaring the property as nullable. [/Users/muhammetkocaman/MuhasebeStokWebApp/MuhasebeStokWebApp.csproj]
/Users/muhammetkocaman/MuhasebeStokWebApp/ViewModels/Stok/StokViewModels.cs(432,23): warning CS8618: Non-nullable property 'ReferansTuru' must contain a non-null value when exiting constructor. Consider adding the 'required' modifier or declaring the property as nullable. [/Users/muhammetkocaman/MuhasebeStokWebApp/MuhasebeStokWebApp.csproj]
/Users/muhammetkocaman/MuhasebeStokWebApp/ViewModels/Stok/StokViewModels.cs(435,23): warning CS8618: Non-nullable property 'Aciklama' must contain a non-null value when exiting constructor. Consider adding the 'required' modifier or declaring the property as nullable. [/Users/muhammetkocaman/MuhasebeStokWebApp/MuhasebeStokWebApp.csproj]
/Users/muhammetkocaman/MuhasebeStokWebApp/Data/Entities/BankaHesap.cs(69,16): warning CS8618: Non-nullable property 'HesapAdi' must contain a non-null value when exiting constructor. Consider adding the 'required' modifier or declaring the property as nullable. [/Users/muhammetkocaman/MuhasebeStokWebApp/MuhasebeStokWebApp.csproj]
/Users/muhammetkocaman/MuhasebeStokWebApp/Data/Entities/BankaHesap.cs(69,16): warning CS8618: Non-nullable property 'HesapNo' must contain a non-null value when exiting constructor. Consider adding the 'required' modifier or declaring the property as nullable. [/Users/muhammetkocaman/MuhasebeStokWebApp/MuhasebeStokWebApp.csproj]
/Users/muhammetkocaman/MuhasebeStokWebApp/Data/Entities/BankaHesap.cs(69,16): warning CS8618: Non-nullable property 'IBAN' must contain a non-null value when exiting constructor. Consider adding the 'required' modifier or declaring the property as nullable. [/Users/muhammetkocaman/MuhasebeStokWebApp/MuhasebeStokWebApp.csproj]
/Users/muhammetkocaman/MuhasebeStokWebApp/Data/Entities/BankaHesap.cs(69,16): warning CS8618: Non-nullable property 'SubeAdi' must contain a non-null value when exiting constructor. Consider adding the 'required' modifier or declaring the property as nullable. [/Users/muhammetkocaman/MuhasebeStokWebApp/MuhasebeStokWebApp.csproj]
/Users/muhammetkocaman/MuhasebeStokWebApp/Data/Entities/BankaHesap.cs(69,16): warning CS8618: Non-nullable property 'SubeKodu' must contain a non-null value when exiting constructor. Consider adding the 'required' modifier or declaring the property as nullable. [/Users/muhammetkocaman/MuhasebeStokWebApp/MuhasebeStokWebApp.csproj]
/Users/muhammetkocaman/MuhasebeStokWebApp/Data/Entities/BankaHesap.cs(69,16): warning CS8618: Non-nullable property 'Aciklama' must contain a non-null value when exiting constructor. Consider adding the 'required' modifier or declaring the property as nullable. [/Users/muhammetkocaman/MuhasebeStokWebApp/MuhasebeStokWebApp.csproj]
/Users/muhammetkocaman/MuhasebeStokWebApp/Data/Entities/BankaHesap.cs(69,16): warning CS8618: Non-nullable property 'Banka' must contain a non-null value when exiting constructor. Consider adding the 'required' modifier or declaring the property as nullable. [/Users/muhammetkocaman/MuhasebeStokWebApp/MuhasebeStokWebApp.csproj]
/Users/muhammetkocaman/MuhasebeStokWebApp/ViewModels/Stok/StokViewModels.cs(373,23): warning CS8618: Non-nullable property 'Birim' must contain a non-null value when exiting constructor. Consider adding the 'required' modifier or declaring the property as nullable. [/Users/muhammetkocaman/MuhasebeStokWebApp/MuhasebeStokWebApp.csproj]
/Users/muhammetkocaman/MuhasebeStokWebApp/ViewModels/Stok/StokViewModels.cs(386,23): warning CS8618: Non-nullable property 'ReferansNo' must contain a non-null value when exiting constructor. Consider adding the 'required' modifier or declaring the property as nullable. [/Users/muhammetkocaman/MuhasebeStokWebApp/MuhasebeStokWebApp.csproj]
/Users/muhammetkocaman/MuhasebeStokWebApp/ViewModels/Stok/StokViewModels.cs(389,23): warning CS8618: Non-nullable property 'ReferansTuru' must contain a non-null value when exiting constructor. Consider adding the 'required' modifier or declaring the property as nullable. [/Users/muhammetkocaman/MuhasebeStokWebApp/MuhasebeStokWebApp.csproj]
/Users/muhammetkocaman/MuhasebeStokWebApp/ViewModels/Stok/StokViewModels.cs(392,23): warning CS8618: Non-nullable property 'Aciklama' must contain a non-null value when exiting constructor. Consider adding the 'required' modifier or declaring the property as nullable. [/Users/muhammetkocaman/MuhasebeStokWebApp/MuhasebeStokWebApp.csproj]
/Users/muhammetkocaman/MuhasebeStokWebApp/ViewModels/Stok/StokViewModels.cs(400,29): warning CS8618: Non-nullable property 'ParaBirimleri' must contain a non-null value when exiting constructor. Consider adding the 'required' modifier or declaring the property as nullable. [/Users/muhammetkocaman/MuhasebeStokWebApp/MuhasebeStokWebApp.csproj]
/Users/muhammetkocaman/MuhasebeStokWebApp/ViewModels/Stok/StokViewModels.cs(288,23): warning CS8618: Non-nullable property 'UrunKodu' must contain a non-null value when exiting constructor. Consider adding the 'required' modifier or declaring the property as nullable. [/Users/muhammetkocaman/MuhasebeStokWebApp/MuhasebeStokWebApp.csproj]
/Users/muhammetkocaman/MuhasebeStokWebApp/ViewModels/Stok/StokViewModels.cs(291,23): warning CS8618: Non-nullable property 'UrunAdi' must contain a non-null value when exiting constructor. Consider adding the 'required' modifier or declaring the property as nullable. [/Users/muhammetkocaman/MuhasebeStokWebApp/MuhasebeStokWebApp.csproj]
/Users/muhammetkocaman/MuhasebeStokWebApp/ViewModels/Stok/StokViewModels.cs(314,23): warning CS8618: Non-nullable property 'Birim' must contain a non-null value when exiting constructor. Consider adding the 'required' modifier or declaring the property as nullable. [/Users/muhammetkocaman/MuhasebeStokWebApp/MuhasebeStokWebApp.csproj]
/Users/muhammetkocaman/MuhasebeStokWebApp/ViewModels/Stok/StokViewModels.cs(317,23): warning CS8618: Non-nullable property 'ParaBirimi' must contain a non-null value when exiting constructor. Consider adding the 'required' modifier or declaring the property as nullable. [/Users/muhammetkocaman/MuhasebeStokWebApp/MuhasebeStokWebApp.csproj]
/Users/muhammetkocaman/MuhasebeStokWebApp/ViewModels/Stok/StokViewModels.cs(333,23): warning CS8618: Non-nullable property 'ReferansNo' must contain a non-null value when exiting constructor. Consider adding the 'required' modifier or declaring the property as nullable. [/Users/muhammetkocaman/MuhasebeStokWebApp/MuhasebeStokWebApp.csproj]
/Users/muhammetkocaman/MuhasebeStokWebApp/ViewModels/Stok/StokViewModels.cs(336,23): warning CS8618: Non-nullable property 'ReferansTuru' must contain a non-null value when exiting constructor. Consider adding the 'required' modifier or declaring the property as nullable. [/Users/muhammetkocaman/MuhasebeStokWebApp/MuhasebeStokWebApp.csproj]
/Users/muhammetkocaman/MuhasebeStokWebApp/ViewModels/Stok/StokViewModels.cs(339,23): warning CS8618: Non-nullable property 'Aciklama' must contain a non-null value when exiting constructor. Consider adding the 'required' modifier or declaring the property as nullable. [/Users/muhammetkocaman/MuhasebeStokWebApp/MuhasebeStokWebApp.csproj]
/Users/muhammetkocaman/MuhasebeStokWebApp/ViewModels/Stok/StokViewModels.cs(352,23): warning CS8618: Non-nullable property 'IptalAciklama' must contain a non-null value when exiting constructor. Consider adding the 'required' modifier or declaring the property as nullable. [/Users/muhammetkocaman/MuhasebeStokWebApp/MuhasebeStokWebApp.csproj]
/Users/muhammetkocaman/MuhasebeStokWebApp/ViewModels/Stok/StokViewModels.cs(257,23): warning CS8618: Non-nullable property 'ParaBirimi' must contain a non-null value when exiting constructor. Consider adding the 'required' modifier or declaring the property as nullable. [/Users/muhammetkocaman/MuhasebeStokWebApp/MuhasebeStokWebApp.csproj]
/Users/muhammetkocaman/MuhasebeStokWebApp/ViewModels/Stok/StokViewModels.cs(264,23): warning CS8618: Non-nullable property 'ReferansNo' must contain a non-null value when exiting constructor. Consider adding the 'required' modifier or declaring the property as nullable. [/Users/muhammetkocaman/MuhasebeStokWebApp/MuhasebeStokWebApp.csproj]
/Users/muhammetkocaman/MuhasebeStokWebApp/ViewModels/Stok/StokViewModels.cs(267,23): warning CS8618: Non-nullable property 'ReferansTuru' must contain a non-null value when exiting constructor. Consider adding the 'required' modifier or declaring the property as nullable. [/Users/muhammetkocaman/MuhasebeStokWebApp/MuhasebeStokWebApp.csproj]
/Users/muhammetkocaman/MuhasebeStokWebApp/ViewModels/Stok/StokViewModels.cs(270,23): warning CS8618: Non-nullable property 'Aciklama' must contain a non-null value when exiting constructor. Consider adding the 'required' modifier or declaring the property as nullable. [/Users/muhammetkocaman/MuhasebeStokWebApp/MuhasebeStokWebApp.csproj]
/Users/muhammetkocaman/MuhasebeStokWebApp/ViewModels/Stok/StokViewModels.cs(183,23): warning CS8618: Non-nullable property 'UrunKodu' must contain a non-null value when exiting constructor. Consider adding the 'required' modifier or declaring the property as nullable. [/Users/muhammetkocaman/MuhasebeStokWebApp/MuhasebeStokWebApp.csproj]
/Users/muhammetkocaman/MuhasebeStokWebApp/ViewModels/Stok/StokViewModels.cs(186,23): warning CS8618: Non-nullable property 'UrunAdi' must contain a non-null value when exiting constructor. Consider adding the 'required' modifier or declaring the property as nullable. [/Users/muhammetkocaman/MuhasebeStokWebApp/MuhasebeStokWebApp.csproj]
/Users/muhammetkocaman/MuhasebeStokWebApp/ViewModels/Stok/StokViewModels.cs(189,23): warning CS8618: Non-nullable property 'DepoAdi' must contain a non-null value when exiting constructor. Consider adding the 'required' modifier or declaring the property as nullable. [/Users/muhammetkocaman/MuhasebeStokWebApp/MuhasebeStokWebApp.csproj]
/Users/muhammetkocaman/MuhasebeStokWebApp/ViewModels/Stok/StokViewModels.cs(203,23): warning CS8618: Non-nullable property 'Birim' must contain a non-null value when exiting constructor. Consider adding the 'required' modifier or declaring the property as nullable. [/Users/muhammetkocaman/MuhasebeStokWebApp/MuhasebeStokWebApp.csproj]
/Users/muhammetkocaman/MuhasebeStokWebApp/ViewModels/Stok/StokViewModels.cs(210,23): warning CS8618: Non-nullable property 'ParaBirimi' must contain a non-null value when exiting constructor. Consider adding the 'required' modifier or declaring the property as nullable. [/Users/muhammetkocaman/MuhasebeStokWebApp/MuhasebeStokWebApp.csproj]
/Users/muhammetkocaman/MuhasebeStokWebApp/ViewModels/Stok/StokViewModels.cs(213,23): warning CS8618: Non-nullable property 'ReferansNo' must contain a non-null value when exiting constructor. Consider adding the 'required' modifier or declaring the property as nullable. [/Users/muhammetkocaman/MuhasebeStokWebApp/MuhasebeStokWebApp.csproj]
/Users/muhammetkocaman/MuhasebeStokWebApp/ViewModels/Stok/StokViewModels.cs(216,23): warning CS8618: Non-nullable property 'ReferansTuru' must contain a non-null value when exiting constructor. Consider adding the 'required' modifier or declaring the property as nullable. [/Users/muhammetkocaman/MuhasebeStokWebApp/MuhasebeStokWebApp.csproj]
/Users/muhammetkocaman/MuhasebeStokWebApp/ViewModels/Stok/StokViewModels.cs(219,23): warning CS8618: Non-nullable property 'Aciklama' must contain a non-null value when exiting constructor. Consider adding the 'required' modifier or declaring the property as nullable. [/Users/muhammetkocaman/MuhasebeStokWebApp/MuhasebeStokWebApp.csproj]
/Users/muhammetkocaman/MuhasebeStokWebApp/Data/Repositories/IrsaliyeDetayRepository.cs(20,20): warning CS8603: Possible null reference return. [/Users/muhammetkocaman/MuhasebeStokWebApp/MuhasebeStokWebApp.csproj]
/Users/muhammetkocaman/MuhasebeStokWebApp/Controllers/UrunFiyatController.cs(297,28): warning CS8601: Possible null reference assignment. [/Users/muhammetkocaman/MuhasebeStokWebApp/MuhasebeStokWebApp.csproj]
/Users/muhammetkocaman/MuhasebeStokWebApp/Controllers/UrunFiyatController.cs(298,27): warning CS8601: Possible null reference assignment. [/Users/muhammetkocaman/MuhasebeStokWebApp/MuhasebeStokWebApp.csproj]
/Users/muhammetkocaman/MuhasebeStokWebApp/Controllers/UrunFiyatController.cs(302,32): warning CS8601: Possible null reference assignment. [/Users/muhammetkocaman/MuhasebeStokWebApp/MuhasebeStokWebApp.csproj]
/Users/muhammetkocaman/MuhasebeStokWebApp/ViewModels/Stok/StokViewModels.cs(169,23): warning CS8618: Non-nullable property 'ParaBirimi' must contain a non-null value when exiting constructor. Consider adding the 'required' modifier or declaring the property as nullable. [/Users/muhammetkocaman/MuhasebeStokWebApp/MuhasebeStokWebApp.csproj]
/Users/muhammetkocaman/MuhasebeStokWebApp/ViewModels/Stok/StokViewModels.cs(170,23): warning CS8618: Non-nullable property 'ParaBirimiSembol' must contain a non-null value when exiting constructor. Consider adding the 'required' modifier or declaring the property as nullable. [/Users/muhammetkocaman/MuhasebeStokWebApp/MuhasebeStokWebApp.csproj]
/Users/muhammetkocaman/MuhasebeStokWebApp/ViewModels/Stok/StokViewModels.cs(171,23): warning CS8618: Non-nullable property 'ReferansNo' must contain a non-null value when exiting constructor. Consider adding the 'required' modifier or declaring the property as nullable. [/Users/muhammetkocaman/MuhasebeStokWebApp/MuhasebeStokWebApp.csproj]
/Users/muhammetkocaman/MuhasebeStokWebApp/ViewModels/Stok/StokViewModels.cs(172,23): warning CS8618: Non-nullable property 'ReferansTuru' must contain a non-null value when exiting constructor. Consider adding the 'required' modifier or declaring the property as nullable. [/Users/muhammetkocaman/MuhasebeStokWebApp/MuhasebeStokWebApp.csproj]
/Users/muhammetkocaman/MuhasebeStokWebApp/ViewModels/Stok/StokViewModels.cs(147,23): warning CS8618: Non-nullable property 'DepoAdi' must contain a non-null value when exiting constructor. Consider adding the 'required' modifier or declaring the property as nullable. [/Users/muhammetkocaman/MuhasebeStokWebApp/MuhasebeStokWebApp.csproj]
/Users/muhammetkocaman/MuhasebeStokWebApp/ViewModels/Stok/StokViewModels.cs(150,23): warning CS8618: Non-nullable property 'Birim' must contain a non-null value when exiting constructor. Consider adding the 'required' modifier or declaring the property as nullable. [/Users/muhammetkocaman/MuhasebeStokWebApp/MuhasebeStokWebApp.csproj]
/Users/muhammetkocaman/MuhasebeStokWebApp/ViewModels/Stok/StokViewModels.cs(151,23): warning CS8618: Non-nullable property 'ParaBirimi' must contain a non-null value when exiting constructor. Consider adding the 'required' modifier or declaring the property as nullable. [/Users/muhammetkocaman/MuhasebeStokWebApp/MuhasebeStokWebApp.csproj]
/Users/muhammetkocaman/MuhasebeStokWebApp/ViewModels/Stok/StokViewModels.cs(152,23): warning CS8618: Non-nullable property 'ParaBirimiSembol' must contain a non-null value when exiting constructor. Consider adding the 'required' modifier or declaring the property as nullable. [/Users/muhammetkocaman/MuhasebeStokWebApp/MuhasebeStokWebApp.csproj]
/Users/muhammetkocaman/MuhasebeStokWebApp/ViewModels/Stok/StokViewModels.cs(153,23): warning CS8618: Non-nullable property 'ReferansNo' must contain a non-null value when exiting constructor. Consider adding the 'required' modifier or declaring the property as nullable. [/Users/muhammetkocaman/MuhasebeStokWebApp/MuhasebeStokWebApp.csproj]
/Users/muhammetkocaman/MuhasebeStokWebApp/ViewModels/Stok/StokViewModels.cs(154,23): warning CS8618: Non-nullable property 'ReferansTuru' must contain a non-null value when exiting constructor. Consider adding the 'required' modifier or declaring the property as nullable. [/Users/muhammetkocaman/MuhasebeStokWebApp/MuhasebeStokWebApp.csproj]
/Users/muhammetkocaman/MuhasebeStokWebApp/ViewModels/Stok/StokViewModels.cs(155,23): warning CS8618: Non-nullable property 'Aciklama' must contain a non-null value when exiting constructor. Consider adding the 'required' modifier or declaring the property as nullable. [/Users/muhammetkocaman/MuhasebeStokWebApp/MuhasebeStokWebApp.csproj]
/Users/muhammetkocaman/MuhasebeStokWebApp/ViewModels/Stok/StokViewModels.cs(96,23): warning CS8618: Non-nullable property 'UrunKodu' must contain a non-null value when exiting constructor. Consider adding the 'required' modifier or declaring the property as nullable. [/Users/muhammetkocaman/MuhasebeStokWebApp/MuhasebeStokWebApp.csproj]
/Users/muhammetkocaman/MuhasebeStokWebApp/ViewModels/Stok/StokViewModels.cs(99,23): warning CS8618: Non-nullable property 'UrunAdi' must contain a non-null value when exiting constructor. Consider adding the 'required' modifier or declaring the property as nullable. [/Users/muhammetkocaman/MuhasebeStokWebApp/MuhasebeStokWebApp.csproj]
/Users/muhammetkocaman/MuhasebeStokWebApp/ViewModels/Stok/StokViewModels.cs(102,23): warning CS8618: Non-nullable property 'Birim' must contain a non-null value when exiting constructor. Consider adding the 'required' modifier or declaring the property as nullable. [/Users/muhammetkocaman/MuhasebeStokWebApp/MuhasebeStokWebApp.csproj]
/Users/muhammetkocaman/MuhasebeStokWebApp/ViewModels/Stok/StokViewModels.cs(105,23): warning CS8618: Non-nullable property 'Kategori' must contain a non-null value when exiting constructor. Consider adding the 'required' modifier or declaring the property as nullable. [/Users/muhammetkocaman/MuhasebeStokWebApp/MuhasebeStokWebApp.csproj]
/Users/muhammetkocaman/MuhasebeStokWebApp/ViewModels/Stok/StokViewModels.cs(56,23): warning CS8618: Non-nullable property 'UrunKodu' must contain a non-null value when exiting constructor. Consider adding the 'required' modifier or declaring the property as nullable. [/Users/muhammetkocaman/MuhasebeStokWebApp/MuhasebeStokWebApp.csproj]
/Users/muhammetkocaman/MuhasebeStokWebApp/ViewModels/Stok/StokViewModels.cs(59,23): warning CS8618: Non-nullable property 'UrunAdi' must contain a non-null value when exiting constructor. Consider adding the 'required' modifier or declaring the property as nullable. [/Users/muhammetkocaman/MuhasebeStokWebApp/MuhasebeStokWebApp.csproj]
/Users/muhammetkocaman/MuhasebeStokWebApp/ViewModels/Stok/StokViewModels.cs(62,23): warning CS8618: Non-nullable property 'Birim' must contain a non-null value when exiting constructor. Consider adding the 'required' modifier or declaring the property as nullable. [/Users/muhammetkocaman/MuhasebeStokWebApp/MuhasebeStokWebApp.csproj]
/Users/muhammetkocaman/MuhasebeStokWebApp/ViewModels/Stok/StokViewModels.cs(65,23): warning CS8618: Non-nullable property 'Kategori' must contain a non-null value when exiting constructor. Consider adding the 'required' modifier or declaring the property as nullable. [/Users/muhammetkocaman/MuhasebeStokWebApp/MuhasebeStokWebApp.csproj]
/Users/muhammetkocaman/MuhasebeStokWebApp/Controllers/CariController.cs(372,36): warning CS8601: Possible null reference assignment. [/Users/muhammetkocaman/MuhasebeStokWebApp/MuhasebeStokWebApp.csproj]
/Users/muhammetkocaman/MuhasebeStokWebApp/Controllers/CariController.cs(373,34): warning CS8601: Possible null reference assignment. [/Users/muhammetkocaman/MuhasebeStokWebApp/MuhasebeStokWebApp.csproj]
/Users/muhammetkocaman/MuhasebeStokWebApp/Controllers/CariController.cs(374,36): warning CS8601: Possible null reference assignment. [/Users/muhammetkocaman/MuhasebeStokWebApp/MuhasebeStokWebApp.csproj]
/Users/muhammetkocaman/MuhasebeStokWebApp/Controllers/CariController.cs(385,65): warning CS8604: Possible null reference argument for parameter 'input' in 'Guid Guid.Parse(string input)'. [/Users/muhammetkocaman/MuhasebeStokWebApp/MuhasebeStokWebApp.csproj]
/Users/muhammetkocaman/MuhasebeStokWebApp/Controllers/CariController.cs(406,63): warning CS8604: Possible null reference argument for parameter 'input' in 'Guid Guid.Parse(string input)'. [/Users/muhammetkocaman/MuhasebeStokWebApp/MuhasebeStokWebApp.csproj]
/Users/muhammetkocaman/MuhasebeStokWebApp/ViewModels/Stok/StokViewModels.cs(35,23): warning CS8618: Non-nullable property 'DepoAdi' must contain a non-null value when exiting constructor. Consider adding the 'required' modifier or declaring the property as nullable. [/Users/muhammetkocaman/MuhasebeStokWebApp/MuhasebeStokWebApp.csproj]
/Users/muhammetkocaman/MuhasebeStokWebApp/ViewModels/Stok/StokViewModels.cs(25,23): warning CS8618: Non-nullable property 'KategoriAdi' must contain a non-null value when exiting constructor. Consider adding the 'required' modifier or declaring the property as nullable. [/Users/muhammetkocaman/MuhasebeStokWebApp/MuhasebeStokWebApp.csproj]
/Users/muhammetkocaman/MuhasebeStokWebApp/Controllers/CariController.cs(485,61): warning CS8604: Possible null reference argument for parameter 'input' in 'Guid Guid.Parse(string input)'. [/Users/muhammetkocaman/MuhasebeStokWebApp/MuhasebeStokWebApp.csproj]
/Users/muhammetkocaman/MuhasebeStokWebApp/Controllers/CariController.cs(505,61): warning CS8604: Possible null reference argument for parameter 'input' in 'Guid Guid.Parse(string input)'. [/Users/muhammetkocaman/MuhasebeStokWebApp/MuhasebeStokWebApp.csproj]
/Users/muhammetkocaman/MuhasebeStokWebApp/ViewModels/Sozlesme/SozlesmeViewModel.cs(109,16): warning CS8618: Non-nullable property 'SozlesmeID' must contain a non-null value when exiting constructor. Consider adding the 'required' modifier or declaring the property as nullable. [/Users/muhammetkocaman/MuhasebeStokWebApp/MuhasebeStokWebApp.csproj]
/Users/muhammetkocaman/MuhasebeStokWebApp/ViewModels/Sozlesme/SozlesmeViewModel.cs(109,16): warning CS8618: Non-nullable property 'SozlesmeNo' must contain a non-null value when exiting constructor. Consider adding the 'required' modifier or declaring the property as nullable. [/Users/muhammetkocaman/MuhasebeStokWebApp/MuhasebeStokWebApp.csproj]
/Users/muhammetkocaman/MuhasebeStokWebApp/ViewModels/Sozlesme/SozlesmeViewModel.cs(109,16): warning CS8618: Non-nullable property 'CariID' must contain a non-null value when exiting constructor. Consider adding the 'required' modifier or declaring the property as nullable. [/Users/muhammetkocaman/MuhasebeStokWebApp/MuhasebeStokWebApp.csproj]
/Users/muhammetkocaman/MuhasebeStokWebApp/ViewModels/Sozlesme/SozlesmeViewModel.cs(109,16): warning CS8618: Non-nullable property 'CariAdi' must contain a non-null value when exiting constructor. Consider adding the 'required' modifier or declaring the property as nullable. [/Users/muhammetkocaman/MuhasebeStokWebApp/MuhasebeStokWebApp.csproj]
/Users/muhammetkocaman/MuhasebeStokWebApp/ViewModels/Sozlesme/SozlesmeViewModel.cs(109,16): warning CS8618: Non-nullable property 'FaturaNo' must contain a non-null value when exiting constructor. Consider adding the 'required' modifier or declaring the property as nullable. [/Users/muhammetkocaman/MuhasebeStokWebApp/MuhasebeStokWebApp.csproj]
/Users/muhammetkocaman/MuhasebeStokWebApp/ViewModels/Sozlesme/SozlesmeViewModel.cs(109,16): warning CS8618: Non-nullable property 'SozlesmeDosyaYolu' must contain a non-null value when exiting constructor. Consider adding the 'required' modifier or declaring the property as nullable. [/Users/muhammetkocaman/MuhasebeStokWebApp/MuhasebeStokWebApp.csproj]
/Users/muhammetkocaman/MuhasebeStokWebApp/ViewModels/Sozlesme/SozlesmeViewModel.cs(109,16): warning CS8618: Non-nullable property 'SozlesmeBelgesi' must contain a non-null value when exiting constructor. Consider adding the 'required' modifier or declaring the property as nullable. [/Users/muhammetkocaman/MuhasebeStokWebApp/MuhasebeStokWebApp.csproj]
/Users/muhammetkocaman/MuhasebeStokWebApp/ViewModels/Sozlesme/SozlesmeViewModel.cs(109,16): warning CS8618: Non-nullable property 'Vekaletname' must contain a non-null value when exiting constructor. Consider adding the 'required' modifier or declaring the property as nullable. [/Users/muhammetkocaman/MuhasebeStokWebApp/MuhasebeStokWebApp.csproj]
/Users/muhammetkocaman/MuhasebeStokWebApp/ViewModels/Sozlesme/SozlesmeViewModel.cs(109,16): warning CS8618: Non-nullable property 'Aciklama' must contain a non-null value when exiting constructor. Consider adding the 'required' modifier or declaring the property as nullable. [/Users/muhammetkocaman/MuhasebeStokWebApp/MuhasebeStokWebApp.csproj]
/Users/muhammetkocaman/MuhasebeStokWebApp/Data/Entities/FaturaAklamaKuyruk.cs(70,16): warning CS8618: Non-nullable property 'FaturaDetay' must contain a non-null value when exiting constructor. Consider adding the 'required' modifier or declaring the property as nullable. [/Users/muhammetkocaman/MuhasebeStokWebApp/MuhasebeStokWebApp.csproj]
/Users/muhammetkocaman/MuhasebeStokWebApp/Data/Entities/FaturaAklamaKuyruk.cs(70,16): warning CS8618: Non-nullable property 'Urun' must contain a non-null value when exiting constructor. Consider adding the 'required' modifier or declaring the property as nullable. [/Users/muhammetkocaman/MuhasebeStokWebApp/MuhasebeStokWebApp.csproj]
/Users/muhammetkocaman/MuhasebeStokWebApp/Data/Entities/FaturaAklamaKuyruk.cs(70,16): warning CS8618: Non-nullable property 'Sozlesme' must contain a non-null value when exiting constructor. Consider adding the 'required' modifier or declaring the property as nullable. [/Users/muhammetkocaman/MuhasebeStokWebApp/MuhasebeStokWebApp.csproj]
/Users/muhammetkocaman/MuhasebeStokWebApp/Data/Entities/MenuRol.cs(13,23): warning CS8618: Non-nullable property 'RolId' must contain a non-null value when exiting constructor. Consider adding the 'required' modifier or declaring the property as nullable. [/Users/muhammetkocaman/MuhasebeStokWebApp/MuhasebeStokWebApp.csproj]
/Users/muhammetkocaman/MuhasebeStokWebApp/Data/Entities/MenuRol.cs(15,29): warning CS8618: Non-nullable property 'Menu' must contain a non-null value when exiting constructor. Consider adding the 'required' modifier or declaring the property as nullable. [/Users/muhammetkocaman/MuhasebeStokWebApp/MuhasebeStokWebApp.csproj]
/Users/muhammetkocaman/MuhasebeStokWebApp/Data/Entities/MenuRol.cs(17,67): warning CS8618: Non-nullable property 'Rol' must contain a non-null value when exiting constructor. Consider adding the 'required' modifier or declaring the property as nullable. [/Users/muhammetkocaman/MuhasebeStokWebApp/MuhasebeStokWebApp.csproj]
/Users/muhammetkocaman/MuhasebeStokWebApp/Data/Repositories/Repository.cs(151,20): warning CS8603: Possible null reference return. [/Users/muhammetkocaman/MuhasebeStokWebApp/MuhasebeStokWebApp.csproj]
/Users/muhammetkocaman/MuhasebeStokWebApp/Controllers/CariController.cs(568,32): warning CS8601: Possible null reference assignment. [/Users/muhammetkocaman/MuhasebeStokWebApp/MuhasebeStokWebApp.csproj]
/Users/muhammetkocaman/MuhasebeStokWebApp/Controllers/CariController.cs(569,34): warning CS8601: Possible null reference assignment. [/Users/muhammetkocaman/MuhasebeStokWebApp/MuhasebeStokWebApp.csproj]
/Users/muhammetkocaman/MuhasebeStokWebApp/Controllers/CariController.cs(575,36): warning CS8604: Possible null reference argument for parameter 'input' in 'Guid Guid.Parse(string input)'. [/Users/muhammetkocaman/MuhasebeStokWebApp/MuhasebeStokWebApp.csproj]
/Users/muhammetkocaman/MuhasebeStokWebApp/Controllers/CariController.cs(591,21): warning CS8604: Possible null reference argument for parameter 'aciklama' in 'Task ILogService.CariHareketEklemeLogOlustur(Guid cariID, string ad, string hareketTuru, decimal tutar, string aciklama)'. [/Users/muhammetkocaman/MuhasebeStokWebApp/MuhasebeStokWebApp.csproj]
/Users/muhammetkocaman/MuhasebeStokWebApp/Data/Entities/Menu.cs(14,23): warning CS8618: Non-nullable property 'Ad' must contain a non-null value when exiting constructor. Consider adding the 'required' modifier or declaring the property as nullable. [/Users/muhammetkocaman/MuhasebeStokWebApp/MuhasebeStokWebApp.csproj]
/Users/muhammetkocaman/MuhasebeStokWebApp/Data/Entities/Menu.cs(17,23): warning CS8618: Non-nullable property 'Icon' must contain a non-null value when exiting constructor. Consider adding the 'required' modifier or declaring the property as nullable. [/Users/muhammetkocaman/MuhasebeStokWebApp/MuhasebeStokWebApp.csproj]
/Users/muhammetkocaman/MuhasebeStokWebApp/Data/Entities/Menu.cs(20,23): warning CS8618: Non-nullable property 'Controller' must contain a non-null value when exiting constructor. Consider adding the 'required' modifier or declaring the property as nullable. [/Users/muhammetkocaman/MuhasebeStokWebApp/MuhasebeStokWebApp.csproj]
/Users/muhammetkocaman/MuhasebeStokWebApp/Data/Entities/Menu.cs(23,23): warning CS8618: Non-nullable property 'Action' must contain a non-null value when exiting constructor. Consider adding the 'required' modifier or declaring the property as nullable. [/Users/muhammetkocaman/MuhasebeStokWebApp/MuhasebeStokWebApp.csproj]
/Users/muhammetkocaman/MuhasebeStokWebApp/Data/Entities/Menu.cs(30,23): warning CS8618: Non-nullable property 'Url' must contain a non-null value when exiting constructor. Consider adding the 'required' modifier or declaring the property as nullable. [/Users/muhammetkocaman/MuhasebeStokWebApp/MuhasebeStokWebApp.csproj]
/Users/muhammetkocaman/MuhasebeStokWebApp/Data/Entities/Menu.cs(46,29): warning CS8618: Non-nullable property 'UstMenu' must contain a non-null value when exiting constructor. Consider adding the 'required' modifier or declaring the property as nullable. [/Users/muhammetkocaman/MuhasebeStokWebApp/MuhasebeStokWebApp.csproj]
/Users/muhammetkocaman/MuhasebeStokWebApp/Data/Repositories/IrsaliyeRepository.cs(22,20): warning CS8603: Possible null reference return. [/Users/muhammetkocaman/MuhasebeStokWebApp/MuhasebeStokWebApp.csproj]
/Users/muhammetkocaman/MuhasebeStokWebApp/Data/Entities/KasaHareket.cs(27,23): warning CS8618: Non-nullable property 'HareketTuru' must contain a non-null value when exiting constructor. Consider adding the 'required' modifier or declaring the property as nullable. [/Users/muhammetkocaman/MuhasebeStokWebApp/MuhasebeStokWebApp.csproj]
/Users/muhammetkocaman/MuhasebeStokWebApp/Data/Entities/KasaHareket.cs(34,23): warning CS8618: Non-nullable property 'IslemTuru' must contain a non-null value when exiting constructor. Consider adding the 'required' modifier or declaring the property as nullable. [/Users/muhammetkocaman/MuhasebeStokWebApp/MuhasebeStokWebApp.csproj]
/Users/muhammetkocaman/MuhasebeStokWebApp/Data/Entities/KasaHareket.cs(40,23): warning CS8618: Non-nullable property 'KarsiParaBirimi' must contain a non-null value when exiting constructor. Consider adding the 'required' modifier or declaring the property as nullable. [/Users/muhammetkocaman/MuhasebeStokWebApp/MuhasebeStokWebApp.csproj]
/Users/muhammetkocaman/MuhasebeStokWebApp/Data/Entities/KasaHareket.cs(46,23): warning CS8618: Non-nullable property 'ReferansNo' must contain a non-null value when exiting constructor. Consider adding the 'required' modifier or declaring the property as nullable. [/Users/muhammetkocaman/MuhasebeStokWebApp/MuhasebeStokWebApp.csproj]
/Users/muhammetkocaman/MuhasebeStokWebApp/Data/Entities/KasaHareket.cs(49,23): warning CS8618: Non-nullable property 'ReferansTuru' must contain a non-null value when exiting constructor. Consider adding the 'required' modifier or declaring the property as nullable. [/Users/muhammetkocaman/MuhasebeStokWebApp/MuhasebeStokWebApp.csproj]
/Users/muhammetkocaman/MuhasebeStokWebApp/Data/Entities/KasaHareket.cs(54,23): warning CS8618: Non-nullable property 'Aciklama' must contain a non-null value when exiting constructor. Consider adding the 'required' modifier or declaring the property as nullable. [/Users/muhammetkocaman/MuhasebeStokWebApp/MuhasebeStokWebApp.csproj]
/Users/muhammetkocaman/MuhasebeStokWebApp/Data/Entities/KasaHareket.cs(70,29): warning CS8618: Non-nullable property 'Kasa' must contain a non-null value when exiting constructor. Consider adding the 'required' modifier or declaring the property as nullable. [/Users/muhammetkocaman/MuhasebeStokWebApp/MuhasebeStokWebApp.csproj]
/Users/muhammetkocaman/MuhasebeStokWebApp/Data/Entities/KasaHareket.cs(73,29): warning CS8618: Non-nullable property 'Cari' must contain a non-null value when exiting constructor. Consider adding the 'required' modifier or declaring the property as nullable. [/Users/muhammetkocaman/MuhasebeStokWebApp/MuhasebeStokWebApp.csproj]
/Users/muhammetkocaman/MuhasebeStokWebApp/Data/Entities/KasaHareket.cs(76,29): warning CS8618: Non-nullable property 'HedefKasa' must contain a non-null value when exiting constructor. Consider adding the 'required' modifier or declaring the property as nullable. [/Users/muhammetkocaman/MuhasebeStokWebApp/MuhasebeStokWebApp.csproj]
/Users/muhammetkocaman/MuhasebeStokWebApp/Data/Entities/KasaHareket.cs(79,30): warning CS8618: Non-nullable property 'HedefBanka' must contain a non-null value when exiting constructor. Consider adding the 'required' modifier or declaring the property as nullable. [/Users/muhammetkocaman/MuhasebeStokWebApp/MuhasebeStokWebApp.csproj]
/Users/muhammetkocaman/MuhasebeStokWebApp/Data/Entities/KasaHareket.cs(82,30): warning CS8618: Non-nullable property 'KaynakBanka' must contain a non-null value when exiting constructor. Consider adding the 'required' modifier or declaring the property as nullable. [/Users/muhammetkocaman/MuhasebeStokWebApp/MuhasebeStokWebApp.csproj]
/Users/muhammetkocaman/MuhasebeStokWebApp/Data/Entities/Kasa.cs(49,16): warning CS8618: Non-nullable property 'KasaAdi' must contain a non-null value when exiting constructor. Consider adding the 'required' modifier or declaring the property as nullable. [/Users/muhammetkocaman/MuhasebeStokWebApp/MuhasebeStokWebApp.csproj]
/Users/muhammetkocaman/MuhasebeStokWebApp/Data/Entities/Kasa.cs(49,16): warning CS8618: Non-nullable property 'KasaTuru' must contain a non-null value when exiting constructor. Consider adding the 'required' modifier or declaring the property as nullable. [/Users/muhammetkocaman/MuhasebeStokWebApp/MuhasebeStokWebApp.csproj]
/Users/muhammetkocaman/MuhasebeStokWebApp/Data/Entities/Kasa.cs(49,16): warning CS8618: Non-nullable property 'Aciklama' must contain a non-null value when exiting constructor. Consider adding the 'required' modifier or declaring the property as nullable. [/Users/muhammetkocaman/MuhasebeStokWebApp/MuhasebeStokWebApp.csproj]
/Users/muhammetkocaman/MuhasebeStokWebApp/Controllers/UrunController.cs(57,25): warning CS8625: Cannot convert null literal to non-nullable reference type. [/Users/muhammetkocaman/MuhasebeStokWebApp/MuhasebeStokWebApp.csproj]
/Users/muhammetkocaman/MuhasebeStokWebApp/Controllers/UrunController.cs(104,35): warning CS8601: Possible null reference assignment. [/Users/muhammetkocaman/MuhasebeStokWebApp/MuhasebeStokWebApp.csproj]
/Users/muhammetkocaman/MuhasebeStokWebApp/ViewModels/Sozlesme/SozlesmeSearchViewModel.cs(11,23): warning CS8618: Non-nullable property 'SozlesmeNo' must contain a non-null value when exiting constructor. Consider adding the 'required' modifier or declaring the property as nullable. [/Users/muhammetkocaman/MuhasebeStokWebApp/MuhasebeStokWebApp.csproj]
/Users/muhammetkocaman/MuhasebeStokWebApp/ViewModels/Sozlesme/SozlesmeListViewModel.cs(9,23): warning CS8618: Non-nullable property 'SozlesmeID' must contain a non-null value when exiting constructor. Consider adding the 'required' modifier or declaring the property as nullable. [/Users/muhammetkocaman/MuhasebeStokWebApp/MuhasebeStokWebApp.csproj]
/Users/muhammetkocaman/MuhasebeStokWebApp/ViewModels/Sozlesme/SozlesmeListViewModel.cs(12,23): warning CS8618: Non-nullable property 'SozlesmeNo' must contain a non-null value when exiting constructor. Consider adding the 'required' modifier or declaring the property as nullable. [/Users/muhammetkocaman/MuhasebeStokWebApp/MuhasebeStokWebApp.csproj]
/Users/muhammetkocaman/MuhasebeStokWebApp/ViewModels/Sozlesme/SozlesmeListViewModel.cs(23,23): warning CS8618: Non-nullable property 'CariAdi' must contain a non-null value when exiting constructor. Consider adding the 'required' modifier or declaring the property as nullable. [/Users/muhammetkocaman/MuhasebeStokWebApp/MuhasebeStokWebApp.csproj]
/Users/muhammetkocaman/MuhasebeStokWebApp/ViewModels/Sozlesme/SozlesmeListViewModel.cs(30,23): warning CS8618: Non-nullable property 'SozlesmeDovizTuru' must contain a non-null value when exiting constructor. Consider adding the 'required' modifier or declaring the property as nullable. [/Users/muhammetkocaman/MuhasebeStokWebApp/MuhasebeStokWebApp.csproj]
/Users/muhammetkocaman/MuhasebeStokWebApp/ViewModels/Sozlesme/SozlesmeDosyaModel.cs(9,26): warning CS8618: Non-nullable property 'Dosya' must contain a non-null value when exiting constructor. Consider adding the 'required' modifier or declaring the property as nullable. [/Users/muhammetkocaman/MuhasebeStokWebApp/MuhasebeStokWebApp.csproj]
/Users/muhammetkocaman/MuhasebeStokWebApp/ViewModels/SistemLog/SistemLogListViewModel.cs(9,65): warning CS8618: Non-nullable property 'Logs' must contain a non-null value when exiting constructor. Consider adding the 'required' modifier or declaring the property as nullable. [/Users/muhammetkocaman/MuhasebeStokWebApp/MuhasebeStokWebApp.csproj]
/Users/muhammetkocaman/MuhasebeStokWebApp/ViewModels/SistemLog/LogListViewModel.cs(15,23): warning CS8618: Non-nullable property 'KullaniciAdi' must contain a non-null value when exiting constructor. Consider adding the 'required' modifier or declaring the property as nullable. [/Users/muhammetkocaman/MuhasebeStokWebApp/MuhasebeStokWebApp.csproj]
/Users/muhammetkocaman/MuhasebeStokWebApp/ViewModels/SistemLog/LogListViewModel.cs(17,23): warning CS8618: Non-nullable property 'IslemTuru' must contain a non-null value when exiting constructor. Consider adding the 'required' modifier or declaring the property as nullable. [/Users/muhammetkocaman/MuhasebeStokWebApp/MuhasebeStokWebApp.csproj]
/Users/muhammetkocaman/MuhasebeStokWebApp/ViewModels/SistemAyar/DilAyarlariViewModel.cs(31,23): warning CS8618: Non-nullable property 'Kod' must contain a non-null value when exiting constructor. Consider adding the 'required' modifier or declaring the property as nullable. [/Users/muhammetkocaman/MuhasebeStokWebApp/MuhasebeStokWebApp.csproj]
/Users/muhammetkocaman/MuhasebeStokWebApp/ViewModels/SistemAyar/DilAyarlariViewModel.cs(34,23): warning CS8618: Non-nullable property 'Ad' must contain a non-null value when exiting constructor. Consider adding the 'required' modifier or declaring the property as nullable. [/Users/muhammetkocaman/MuhasebeStokWebApp/MuhasebeStokWebApp.csproj]
/Users/muhammetkocaman/MuhasebeStokWebApp/ViewModels/Shared/IrsaliyeDetayViewModel.cs(18,23): warning CS8618: Non-nullable property 'UrunAdi' must contain a non-null value when exiting constructor. Consider adding the 'required' modifier or declaring the property as nullable. [/Users/muhammetkocaman/MuhasebeStokWebApp/MuhasebeStokWebApp.csproj]
/Users/muhammetkocaman/MuhasebeStokWebApp/ViewModels/Shared/IrsaliyeDetayViewModel.cs(27,23): warning CS8618: Non-nullable property 'Birim' must contain a non-null value when exiting constructor. Consider adding the 'required' modifier or declaring the property as nullable. [/Users/muhammetkocaman/MuhasebeStokWebApp/MuhasebeStokWebApp.csproj]
/Users/muhammetkocaman/MuhasebeStokWebApp/ViewModels/Shared/IrsaliyeDetayViewModel.cs(31,23): warning CS8618: Non-nullable property 'Aciklama' must contain a non-null value when exiting constructor. Consider adding the 'required' modifier or declaring the property as nullable. [/Users/muhammetkocaman/MuhasebeStokWebApp/MuhasebeStokWebApp.csproj]
/Users/muhammetkocaman/MuhasebeStokWebApp/ViewModels/Rapor/StokHareketRaporModel.cs(12,23): warning CS8618: Non-nullable property 'HareketTuru' must contain a non-null value when exiting constructor. Consider adding the 'required' modifier or declaring the property as nullable. [/Users/muhammetkocaman/MuhasebeStokWebApp/MuhasebeStokWebApp.csproj]
/Users/muhammetkocaman/MuhasebeStokWebApp/Data/Entities/DovizModulu/ParaBirimi.cs(25,23): warning CS8618: Non-nullable property 'Ad' must contain a non-null value when exiting constructor. Consider adding the 'required' modifier or declaring the property as nullable. [/Users/muhammetkocaman/MuhasebeStokWebApp/MuhasebeStokWebApp.csproj]
/Users/muhammetkocaman/MuhasebeStokWebApp/Data/Entities/DovizModulu/ParaBirimi.cs(32,23): warning CS8618: Non-nullable property 'Kod' must contain a non-null value when exiting constructor. Consider adding the 'required' modifier or declaring the property as nullable. [/Users/muhammetkocaman/MuhasebeStokWebApp/MuhasebeStokWebApp.csproj]
/Users/muhammetkocaman/MuhasebeStokWebApp/Data/Entities/DovizModulu/ParaBirimi.cs(39,23): warning CS8618: Non-nullable property 'Sembol' must contain a non-null value when exiting constructor. Consider adding the 'required' modifier or declaring the property as nullable. [/Users/muhammetkocaman/MuhasebeStokWebApp/MuhasebeStokWebApp.csproj]
/Users/muhammetkocaman/MuhasebeStokWebApp/Data/Entities/DovizModulu/ParaBirimi.cs(72,23): warning CS8618: Non-nullable property 'Aciklama' must contain a non-null value when exiting constructor. Consider adding the 'required' modifier or declaring the property as nullable. [/Users/muhammetkocaman/MuhasebeStokWebApp/MuhasebeStokWebApp.csproj]
/Users/muhammetkocaman/MuhasebeStokWebApp/Data/Entities/DovizModulu/ParaBirimi.cs(97,23): warning CS8618: Non-nullable property 'OlusturanKullaniciID' must contain a non-null value when exiting constructor. Consider adding the 'required' modifier or declaring the property as nullable. [/Users/muhammetkocaman/MuhasebeStokWebApp/MuhasebeStokWebApp.csproj]
/Users/muhammetkocaman/MuhasebeStokWebApp/Data/Entities/DovizModulu/ParaBirimi.cs(102,23): warning CS8618: Non-nullable property 'SonGuncelleyenKullaniciID' must contain a non-null value when exiting constructor. Consider adding the 'required' modifier or declaring the property as nullable. [/Users/muhammetkocaman/MuhasebeStokWebApp/MuhasebeStokWebApp.csproj]
/Users/muhammetkocaman/MuhasebeStokWebApp/Data/Entities/DovizModulu/ParaBirimi.cs(108,47): warning CS8618: Non-nullable property 'KaynakKurDegerleri' must contain a non-null value when exiting constructor. Consider adding the 'required' modifier or declaring the property as nullable. [/Users/muhammetkocaman/MuhasebeStokWebApp/MuhasebeStokWebApp.csproj]
/Users/muhammetkocaman/MuhasebeStokWebApp/Data/Entities/DovizModulu/ParaBirimi.cs(114,54): warning CS8618: Non-nullable property 'KaynakParaBirimiIliskileri' must contain a non-null value when exiting constructor. Consider adding the 'required' modifier or declaring the property as nullable. [/Users/muhammetkocaman/MuhasebeStokWebApp/MuhasebeStokWebApp.csproj]
/Users/muhammetkocaman/MuhasebeStokWebApp/Data/Entities/DovizModulu/ParaBirimi.cs(120,54): warning CS8618: Non-nullable property 'HedefParaBirimiIliskileri' must contain a non-null value when exiting constructor. Consider adding the 'required' modifier or declaring the property as nullable. [/Users/muhammetkocaman/MuhasebeStokWebApp/MuhasebeStokWebApp.csproj]
/Users/muhammetkocaman/MuhasebeStokWebApp/Data/Entities/IrsaliyeTuru.cs(22,16): warning CS8618: Non-nullable property 'IrsaliyeTuruAdi' must contain a non-null value when exiting constructor. Consider adding the 'required' modifier or declaring the property as nullable. [/Users/muhammetkocaman/MuhasebeStokWebApp/MuhasebeStokWebApp.csproj]
/Users/muhammetkocaman/MuhasebeStokWebApp/Data/Entities/IrsaliyeTuru.cs(22,16): warning CS8618: Non-nullable property 'HareketTuru' must contain a non-null value when exiting constructor. Consider adding the 'required' modifier or declaring the property as nullable. [/Users/muhammetkocaman/MuhasebeStokWebApp/MuhasebeStokWebApp.csproj]
/Users/muhammetkocaman/MuhasebeStokWebApp/Data/Entities/IrsaliyeDetay.cs(59,16): warning CS8618: Non-nullable property 'Birim' must contain a non-null value when exiting constructor. Consider adding the 'required' modifier or declaring the property as nullable. [/Users/muhammetkocaman/MuhasebeStokWebApp/MuhasebeStokWebApp.csproj]
/Users/muhammetkocaman/MuhasebeStokWebApp/Data/Entities/IrsaliyeDetay.cs(59,16): warning CS8618: Non-nullable property 'Aciklama' must contain a non-null value when exiting constructor. Consider adding the 'required' modifier or declaring the property as nullable. [/Users/muhammetkocaman/MuhasebeStokWebApp/MuhasebeStokWebApp.csproj]
/Users/muhammetkocaman/MuhasebeStokWebApp/Data/Entities/IrsaliyeDetay.cs(59,16): warning CS8618: Non-nullable property 'Irsaliye' must contain a non-null value when exiting constructor. Consider adding the 'required' modifier or declaring the property as nullable. [/Users/muhammetkocaman/MuhasebeStokWebApp/MuhasebeStokWebApp.csproj]
/Users/muhammetkocaman/MuhasebeStokWebApp/Data/Entities/IrsaliyeDetay.cs(59,16): warning CS8618: Non-nullable property 'Urun' must contain a non-null value when exiting constructor. Consider adding the 'required' modifier or declaring the property as nullable. [/Users/muhammetkocaman/MuhasebeStokWebApp/MuhasebeStokWebApp.csproj]
/Users/muhammetkocaman/MuhasebeStokWebApp/Data/Entities/Irsaliye.cs(10,16): warning CS8618: Non-nullable property 'IrsaliyeNumarasi' must contain a non-null value when exiting constructor. Consider adding the 'required' modifier or declaring the property as nullable. [/Users/muhammetkocaman/MuhasebeStokWebApp/MuhasebeStokWebApp.csproj]
/Users/muhammetkocaman/MuhasebeStokWebApp/Data/Entities/Irsaliye.cs(10,16): warning CS8618: Non-nullable property 'Aciklama' must contain a non-null value when exiting constructor. Consider adding the 'required' modifier or declaring the property as nullable. [/Users/muhammetkocaman/MuhasebeStokWebApp/MuhasebeStokWebApp.csproj]
/Users/muhammetkocaman/MuhasebeStokWebApp/Data/Entities/Irsaliye.cs(10,16): warning CS8618: Non-nullable property 'IrsaliyeTuru' must contain a non-null value when exiting constructor. Consider adding the 'required' modifier or declaring the property as nullable. [/Users/muhammetkocaman/MuhasebeStokWebApp/MuhasebeStokWebApp.csproj]
/Users/muhammetkocaman/MuhasebeStokWebApp/Data/Entities/Irsaliye.cs(10,16): warning CS8618: Non-nullable property 'Cari' must contain a non-null value when exiting constructor. Consider adding the 'required' modifier or declaring the property as nullable. [/Users/muhammetkocaman/MuhasebeStokWebApp/MuhasebeStokWebApp.csproj]
/Users/muhammetkocaman/MuhasebeStokWebApp/Data/Entities/Irsaliye.cs(10,16): warning CS8618: Non-nullable property 'Fatura' must contain a non-null value when exiting constructor. Consider adding the 'required' modifier or declaring the property as nullable. [/Users/muhammetkocaman/MuhasebeStokWebApp/MuhasebeStokWebApp.csproj]
/Users/muhammetkocaman/MuhasebeStokWebApp/Data/Entities/FiyatTipi.cs(19,16): warning CS8618: Non-nullable property 'TipAdi' must contain a non-null value when exiting constructor. Consider adding the 'required' modifier or declaring the property as nullable. [/Users/muhammetkocaman/MuhasebeStokWebApp/MuhasebeStokWebApp.csproj]
/Users/muhammetkocaman/MuhasebeStokWebApp/Data/Entities/FaturaTuru.cs(25,16): warning CS8618: Non-nullable property 'FaturaTuruAdi' must contain a non-null value when exiting constructor. Consider adding the 'required' modifier or declaring the property as nullable. [/Users/muhammetkocaman/MuhasebeStokWebApp/MuhasebeStokWebApp.csproj]
/Users/muhammetkocaman/MuhasebeStokWebApp/Data/Entities/FaturaTuru.cs(25,16): warning CS8618: Non-nullable property 'HareketTuru' must contain a non-null value when exiting constructor. Consider adding the 'required' modifier or declaring the property as nullable. [/Users/muhammetkocaman/MuhasebeStokWebApp/MuhasebeStokWebApp.csproj]
/Users/muhammetkocaman/MuhasebeStokWebApp/Data/Entities/FaturaOdeme.cs(23,23): warning CS8618: Non-nullable property 'OdemeTuru' must contain a non-null value when exiting constructor. Consider adding the 'required' modifier or declaring the property as nullable. [/Users/muhammetkocaman/MuhasebeStokWebApp/MuhasebeStokWebApp.csproj]
/Users/muhammetkocaman/MuhasebeStokWebApp/Data/Entities/FaturaOdeme.cs(26,23): warning CS8618: Non-nullable property 'Aciklama' must contain a non-null value when exiting constructor. Consider adding the 'required' modifier or declaring the property as nullable. [/Users/muhammetkocaman/MuhasebeStokWebApp/MuhasebeStokWebApp.csproj]
/Users/muhammetkocaman/MuhasebeStokWebApp/Data/Entities/FaturaOdeme.cs(42,31): warning CS8618: Non-nullable property 'Fatura' must contain a non-null value when exiting constructor. Consider adding the 'required' modifier or declaring the property as nullable. [/Users/muhammetkocaman/MuhasebeStokWebApp/MuhasebeStokWebApp.csproj]
/Users/muhammetkocaman/MuhasebeStokWebApp/Controllers/KullaniciController.cs(61,36): warning CS8601: Possible null reference assignment. [/Users/muhammetkocaman/MuhasebeStokWebApp/MuhasebeStokWebApp.csproj]
/Users/muhammetkocaman/MuhasebeStokWebApp/Controllers/KullaniciController.cs(62,29): warning CS8601: Possible null reference assignment. [/Users/muhammetkocaman/MuhasebeStokWebApp/MuhasebeStokWebApp.csproj]
/Users/muhammetkocaman/MuhasebeStokWebApp/Controllers/BirimController.cs(327,42): warning CS1998: This async method lacks 'await' operators and will run synchronously. Consider using the 'await' operator to await non-blocking API calls, or 'await Task.Run(...)' to do CPU-bound work on a background thread. [/Users/muhammetkocaman/MuhasebeStokWebApp/MuhasebeStokWebApp.csproj]
/Users/muhammetkocaman/MuhasebeStokWebApp/Controllers/BirimController.cs(334,39): warning CS1998: This async method lacks 'await' operators and will run synchronously. Consider using the 'await' operator to await non-blocking API calls, or 'await Task.Run(...)' to do CPU-bound work on a background thread. [/Users/muhammetkocaman/MuhasebeStokWebApp/MuhasebeStokWebApp.csproj]
/Users/muhammetkocaman/MuhasebeStokWebApp/Controllers/BirimController.cs(341,42): warning CS1998: This async method lacks 'await' operators and will run synchronously. Consider using the 'await' operator to await non-blocking API calls, or 'await Task.Run(...)' to do CPU-bound work on a background thread. [/Users/muhammetkocaman/MuhasebeStokWebApp/MuhasebeStokWebApp.csproj]
/Users/muhammetkocaman/MuhasebeStokWebApp/Controllers/BirimController.cs(348,42): warning CS1998: This async method lacks 'await' operators and will run synchronously. Consider using the 'await' operator to await non-blocking API calls, or 'await Task.Run(...)' to do CPU-bound work on a background thread. [/Users/muhammetkocaman/MuhasebeStokWebApp/MuhasebeStokWebApp.csproj]
/Users/muhammetkocaman/MuhasebeStokWebApp/Controllers/KullaniciController.cs(128,32): warning CS8601: Possible null reference assignment. [/Users/muhammetkocaman/MuhasebeStokWebApp/MuhasebeStokWebApp.csproj]
/Users/muhammetkocaman/MuhasebeStokWebApp/Controllers/KullaniciController.cs(129,25): warning CS8601: Possible null reference assignment. [/Users/muhammetkocaman/MuhasebeStokWebApp/MuhasebeStokWebApp.csproj]
/Users/muhammetkocaman/MuhasebeStokWebApp/MappingProfiles.cs(25,76): warning CS8602: Dereference of a possibly null reference. [/Users/muhammetkocaman/MuhasebeStokWebApp/MuhasebeStokWebApp.csproj]
/Users/muhammetkocaman/MuhasebeStokWebApp/Controllers/KullaniciController.cs(198,32): warning CS8601: Possible null reference assignment. [/Users/muhammetkocaman/MuhasebeStokWebApp/MuhasebeStokWebApp.csproj]
/Users/muhammetkocaman/MuhasebeStokWebApp/Controllers/KullaniciController.cs(199,25): warning CS8601: Possible null reference assignment. [/Users/muhammetkocaman/MuhasebeStokWebApp/MuhasebeStokWebApp.csproj]
/Users/muhammetkocaman/MuhasebeStokWebApp/Controllers/KullaniciController.cs(218,32): warning CS8601: Possible null reference assignment. [/Users/muhammetkocaman/MuhasebeStokWebApp/MuhasebeStokWebApp.csproj]
/Users/muhammetkocaman/MuhasebeStokWebApp/Controllers/KullaniciController.cs(219,25): warning CS8601: Possible null reference assignment. [/Users/muhammetkocaman/MuhasebeStokWebApp/MuhasebeStokWebApp.csproj]
/Users/muhammetkocaman/MuhasebeStokWebApp/Middleware/GlobalExceptionHandlingMiddleware.cs(41,33): warning CS8600: Converting null literal or possible null value to non-nullable type. [/Users/muhammetkocaman/MuhasebeStokWebApp/MuhasebeStokWebApp.csproj]
/Users/muhammetkocaman/MuhasebeStokWebApp/Views/Banka/HareketDuzenle.cshtml(24,58): warning CS8602: Dereference of a possibly null reference. [/Users/muhammetkocaman/MuhasebeStokWebApp/MuhasebeStokWebApp.csproj]
/Users/muhammetkocaman/MuhasebeStokWebApp/Models/UserViewModel.cs(25,23): warning CS8618: Non-nullable property 'Id' must contain a non-null value when exiting constructor. Consider adding the 'required' modifier or declaring the property as nullable. [/Users/muhammetkocaman/MuhasebeStokWebApp/MuhasebeStokWebApp.csproj]
/Users/muhammetkocaman/MuhasebeStokWebApp/Models/UserViewModel.cs(26,23): warning CS8618: Non-nullable property 'UserName' must contain a non-null value when exiting constructor. Consider adding the 'required' modifier or declaring the property as nullable. [/Users/muhammetkocaman/MuhasebeStokWebApp/MuhasebeStokWebApp.csproj]
/Users/muhammetkocaman/MuhasebeStokWebApp/Models/UserViewModel.cs(27,23): warning CS8618: Non-nullable property 'Email' must contain a non-null value when exiting constructor. Consider adding the 'required' modifier or declaring the property as nullable. [/Users/muhammetkocaman/MuhasebeStokWebApp/MuhasebeStokWebApp.csproj]
/Users/muhammetkocaman/MuhasebeStokWebApp/Models/Report/ReportStatistics.cs(40,23): warning CS8618: Non-nullable property 'CariAdi' must contain a non-null value when exiting constructor. Consider adding the 'required' modifier or declaring the property as nullable. [/Users/muhammetkocaman/MuhasebeStokWebApp/MuhasebeStokWebApp.csproj]
/Users/muhammetkocaman/MuhasebeStokWebApp/Models/Report/ReportStatistics.cs(41,23): warning CS8618: Non-nullable property 'CariKodu' must contain a non-null value when exiting constructor. Consider adding the 'required' modifier or declaring the property as nullable. [/Users/muhammetkocaman/MuhasebeStokWebApp/MuhasebeStokWebApp.csproj]
/Users/muhammetkocaman/MuhasebeStokWebApp/Models/Report/ReportStatistics.cs(32,23): warning CS8618: Non-nullable property 'UrunAdi' must contain a non-null value when exiting constructor. Consider adding the 'required' modifier or declaring the property as nullable. [/Users/muhammetkocaman/MuhasebeStokWebApp/MuhasebeStokWebApp.csproj]
/Users/muhammetkocaman/MuhasebeStokWebApp/Models/Report/ReportStatistics.cs(33,23): warning CS8618: Non-nullable property 'Barkod' must contain a non-null value when exiting constructor. Consider adding the 'required' modifier or declaring the property as nullable. [/Users/muhammetkocaman/MuhasebeStokWebApp/MuhasebeStokWebApp.csproj]
/Users/muhammetkocaman/MuhasebeStokWebApp/Models/Currency/ExchangeRate.cs(7,23): warning CS8618: Non-nullable property 'CurrencyCode' must contain a non-null value when exiting constructor. Consider adding the 'required' modifier or declaring the property as nullable. [/Users/muhammetkocaman/MuhasebeStokWebApp/MuhasebeStokWebApp.csproj]
/Users/muhammetkocaman/MuhasebeStokWebApp/Models/Currency/ExchangeRate.cs(8,23): warning CS8618: Non-nullable property 'CurrencyName' must contain a non-null value when exiting constructor. Consider adding the 'required' modifier or declaring the property as nullable. [/Users/muhammetkocaman/MuhasebeStokWebApp/MuhasebeStokWebApp.csproj]
/Users/muhammetkocaman/MuhasebeStokWebApp/Models/CariEkstreViewModel.cs(82,23): warning CS8618: Non-nullable property 'Aciklama' must contain a non-null value when exiting constructor. Consider adding the 'required' modifier or declaring the property as nullable. [/Users/muhammetkocaman/MuhasebeStokWebApp/MuhasebeStokWebApp.csproj]
/Users/muhammetkocaman/MuhasebeStokWebApp/Models/CariEkstreViewModel.cs(85,23): warning CS8618: Non-nullable property 'IslemTuru' must contain a non-null value when exiting constructor. Consider adding the 'required' modifier or declaring the property as nullable. [/Users/muhammetkocaman/MuhasebeStokWebApp/MuhasebeStokWebApp.csproj]
/Users/muhammetkocaman/MuhasebeStokWebApp/Models/CariEkstreViewModel.cs(88,23): warning CS8618: Non-nullable property 'EvrakNo' must contain a non-null value when exiting constructor. Consider adding the 'required' modifier or declaring the property as nullable. [/Users/muhammetkocaman/MuhasebeStokWebApp/MuhasebeStokWebApp.csproj]
/Users/muhammetkocaman/MuhasebeStokWebApp/Models/CariEkstreViewModel.cs(91,23): warning CS8618: Non-nullable property 'Kaynak' must contain a non-null value when exiting constructor. Consider adding the 'required' modifier or declaring the property as nullable. [/Users/muhammetkocaman/MuhasebeStokWebApp/MuhasebeStokWebApp.csproj]
/Users/muhammetkocaman/MuhasebeStokWebApp/Middleware/GlobalExceptionHandlingMiddleware.cs(171,34): warning CS8601: Possible null reference assignment. [/Users/muhammetkocaman/MuhasebeStokWebApp/MuhasebeStokWebApp.csproj]
/Users/muhammetkocaman/MuhasebeStokWebApp/Services/UserManager.cs(30,20): warning CS8603: Possible null reference return. [/Users/muhammetkocaman/MuhasebeStokWebApp/MuhasebeStokWebApp.csproj]
/Users/muhammetkocaman/MuhasebeStokWebApp/ViewModels/Rapor/StokHareketModel.cs(10,23): warning CS8618: Non-nullable property 'UrunKodu' must contain a non-null value when exiting constructor. Consider adding the 'required' modifier or declaring the property as nullable. [/Users/muhammetkocaman/MuhasebeStokWebApp/MuhasebeStokWebApp.csproj]
/Users/muhammetkocaman/MuhasebeStokWebApp/ViewModels/Rapor/StokHareketModel.cs(11,23): warning CS8618: Non-nullable property 'UrunAdi' must contain a non-null value when exiting constructor. Consider adding the 'required' modifier or declaring the property as nullable. [/Users/muhammetkocaman/MuhasebeStokWebApp/MuhasebeStokWebApp.csproj]
/Users/muhammetkocaman/MuhasebeStokWebApp/ViewModels/Rapor/StokHareketModel.cs(14,23): warning CS8618: Non-nullable property 'HareketTuruAdi' must contain a non-null value when exiting constructor. Consider adding the 'required' modifier or declaring the property as nullable. [/Users/muhammetkocaman/MuhasebeStokWebApp/MuhasebeStokWebApp.csproj]
/Users/muhammetkocaman/MuhasebeStokWebApp/ViewModels/Rapor/StokHareketModel.cs(18,23): warning CS8618: Non-nullable property 'Birim' must contain a non-null value when exiting constructor. Consider adding the 'required' modifier or declaring the property as nullable. [/Users/muhammetkocaman/MuhasebeStokWebApp/MuhasebeStokWebApp.csproj]
/Users/muhammetkocaman/MuhasebeStokWebApp/ViewModels/Rapor/StokHareketModel.cs(19,23): warning CS8618: Non-nullable property 'ReferansNo' must contain a non-null value when exiting constructor. Consider adding the 'required' modifier or declaring the property as nullable. [/Users/muhammetkocaman/MuhasebeStokWebApp/MuhasebeStokWebApp.csproj]
/Users/muhammetkocaman/MuhasebeStokWebApp/ViewModels/Rapor/StokHareketModel.cs(20,23): warning CS8618: Non-nullable property 'ReferansTuru' must contain a non-null value when exiting constructor. Consider adding the 'required' modifier or declaring the property as nullable. [/Users/muhammetkocaman/MuhasebeStokWebApp/MuhasebeStokWebApp.csproj]
/Users/muhammetkocaman/MuhasebeStokWebApp/ViewModels/Rapor/RaporViewModel.cs(173,23): warning CS8618: Non-nullable property 'Ay' must contain a non-null value when exiting constructor. Consider adding the 'required' modifier or declaring the property as nullable. [/Users/muhammetkocaman/MuhasebeStokWebApp/MuhasebeStokWebApp.csproj]
/Users/muhammetkocaman/MuhasebeStokWebApp/Models/CariEkstreViewModel.cs(12,23): warning CS8618: Non-nullable property 'CariAdi' must contain a non-null value when exiting constructor. Consider adding the 'required' modifier or declaring the property as nullable. [/Users/muhammetkocaman/MuhasebeStokWebApp/MuhasebeStokWebApp.csproj]
/Users/muhammetkocaman/MuhasebeStokWebApp/Models/CariEkstreViewModel.cs(15,23): warning CS8618: Non-nullable property 'VergiNo' must contain a non-null value when exiting constructor. Consider adding the 'required' modifier or declaring the property as nullable. [/Users/muhammetkocaman/MuhasebeStokWebApp/MuhasebeStokWebApp.csproj]
/Users/muhammetkocaman/MuhasebeStokWebApp/Models/CariEkstreViewModel.cs(18,23): warning CS8618: Non-nullable property 'Adres' must contain a non-null value when exiting constructor. Consider adding the 'required' modifier or declaring the property as nullable. [/Users/muhammetkocaman/MuhasebeStokWebApp/MuhasebeStokWebApp.csproj]
/Users/muhammetkocaman/MuhasebeStokWebApp/Models/CariEkstreViewModel.cs(68,43): warning CS8618: Non-nullable property 'Hareketler' must contain a non-null value when exiting constructor. Consider adding the 'required' modifier or declaring the property as nullable. [/Users/muhammetkocaman/MuhasebeStokWebApp/MuhasebeStokWebApp.csproj]
/Users/muhammetkocaman/MuhasebeStokWebApp/ViewModels/Rapor/RaporViewModel.cs(144,23): warning CS8618: Non-nullable property 'FaturaNo' must contain a non-null value when exiting constructor. Consider adding the 'required' modifier or declaring the property as nullable. [/Users/muhammetkocaman/MuhasebeStokWebApp/MuhasebeStokWebApp.csproj]
/Users/muhammetkocaman/MuhasebeStokWebApp/ViewModels/Rapor/RaporViewModel.cs(145,23): warning CS8618: Non-nullable property 'CariAdi' must contain a non-null value when exiting constructor. Consider adding the 'required' modifier or declaring the property as nullable. [/Users/muhammetkocaman/MuhasebeStokWebApp/MuhasebeStokWebApp.csproj]
/Users/muhammetkocaman/MuhasebeStokWebApp/ViewModels/Rapor/RaporViewModel.cs(146,23): warning CS8618: Non-nullable property 'UrunAdi' must contain a non-null value when exiting constructor. Consider adding the 'required' modifier or declaring the property as nullable. [/Users/muhammetkocaman/MuhasebeStokWebApp/MuhasebeStokWebApp.csproj]
/Users/muhammetkocaman/MuhasebeStokWebApp/ViewModels/Rapor/RaporViewModel.cs(148,23): warning CS8618: Non-nullable property 'Birim' must contain a non-null value when exiting constructor. Consider adding the 'required' modifier or declaring the property as nullable. [/Users/muhammetkocaman/MuhasebeStokWebApp/MuhasebeStokWebApp.csproj]
/Users/muhammetkocaman/MuhasebeStokWebApp/Controllers/BankaController.cs(414,32): warning CS8601: Possible null reference assignment. [/Users/muhammetkocaman/MuhasebeStokWebApp/MuhasebeStokWebApp.csproj]
/Users/muhammetkocaman/MuhasebeStokWebApp/Controllers/IrsaliyeController.cs(186,35): warning CS8601: Possible null reference assignment. [/Users/muhammetkocaman/MuhasebeStokWebApp/MuhasebeStokWebApp.csproj]
/Users/muhammetkocaman/MuhasebeStokWebApp/Data/ApplicationDbContext.cs(336,13): warning CS0618: 'RelationalEntityTypeBuilderExtensions.HasCheckConstraint<TEntity>(EntityTypeBuilder<TEntity>, string, string?)' is obsolete: 'Configure this using ToTable(t => t.HasCheckConstraint()) instead.' [/Users/muhammetkocaman/MuhasebeStokWebApp/MuhasebeStokWebApp.csproj]
/Users/muhammetkocaman/MuhasebeStokWebApp/Data/ApplicationDbContext.cs(714,20): warning CS8600: Converting null literal or possible null value to non-nullable type. [/Users/muhammetkocaman/MuhasebeStokWebApp/MuhasebeStokWebApp.csproj]
/Users/muhammetkocaman/MuhasebeStokWebApp/Data/ApplicationDbContext.cs(714,20): warning CS8603: Possible null reference return. [/Users/muhammetkocaman/MuhasebeStokWebApp/MuhasebeStokWebApp.csproj]
/Users/muhammetkocaman/MuhasebeStokWebApp/Services/StokService.cs(30,39): warning CS8602: Dereference of a possibly null reference. [/Users/muhammetkocaman/MuhasebeStokWebApp/MuhasebeStokWebApp.csproj]
/Users/muhammetkocaman/MuhasebeStokWebApp/Services/StokService.cs(33,49): warning CS8602: Dereference of a possibly null reference. [/Users/muhammetkocaman/MuhasebeStokWebApp/MuhasebeStokWebApp.csproj]
/Users/muhammetkocaman/MuhasebeStokWebApp/Services/StokService.cs(33,84): warning CS8602: Dereference of a possibly null reference. [/Users/muhammetkocaman/MuhasebeStokWebApp/MuhasebeStokWebApp.csproj]
/Users/muhammetkocaman/MuhasebeStokWebApp/Controllers/IrsaliyeController.cs(236,31): warning CS8601: Possible null reference assignment. [/Users/muhammetkocaman/MuhasebeStokWebApp/MuhasebeStokWebApp.csproj]
/Users/muhammetkocaman/MuhasebeStokWebApp/Controllers/IrsaliyeController.cs(231,37): warning CS8601: Possible null reference assignment. [/Users/muhammetkocaman/MuhasebeStokWebApp/MuhasebeStokWebApp.csproj]
/Users/muhammetkocaman/MuhasebeStokWebApp/Controllers/CariController.cs(687,31): warning CS8601: Possible null reference assignment. [/Users/muhammetkocaman/MuhasebeStokWebApp/MuhasebeStokWebApp.csproj]
/Users/muhammetkocaman/MuhasebeStokWebApp/Services/StokService.cs(50,20): warning CS8603: Possible null reference return. [/Users/muhammetkocaman/MuhasebeStokWebApp/MuhasebeStokWebApp.csproj]
/Users/muhammetkocaman/MuhasebeStokWebApp/Controllers/MenuController.cs(199,30): warning CS8601: Possible null reference assignment. [/Users/muhammetkocaman/MuhasebeStokWebApp/MuhasebeStokWebApp.csproj]
/Users/muhammetkocaman/MuhasebeStokWebApp/Services/StokService.cs(62,39): warning CS8602: Dereference of a possibly null reference. [/Users/muhammetkocaman/MuhasebeStokWebApp/MuhasebeStokWebApp.csproj]
/Users/muhammetkocaman/MuhasebeStokWebApp/Controllers/CariController.cs(897,41): warning CS8604: Possible null reference argument for parameter 'input' in 'Guid Guid.Parse(string input)'. [/Users/muhammetkocaman/MuhasebeStokWebApp/MuhasebeStokWebApp.csproj]
/Users/muhammetkocaman/MuhasebeStokWebApp/Controllers/MenuController.cs(263,25): warning CS8602: Dereference of a possibly null reference. [/Users/muhammetkocaman/MuhasebeStokWebApp/MuhasebeStokWebApp.csproj]
/Users/muhammetkocaman/MuhasebeStokWebApp/Controllers/KasaController.cs(862,29): warning CS8602: Dereference of a possibly null reference. [/Users/muhammetkocaman/MuhasebeStokWebApp/MuhasebeStokWebApp.csproj]
/Users/muhammetkocaman/MuhasebeStokWebApp/Controllers/KasaController.cs(866,33): warning CS8602: Dereference of a possibly null reference. [/Users/muhammetkocaman/MuhasebeStokWebApp/MuhasebeStokWebApp.csproj]
/Users/muhammetkocaman/MuhasebeStokWebApp/Controllers/UrunController.cs(444,35): warning CS8602: Dereference of a possibly null reference. [/Users/muhammetkocaman/MuhasebeStokWebApp/MuhasebeStokWebApp.csproj]
/Users/muhammetkocaman/MuhasebeStokWebApp/Controllers/CariController.cs(1359,32): warning CS8601: Possible null reference assignment. [/Users/muhammetkocaman/MuhasebeStokWebApp/MuhasebeStokWebApp.csproj]
/Users/muhammetkocaman/MuhasebeStokWebApp/Controllers/CariController.cs(1360,34): warning CS8601: Possible null reference assignment. [/Users/muhammetkocaman/MuhasebeStokWebApp/MuhasebeStokWebApp.csproj]
/Users/muhammetkocaman/MuhasebeStokWebApp/Controllers/CariController.cs(1361,36): warning CS8601: Possible null reference assignment. [/Users/muhammetkocaman/MuhasebeStokWebApp/MuhasebeStokWebApp.csproj]
/Users/muhammetkocaman/MuhasebeStokWebApp/Controllers/CariController.cs(1366,36): warning CS8604: Possible null reference argument for parameter 'input' in 'Guid Guid.Parse(string input)'. [/Users/muhammetkocaman/MuhasebeStokWebApp/MuhasebeStokWebApp.csproj]
/Users/muhammetkocaman/MuhasebeStokWebApp/Views/Banka/YeniHareket.cshtml(22,26): warning CS8602: Dereference of a possibly null reference. [/Users/muhammetkocaman/MuhasebeStokWebApp/MuhasebeStokWebApp.csproj]
/Users/muhammetkocaman/MuhasebeStokWebApp/Controllers/FaturaController.cs(213,59): warning CS8602: Dereference of a possibly null reference. [/Users/muhammetkocaman/MuhasebeStokWebApp/MuhasebeStokWebApp.csproj]
/Users/muhammetkocaman/MuhasebeStokWebApp/Controllers/FaturaController.cs(219,61): warning CS8602: Dereference of a possibly null reference. [/Users/muhammetkocaman/MuhasebeStokWebApp/MuhasebeStokWebApp.csproj]
/Users/muhammetkocaman/MuhasebeStokWebApp/Controllers/FaturaController.cs(225,63): warning CS8602: Dereference of a possibly null reference. [/Users/muhammetkocaman/MuhasebeStokWebApp/MuhasebeStokWebApp.csproj]
/Users/muhammetkocaman/MuhasebeStokWebApp/Controllers/FaturaController.cs(231,58): warning CS8602: Dereference of a possibly null reference. [/Users/muhammetkocaman/MuhasebeStokWebApp/MuhasebeStokWebApp.csproj]
/Users/muhammetkocaman/MuhasebeStokWebApp/Controllers/FaturaController.cs(252,37): warning CS8602: Dereference of a possibly null reference. [/Users/muhammetkocaman/MuhasebeStokWebApp/MuhasebeStokWebApp.csproj]
/Users/muhammetkocaman/MuhasebeStokWebApp/Controllers/FaturaController.cs(253,67): warning CS8602: Dereference of a possibly null reference. [/Users/muhammetkocaman/MuhasebeStokWebApp/MuhasebeStokWebApp.csproj]
/Users/muhammetkocaman/MuhasebeStokWebApp/Controllers/FaturaController.cs(585,121): warning CS8604: Possible null reference argument for parameter 'g' in 'Guid.Guid(string g)'. [/Users/muhammetkocaman/MuhasebeStokWebApp/MuhasebeStokWebApp.csproj]
/Users/muhammetkocaman/MuhasebeStokWebApp/Controllers/UrunController.cs(679,51): warning CS8602: Dereference of a possibly null reference. [/Users/muhammetkocaman/MuhasebeStokWebApp/MuhasebeStokWebApp.csproj]
/Users/muhammetkocaman/MuhasebeStokWebApp/Controllers/UrunController.cs(683,53): warning CS8602: Dereference of a possibly null reference. [/Users/muhammetkocaman/MuhasebeStokWebApp/MuhasebeStokWebApp.csproj]
/Users/muhammetkocaman/MuhasebeStokWebApp/Controllers/UrunController.cs(687,51): warning CS8602: Dereference of a possibly null reference. [/Users/muhammetkocaman/MuhasebeStokWebApp/MuhasebeStokWebApp.csproj]
/Users/muhammetkocaman/MuhasebeStokWebApp/Controllers/IrsaliyeController.cs(741,31): warning CS8601: Possible null reference assignment. [/Users/muhammetkocaman/MuhasebeStokWebApp/MuhasebeStokWebApp.csproj]
/Users/muhammetkocaman/MuhasebeStokWebApp/Controllers/UrunController.cs(760,30): warning CS8602: Dereference of a possibly null reference. [/Users/muhammetkocaman/MuhasebeStokWebApp/MuhasebeStokWebApp.csproj]
/Users/muhammetkocaman/MuhasebeStokWebApp/Controllers/FaturaController.cs(873,43): warning CS8602: Dereference of a possibly null reference. [/Users/muhammetkocaman/MuhasebeStokWebApp/MuhasebeStokWebApp.csproj]
/Users/muhammetkocaman/MuhasebeStokWebApp/ViewModels/Rapor/RaporViewModel.cs(120,23): warning CS8618: Non-nullable property 'UrunAdi' must contain a non-null value when exiting constructor. Consider adding the 'required' modifier or declaring the property as nullable. [/Users/muhammetkocaman/MuhasebeStokWebApp/MuhasebeStokWebApp.csproj]
/Users/muhammetkocaman/MuhasebeStokWebApp/ViewModels/Rapor/RaporViewModel.cs(122,23): warning CS8618: Non-nullable property 'HareketTuru' must contain a non-null value when exiting constructor. Consider adding the 'required' modifier or declaring the property as nullable. [/Users/muhammetkocaman/MuhasebeStokWebApp/MuhasebeStokWebApp.csproj]
/Users/muhammetkocaman/MuhasebeStokWebApp/ViewModels/Rapor/RaporViewModel.cs(124,23): warning CS8618: Non-nullable property 'Birim' must contain a non-null value when exiting constructor. Consider adding the 'required' modifier or declaring the property as nullable. [/Users/muhammetkocaman/MuhasebeStokWebApp/MuhasebeStokWebApp.csproj]
/Users/muhammetkocaman/MuhasebeStokWebApp/ViewModels/Rapor/RaporViewModel.cs(127,23): warning CS8618: Non-nullable property 'ReferansNo' must contain a non-null value when exiting constructor. Consider adding the 'required' modifier or declaring the property as nullable. [/Users/muhammetkocaman/MuhasebeStokWebApp/MuhasebeStokWebApp.csproj]
/Users/muhammetkocaman/MuhasebeStokWebApp/ViewModels/Rapor/RaporViewModel.cs(128,23): warning CS8618: Non-nullable property 'ReferansTuru' must contain a non-null value when exiting constructor. Consider adding the 'required' modifier or declaring the property as nullable. [/Users/muhammetkocaman/MuhasebeStokWebApp/MuhasebeStokWebApp.csproj]
/Users/muhammetkocaman/MuhasebeStokWebApp/ViewModels/Rapor/RaporViewModel.cs(129,23): warning CS8618: Non-nullable property 'Aciklama' must contain a non-null value when exiting constructor. Consider adding the 'required' modifier or declaring the property as nullable. [/Users/muhammetkocaman/MuhasebeStokWebApp/MuhasebeStokWebApp.csproj]
/Users/muhammetkocaman/MuhasebeStokWebApp/ViewModels/Rapor/RaporViewModel.cs(101,23): warning CS8618: Non-nullable property 'CariAdi' must contain a non-null value when exiting constructor. Consider adding the 'required' modifier or declaring the property as nullable. [/Users/muhammetkocaman/MuhasebeStokWebApp/MuhasebeStokWebApp.csproj]
/Users/muhammetkocaman/MuhasebeStokWebApp/ViewModels/Rapor/RaporViewModel.cs(103,23): warning CS8618: Non-nullable property 'HareketTuru' must contain a non-null value when exiting constructor. Consider adding the 'required' modifier or declaring the property as nullable. [/Users/muhammetkocaman/MuhasebeStokWebApp/MuhasebeStokWebApp.csproj]
/Users/muhammetkocaman/MuhasebeStokWebApp/ViewModels/Rapor/RaporViewModel.cs(105,23): warning CS8618: Non-nullable property 'ReferansNo' must contain a non-null value when exiting constructor. Consider adding the 'required' modifier or declaring the property as nullable. [/Users/muhammetkocaman/MuhasebeStokWebApp/MuhasebeStokWebApp.csproj]
/Users/muhammetkocaman/MuhasebeStokWebApp/ViewModels/Rapor/RaporViewModel.cs(106,23): warning CS8618: Non-nullable property 'ReferansTuru' must contain a non-null value when exiting constructor. Consider adding the 'required' modifier or declaring the property as nullable. [/Users/muhammetkocaman/MuhasebeStokWebApp/MuhasebeStokWebApp.csproj]
/Users/muhammetkocaman/MuhasebeStokWebApp/ViewModels/Rapor/RaporViewModel.cs(107,23): warning CS8618: Non-nullable property 'Aciklama' must contain a non-null value when exiting constructor. Consider adding the 'required' modifier or declaring the property as nullable. [/Users/muhammetkocaman/MuhasebeStokWebApp/MuhasebeStokWebApp.csproj]
/Users/muhammetkocaman/MuhasebeStokWebApp/ViewModels/Rapor/RaporViewModel.cs(80,23): warning CS8618: Non-nullable property 'BankaAdi' must contain a non-null value when exiting constructor. Consider adding the 'required' modifier or declaring the property as nullable. [/Users/muhammetkocaman/MuhasebeStokWebApp/MuhasebeStokWebApp.csproj]
/Users/muhammetkocaman/MuhasebeStokWebApp/ViewModels/Rapor/RaporViewModel.cs(82,23): warning CS8618: Non-nullable property 'HareketTuru' must contain a non-null value when exiting constructor. Consider adding the 'required' modifier or declaring the property as nullable. [/Users/muhammetkocaman/MuhasebeStokWebApp/MuhasebeStokWebApp.csproj]
/Users/muhammetkocaman/MuhasebeStokWebApp/ViewModels/Rapor/RaporViewModel.cs(84,23): warning CS8618: Non-nullable property 'ParaBirimi' must contain a non-null value when exiting constructor. Consider adding the 'required' modifier or declaring the property as nullable. [/Users/muhammetkocaman/MuhasebeStokWebApp/MuhasebeStokWebApp.csproj]
/Users/muhammetkocaman/MuhasebeStokWebApp/ViewModels/Rapor/RaporViewModel.cs(85,23): warning CS8618: Non-nullable property 'ReferansNo' must contain a non-null value when exiting constructor. Consider adding the 'required' modifier or declaring the property as nullable. [/Users/muhammetkocaman/MuhasebeStokWebApp/MuhasebeStokWebApp.csproj]
/Users/muhammetkocaman/MuhasebeStokWebApp/ViewModels/Rapor/RaporViewModel.cs(86,23): warning CS8618: Non-nullable property 'ReferansTuru' must contain a non-null value when exiting constructor. Consider adding the 'required' modifier or declaring the property as nullable. [/Users/muhammetkocaman/MuhasebeStokWebApp/MuhasebeStokWebApp.csproj]
/Users/muhammetkocaman/MuhasebeStokWebApp/ViewModels/Rapor/RaporViewModel.cs(87,23): warning CS8618: Non-nullable property 'DekontNo' must contain a non-null value when exiting constructor. Consider adding the 'required' modifier or declaring the property as nullable. [/Users/muhammetkocaman/MuhasebeStokWebApp/MuhasebeStokWebApp.csproj]
/Users/muhammetkocaman/MuhasebeStokWebApp/ViewModels/Rapor/RaporViewModel.cs(88,23): warning CS8618: Non-nullable property 'Aciklama' must contain a non-null value when exiting constructor. Consider adding the 'required' modifier or declaring the property as nullable. [/Users/muhammetkocaman/MuhasebeStokWebApp/MuhasebeStokWebApp.csproj]
/Users/muhammetkocaman/MuhasebeStokWebApp/ViewModels/Rapor/RaporViewModel.cs(60,23): warning CS8618: Non-nullable property 'KasaAdi' must contain a non-null value when exiting constructor. Consider adding the 'required' modifier or declaring the property as nullable. [/Users/muhammetkocaman/MuhasebeStokWebApp/MuhasebeStokWebApp.csproj]
/Users/muhammetkocaman/MuhasebeStokWebApp/ViewModels/Rapor/RaporViewModel.cs(62,23): warning CS8618: Non-nullable property 'HareketTuru' must contain a non-null value when exiting constructor. Consider adding the 'required' modifier or declaring the property as nullable. [/Users/muhammetkocaman/MuhasebeStokWebApp/MuhasebeStokWebApp.csproj]
/Users/muhammetkocaman/MuhasebeStokWebApp/ViewModels/Rapor/RaporViewModel.cs(64,23): warning CS8618: Non-nullable property 'ReferansNo' must contain a non-null value when exiting constructor. Consider adding the 'required' modifier or declaring the property as nullable. [/Users/muhammetkocaman/MuhasebeStokWebApp/MuhasebeStokWebApp.csproj]
/Users/muhammetkocaman/MuhasebeStokWebApp/ViewModels/Rapor/RaporViewModel.cs(65,23): warning CS8618: Non-nullable property 'ReferansTuru' must contain a non-null value when exiting constructor. Consider adding the 'required' modifier or declaring the property as nullable. [/Users/muhammetkocaman/MuhasebeStokWebApp/MuhasebeStokWebApp.csproj]
/Users/muhammetkocaman/MuhasebeStokWebApp/ViewModels/Rapor/RaporViewModel.cs(66,23): warning CS8618: Non-nullable property 'Aciklama' must contain a non-null value when exiting constructor. Consider adding the 'required' modifier or declaring the property as nullable. [/Users/muhammetkocaman/MuhasebeStokWebApp/MuhasebeStokWebApp.csproj]
/Users/muhammetkocaman/MuhasebeStokWebApp/ViewModels/Rapor/RaporViewModel.cs(41,23): warning CS8618: Non-nullable property 'HareketTuru' must contain a non-null value when exiting constructor. Consider adding the 'required' modifier or declaring the property as nullable. [/Users/muhammetkocaman/MuhasebeStokWebApp/MuhasebeStokWebApp.csproj]
/Users/muhammetkocaman/MuhasebeStokWebApp/ViewModels/Rapor/RaporViewModel.cs(44,23): warning CS8618: Non-nullable property 'RaporTuru' must contain a non-null value when exiting constructor. Consider adding the 'required' modifier or declaring the property as nullable. [/Users/muhammetkocaman/MuhasebeStokWebApp/MuhasebeStokWebApp.csproj]
/Users/muhammetkocaman/MuhasebeStokWebApp/ViewModels/Rapor/RaporViewModel.cs(10,23): warning CS8618: Non-nullable property 'RaporAdi' must contain a non-null value when exiting constructor. Consider adding the 'required' modifier or declaring the property as nullable. [/Users/muhammetkocaman/MuhasebeStokWebApp/MuhasebeStokWebApp.csproj]
/Users/muhammetkocaman/MuhasebeStokWebApp/ViewModels/Rapor/RaporViewModel.cs(11,23): warning CS8618: Non-nullable property 'Aciklama' must contain a non-null value when exiting constructor. Consider adding the 'required' modifier or declaring the property as nullable. [/Users/muhammetkocaman/MuhasebeStokWebApp/MuhasebeStokWebApp.csproj]
/Users/muhammetkocaman/MuhasebeStokWebApp/ViewModels/Rapor/RaporViewModel.cs(13,23): warning CS8618: Non-nullable property 'KullaniciAdi' must contain a non-null value when exiting constructor. Consider adding the 'required' modifier or declaring the property as nullable. [/Users/muhammetkocaman/MuhasebeStokWebApp/MuhasebeStokWebApp.csproj]
/Users/muhammetkocaman/MuhasebeStokWebApp/ViewModels/Rapor/RaporStokViewModel.cs(19,23): warning CS8618: Non-nullable property 'UrunAdi' must contain a non-null value when exiting constructor. Consider adding the 'required' modifier or declaring the property as nullable. [/Users/muhammetkocaman/MuhasebeStokWebApp/MuhasebeStokWebApp.csproj]
/Users/muhammetkocaman/MuhasebeStokWebApp/ViewModels/Rapor/RaporStokViewModel.cs(21,23): warning CS8618: Non-nullable property 'HareketTuru' must contain a non-null value when exiting constructor. Consider adding the 'required' modifier or declaring the property as nullable. [/Users/muhammetkocaman/MuhasebeStokWebApp/MuhasebeStokWebApp.csproj]
/Users/muhammetkocaman/MuhasebeStokWebApp/ViewModels/Rapor/RaporStokViewModel.cs(23,23): warning CS8618: Non-nullable property 'Birim' must contain a non-null value when exiting constructor. Consider adding the 'required' modifier or declaring the property as nullable. [/Users/muhammetkocaman/MuhasebeStokWebApp/MuhasebeStokWebApp.csproj]
/Users/muhammetkocaman/MuhasebeStokWebApp/ViewModels/Rapor/RaporStokViewModel.cs(26,23): warning CS8618: Non-nullable property 'ReferansNo' must contain a non-null value when exiting constructor. Consider adding the 'required' modifier or declaring the property as nullable. [/Users/muhammetkocaman/MuhasebeStokWebApp/MuhasebeStokWebApp.csproj]
/Users/muhammetkocaman/MuhasebeStokWebApp/ViewModels/Rapor/RaporStokViewModel.cs(27,23): warning CS8618: Non-nullable property 'ReferansTuru' must contain a non-null value when exiting constructor. Consider adding the 'required' modifier or declaring the property as nullable. [/Users/muhammetkocaman/MuhasebeStokWebApp/MuhasebeStokWebApp.csproj]
/Users/muhammetkocaman/MuhasebeStokWebApp/ViewModels/Rapor/RaporStokViewModel.cs(28,23): warning CS8618: Non-nullable property 'Aciklama' must contain a non-null value when exiting constructor. Consider adding the 'required' modifier or declaring the property as nullable. [/Users/muhammetkocaman/MuhasebeStokWebApp/MuhasebeStokWebApp.csproj]
/Users/muhammetkocaman/MuhasebeStokWebApp/ViewModels/Rapor/RaporStokViewModel.cs(8,23): warning CS8618: Non-nullable property 'RaporAdi' must contain a non-null value when exiting constructor. Consider adding the 'required' modifier or declaring the property as nullable. [/Users/muhammetkocaman/MuhasebeStokWebApp/MuhasebeStokWebApp.csproj]
/Users/muhammetkocaman/MuhasebeStokWebApp/ViewModels/Rapor/RaporStokViewModel.cs(10,23): warning CS8618: Non-nullable property 'KullaniciAdi' must contain a non-null value when exiting constructor. Consider adding the 'required' modifier or declaring the property as nullable. [/Users/muhammetkocaman/MuhasebeStokWebApp/MuhasebeStokWebApp.csproj]
/Users/muhammetkocaman/MuhasebeStokWebApp/ViewModels/Rapor/RaporStokViewModel.cs(11,23): warning CS8618: Non-nullable property 'Aciklama' must contain a non-null value when exiting constructor. Consider adding the 'required' modifier or declaring the property as nullable. [/Users/muhammetkocaman/MuhasebeStokWebApp/MuhasebeStokWebApp.csproj]
/Users/muhammetkocaman/MuhasebeStokWebApp/ViewModels/ParaBirimiModulu/ParaBirimiViewModels.cs(329,23): warning CS8618: Non-nullable property 'KaynakParaBirimiAdi' must contain a non-null value when exiting constructor. Consider adding the 'required' modifier or declaring the property as nullable. [/Users/muhammetkocaman/MuhasebeStokWebApp/MuhasebeStokWebApp.csproj]
/Users/muhammetkocaman/MuhasebeStokWebApp/ViewModels/ParaBirimiModulu/ParaBirimiViewModels.cs(335,23): warning CS8618: Non-nullable property 'KaynakParaBirimiKodu' must contain a non-null value when exiting constructor. Consider adding the 'required' modifier or declaring the property as nullable. [/Users/muhammetkocaman/MuhasebeStokWebApp/MuhasebeStokWebApp.csproj]
/Users/muhammetkocaman/MuhasebeStokWebApp/ViewModels/ParaBirimiModulu/ParaBirimiViewModels.cs(348,23): warning CS8618: Non-nullable property 'HedefParaBirimiAdi' must contain a non-null value when exiting constructor. Consider adding the 'required' modifier or declaring the property as nullable. [/Users/muhammetkocaman/MuhasebeStokWebApp/MuhasebeStokWebApp.csproj]
/Users/muhammetkocaman/MuhasebeStokWebApp/ViewModels/ParaBirimiModulu/ParaBirimiViewModels.cs(354,23): warning CS8618: Non-nullable property 'HedefParaBirimiKodu' must contain a non-null value when exiting constructor. Consider adding the 'required' modifier or declaring the property as nullable. [/Users/muhammetkocaman/MuhasebeStokWebApp/MuhasebeStokWebApp.csproj]
/Users/muhammetkocaman/MuhasebeStokWebApp/ViewModels/ParaBirimiModulu/ParaBirimiViewModels.cs(367,23): warning CS8618: Non-nullable property 'Aciklama' must contain a non-null value when exiting constructor. Consider adding the 'required' modifier or declaring the property as nullable. [/Users/muhammetkocaman/MuhasebeStokWebApp/MuhasebeStokWebApp.csproj]
/Users/muhammetkocaman/MuhasebeStokWebApp/ViewModels/ParaBirimiModulu/ParaBirimiViewModels.cs(372,37): warning CS8618: Non-nullable property 'ParaBirimleri' must contain a non-null value when exiting constructor. Consider adding the 'required' modifier or declaring the property as nullable. [/Users/muhammetkocaman/MuhasebeStokWebApp/MuhasebeStokWebApp.csproj]
/Users/muhammetkocaman/MuhasebeStokWebApp/ViewModels/ParaBirimiModulu/ParaBirimiViewModels.cs(148,23): warning CS8618: Non-nullable property 'Kod' must contain a non-null value when exiting constructor. Consider adding the 'required' modifier or declaring the property as nullable. [/Users/muhammetkocaman/MuhasebeStokWebApp/MuhasebeStokWebApp.csproj]
/Users/muhammetkocaman/MuhasebeStokWebApp/ViewModels/ParaBirimiModulu/ParaBirimiViewModels.cs(156,23): warning CS8618: Non-nullable property 'Ad' must contain a non-null value when exiting constructor. Consider adding the 'required' modifier or declaring the property as nullable. [/Users/muhammetkocaman/MuhasebeStokWebApp/MuhasebeStokWebApp.csproj]
/Users/muhammetkocaman/MuhasebeStokWebApp/ViewModels/ParaBirimiModulu/ParaBirimiViewModels.cs(163,23): warning CS8618: Non-nullable property 'Sembol' must contain a non-null value when exiting constructor. Consider adding the 'required' modifier or declaring the property as nullable. [/Users/muhammetkocaman/MuhasebeStokWebApp/MuhasebeStokWebApp.csproj]
/Users/muhammetkocaman/MuhasebeStokWebApp/ViewModels/ParaBirimiModulu/ParaBirimiViewModels.cs(170,23): warning CS8618: Non-nullable property 'OndalikAyraci' must contain a non-null value when exiting constructor. Consider adding the 'required' modifier or declaring the property as nullable. [/Users/muhammetkocaman/MuhasebeStokWebApp/MuhasebeStokWebApp.csproj]
/Users/muhammetkocaman/MuhasebeStokWebApp/ViewModels/ParaBirimiModulu/ParaBirimiViewModels.cs(177,23): warning CS8618: Non-nullable property 'BinlikAyraci' must contain a non-null value when exiting constructor. Consider adding the 'required' modifier or declaring the property as nullable. [/Users/muhammetkocaman/MuhasebeStokWebApp/MuhasebeStokWebApp.csproj]
/Users/muhammetkocaman/MuhasebeStokWebApp/ViewModels/ParaBirimiModulu/ParaBirimiViewModels.cs(209,23): warning CS8618: Non-nullable property 'Aciklama' must contain a non-null value when exiting constructor. Consider adding the 'required' modifier or declaring the property as nullable. [/Users/muhammetkocaman/MuhasebeStokWebApp/MuhasebeStokWebApp.csproj]
/Users/muhammetkocaman/MuhasebeStokWebApp/ViewModels/ParaBirimiModulu/ParaBirimiViewModels.cs(68,23): warning CS8618: Non-nullable property 'Kod' must contain a non-null value when exiting constructor. Consider adding the 'required' modifier or declaring the property as nullable. [/Users/muhammetkocaman/MuhasebeStokWebApp/MuhasebeStokWebApp.csproj]
/Users/muhammetkocaman/MuhasebeStokWebApp/ViewModels/ParaBirimiModulu/ParaBirimiViewModels.cs(76,23): warning CS8618: Non-nullable property 'Ad' must contain a non-null value when exiting constructor. Consider adding the 'required' modifier or declaring the property as nullable. [/Users/muhammetkocaman/MuhasebeStokWebApp/MuhasebeStokWebApp.csproj]
/Users/muhammetkocaman/MuhasebeStokWebApp/ViewModels/ParaBirimiModulu/ParaBirimiViewModels.cs(83,23): warning CS8618: Non-nullable property 'Sembol' must contain a non-null value when exiting constructor. Consider adding the 'required' modifier or declaring the property as nullable. [/Users/muhammetkocaman/MuhasebeStokWebApp/MuhasebeStokWebApp.csproj]
/Users/muhammetkocaman/MuhasebeStokWebApp/ViewModels/ParaBirimiModulu/ParaBirimiViewModels.cs(129,23): warning CS8618: Non-nullable property 'Aciklama' must contain a non-null value when exiting constructor. Consider adding the 'required' modifier or declaring the property as nullable. [/Users/muhammetkocaman/MuhasebeStokWebApp/MuhasebeStokWebApp.csproj]
/Users/muhammetkocaman/MuhasebeStokWebApp/ViewModels/ParaBirimiModulu/ParaBirimiViewModels.cs(24,23): warning CS8618: Non-nullable property 'Kod' must contain a non-null value when exiting constructor. Consider adding the 'required' modifier or declaring the property as nullable. [/Users/muhammetkocaman/MuhasebeStokWebApp/MuhasebeStokWebApp.csproj]
/Users/muhammetkocaman/MuhasebeStokWebApp/ViewModels/ParaBirimiModulu/ParaBirimiViewModels.cs(30,23): warning CS8618: Non-nullable property 'Ad' must contain a non-null value when exiting constructor. Consider adding the 'required' modifier or declaring the property as nullable. [/Users/muhammetkocaman/MuhasebeStokWebApp/MuhasebeStokWebApp.csproj]
/Users/muhammetkocaman/MuhasebeStokWebApp/ViewModels/ParaBirimiModulu/ParaBirimiViewModels.cs(36,23): warning CS8618: Non-nullable property 'Sembol' must contain a non-null value when exiting constructor. Consider adding the 'required' modifier or declaring the property as nullable. [/Users/muhammetkocaman/MuhasebeStokWebApp/MuhasebeStokWebApp.csproj]
/Users/muhammetkocaman/MuhasebeStokWebApp/ViewModels/Menu/MenuItem.cs(8,23): warning CS8618: Non-nullable property 'Id' must contain a non-null value when exiting constructor. Consider adding the 'required' modifier or declaring the property as nullable. [/Users/muhammetkocaman/MuhasebeStokWebApp/MuhasebeStokWebApp.csproj]
/Users/muhammetkocaman/MuhasebeStokWebApp/ViewModels/Menu/MenuItem.cs(9,23): warning CS8618: Non-nullable property 'Text' must contain a non-null value when exiting constructor. Consider adding the 'required' modifier or declaring the property as nullable. [/Users/muhammetkocaman/MuhasebeStokWebApp/MuhasebeStokWebApp.csproj]
/Users/muhammetkocaman/MuhasebeStokWebApp/ViewModels/Menu/MenuItem.cs(10,23): warning CS8618: Non-nullable property 'Icon' must contain a non-null value when exiting constructor. Consider adding the 'required' modifier or declaring the property as nullable. [/Users/muhammetkocaman/MuhasebeStokWebApp/MuhasebeStokWebApp.csproj]
/Users/muhammetkocaman/MuhasebeStokWebApp/ViewModels/Menu/MenuItem.cs(11,23): warning CS8618: Non-nullable property 'Url' must contain a non-null value when exiting constructor. Consider adding the 'required' modifier or declaring the property as nullable. [/Users/muhammetkocaman/MuhasebeStokWebApp/MuhasebeStokWebApp.csproj]
/Users/muhammetkocaman/MuhasebeStokWebApp/ViewModels/Menu/MenuItem.cs(12,23): warning CS8618: Non-nullable property 'Action' must contain a non-null value when exiting constructor. Consider adding the 'required' modifier or declaring the property as nullable. [/Users/muhammetkocaman/MuhasebeStokWebApp/MuhasebeStokWebApp.csproj]
/Users/muhammetkocaman/MuhasebeStokWebApp/ViewModels/Menu/MenuItem.cs(13,23): warning CS8618: Non-nullable property 'Controller' must contain a non-null value when exiting constructor. Consider adding the 'required' modifier or declaring the property as nullable. [/Users/muhammetkocaman/MuhasebeStokWebApp/MuhasebeStokWebApp.csproj]
/Users/muhammetkocaman/MuhasebeStokWebApp/ViewModels/Menu/MenuEditViewModel.cs(16,23): warning CS8618: Non-nullable property 'Ad' must contain a non-null value when exiting constructor. Consider adding the 'required' modifier or declaring the property as nullable. [/Users/muhammetkocaman/MuhasebeStokWebApp/MuhasebeStokWebApp.csproj]
/Users/muhammetkocaman/MuhasebeStokWebApp/ViewModels/Menu/MenuEditViewModel.cs(20,23): warning CS8618: Non-nullable property 'Icon' must contain a non-null value when exiting constructor. Consider adding the 'required' modifier or declaring the property as nullable. [/Users/muhammetkocaman/MuhasebeStokWebApp/MuhasebeStokWebApp.csproj]
/Users/muhammetkocaman/MuhasebeStokWebApp/ViewModels/Menu/MenuEditViewModel.cs(24,23): warning CS8618: Non-nullable property 'Url' must contain a non-null value when exiting constructor. Consider adding the 'required' modifier or declaring the property as nullable. [/Users/muhammetkocaman/MuhasebeStokWebApp/MuhasebeStokWebApp.csproj]
/Users/muhammetkocaman/MuhasebeStokWebApp/ViewModels/Menu/MenuEditViewModel.cs(28,23): warning CS8618: Non-nullable property 'Controller' must contain a non-null value when exiting constructor. Consider adding the 'required' modifier or declaring the property as nullable. [/Users/muhammetkocaman/MuhasebeStokWebApp/MuhasebeStokWebApp.csproj]
/Users/muhammetkocaman/MuhasebeStokWebApp/ViewModels/Menu/MenuEditViewModel.cs(32,23): warning CS8618: Non-nullable property 'Action' must contain a non-null value when exiting constructor. Consider adding the 'required' modifier or declaring the property as nullable. [/Users/muhammetkocaman/MuhasebeStokWebApp/MuhasebeStokWebApp.csproj]
/Users/muhammetkocaman/MuhasebeStokWebApp/ViewModels/Menu/MenuEditViewModel.cs(44,35): warning CS8618: Non-nullable property 'ParentMenu' must contain a non-null value when exiting constructor. Consider adding the 'required' modifier or declaring the property as nullable. [/Users/muhammetkocaman/MuhasebeStokWebApp/MuhasebeStokWebApp.csproj]
/Users/muhammetkocaman/MuhasebeStokWebApp/ViewModels/Menu/MenuEditViewModel.cs(49,42): warning CS8618: Non-nullable property 'Roles' must contain a non-null value when exiting constructor. Consider adding the 'required' modifier or declaring the property as nullable. [/Users/muhammetkocaman/MuhasebeStokWebApp/MuhasebeStokWebApp.csproj]
/Users/muhammetkocaman/MuhasebeStokWebApp/ViewModels/Menu/MenuCreateViewModel.cs(14,23): warning CS8618: Non-nullable property 'Ad' must contain a non-null value when exiting constructor. Consider adding the 'required' modifier or declaring the property as nullable. [/Users/muhammetkocaman/MuhasebeStokWebApp/MuhasebeStokWebApp.csproj]
/Users/muhammetkocaman/MuhasebeStokWebApp/ViewModels/Menu/MenuCreateViewModel.cs(18,23): warning CS8618: Non-nullable property 'Icon' must contain a non-null value when exiting constructor. Consider adding the 'required' modifier or declaring the property as nullable. [/Users/muhammetkocaman/MuhasebeStokWebApp/MuhasebeStokWebApp.csproj]
/Users/muhammetkocaman/MuhasebeStokWebApp/ViewModels/Menu/MenuCreateViewModel.cs(22,23): warning CS8618: Non-nullable property 'Url' must contain a non-null value when exiting constructor. Consider adding the 'required' modifier or declaring the property as nullable. [/Users/muhammetkocaman/MuhasebeStokWebApp/MuhasebeStokWebApp.csproj]
/Users/muhammetkocaman/MuhasebeStokWebApp/ViewModels/Menu/MenuCreateViewModel.cs(26,23): warning CS8618: Non-nullable property 'Controller' must contain a non-null value when exiting constructor. Consider adding the 'required' modifier or declaring the property as nullable. [/Users/muhammetkocaman/MuhasebeStokWebApp/MuhasebeStokWebApp.csproj]
/Users/muhammetkocaman/MuhasebeStokWebApp/ViewModels/Menu/MenuCreateViewModel.cs(30,23): warning CS8618: Non-nullable property 'Action' must contain a non-null value when exiting constructor. Consider adding the 'required' modifier or declaring the property as nullable. [/Users/muhammetkocaman/MuhasebeStokWebApp/MuhasebeStokWebApp.csproj]
/Users/muhammetkocaman/MuhasebeStokWebApp/ViewModels/Menu/MenuCreateViewModel.cs(42,23): warning CS8618: Non-nullable property 'UstMenuAdi' must contain a non-null value when exiting constructor. Consider adding the 'required' modifier or declaring the property as nullable. [/Users/muhammetkocaman/MuhasebeStokWebApp/MuhasebeStokWebApp.csproj]
/Users/muhammetkocaman/MuhasebeStokWebApp/ViewModels/Menu/MenuCreateViewModel.cs(47,42): warning CS8618: Non-nullable property 'Roles' must contain a non-null value when exiting constructor. Consider adding the 'required' modifier or declaring the property as nullable. [/Users/muhammetkocaman/MuhasebeStokWebApp/MuhasebeStokWebApp.csproj]
/Users/muhammetkocaman/MuhasebeStokWebApp/ViewModels/Irsaliye/IrsaliyeViewModel.cs(54,16): warning CS8618: Non-nullable property 'IrsaliyeNumarasi' must contain a non-null value when exiting constructor. Consider adding the 'required' modifier or declaring the property as nullable. [/Users/muhammetkocaman/MuhasebeStokWebApp/MuhasebeStokWebApp.csproj]
/Users/muhammetkocaman/MuhasebeStokWebApp/ViewModels/Irsaliye/IrsaliyeViewModel.cs(54,16): warning CS8618: Non-nullable property 'CariAdi' must contain a non-null value when exiting constructor. Consider adding the 'required' modifier or declaring the property as nullable. [/Users/muhammetkocaman/MuhasebeStokWebApp/MuhasebeStokWebApp.csproj]
/Users/muhammetkocaman/MuhasebeStokWebApp/ViewModels/Irsaliye/IrsaliyeViewModel.cs(54,16): warning CS8618: Non-nullable property 'FaturaNumarasi' must contain a non-null value when exiting constructor. Consider adding the 'required' modifier or declaring the property as nullable. [/Users/muhammetkocaman/MuhasebeStokWebApp/MuhasebeStokWebApp.csproj]
/Users/muhammetkocaman/MuhasebeStokWebApp/ViewModels/Irsaliye/IrsaliyeViewModel.cs(54,16): warning CS8618: Non-nullable property 'IrsaliyeTuru' must contain a non-null value when exiting constructor. Consider adding the 'required' modifier or declaring the property as nullable. [/Users/muhammetkocaman/MuhasebeStokWebApp/MuhasebeStokWebApp.csproj]
/Users/muhammetkocaman/MuhasebeStokWebApp/ViewModels/Irsaliye/IrsaliyeEditViewModel.cs(48,16): warning CS8618: Non-nullable property 'IrsaliyeNumarasi' must contain a non-null value when exiting constructor. Consider adding the 'required' modifier or declaring the property as nullable. [/Users/muhammetkocaman/MuhasebeStokWebApp/MuhasebeStokWebApp.csproj]
/Users/muhammetkocaman/MuhasebeStokWebApp/ViewModels/Irsaliye/IrsaliyeEditViewModel.cs(48,16): warning CS8618: Non-nullable property 'IrsaliyeTuru' must contain a non-null value when exiting constructor. Consider adding the 'required' modifier or declaring the property as nullable. [/Users/muhammetkocaman/MuhasebeStokWebApp/MuhasebeStokWebApp.csproj]
/Users/muhammetkocaman/MuhasebeStokWebApp/ViewModels/Irsaliye/IrsaliyeDetayViewModel.cs(38,23): warning CS8618: Non-nullable property 'Birim' must contain a non-null value when exiting constructor. Consider adding the 'required' modifier or declaring the property as nullable. [/Users/muhammetkocaman/MuhasebeStokWebApp/MuhasebeStokWebApp.csproj]
/Users/muhammetkocaman/MuhasebeStokWebApp/ViewModels/Irsaliye/IrsaliyeDetayViewModel.cs(42,23): warning CS8618: Non-nullable property 'Aciklama' must contain a non-null value when exiting constructor. Consider adding the 'required' modifier or declaring the property as nullable. [/Users/muhammetkocaman/MuhasebeStokWebApp/MuhasebeStokWebApp.csproj]
/Users/muhammetkocaman/MuhasebeStokWebApp/ViewModels/Irsaliye/IrsaliyeDetayViewModel.cs(45,23): warning CS8618: Non-nullable property 'UrunAdi' must contain a non-null value when exiting constructor. Consider adding the 'required' modifier or declaring the property as nullable. [/Users/muhammetkocaman/MuhasebeStokWebApp/MuhasebeStokWebApp.csproj]
/Users/muhammetkocaman/MuhasebeStokWebApp/ViewModels/Irsaliye/IrsaliyeDetayViewModel.cs(48,23): warning CS8618: Non-nullable property 'UrunKodu' must contain a non-null value when exiting constructor. Consider adding the 'required' modifier or declaring the property as nullable. [/Users/muhammetkocaman/MuhasebeStokWebApp/MuhasebeStokWebApp.csproj]
/Users/muhammetkocaman/MuhasebeStokWebApp/ViewModels/Irsaliye/IrsaliyeDetailViewModel.cs(70,23): warning CS8618: Non-nullable property 'UrunAdi' must contain a non-null value when exiting constructor. Consider adding the 'required' modifier or declaring the property as nullable. [/Users/muhammetkocaman/MuhasebeStokWebApp/MuhasebeStokWebApp.csproj]
/Users/muhammetkocaman/MuhasebeStokWebApp/ViewModels/Irsaliye/IrsaliyeDetailViewModel.cs(73,23): warning CS8618: Non-nullable property 'UrunKodu' must contain a non-null value when exiting constructor. Consider adding the 'required' modifier or declaring the property as nullable. [/Users/muhammetkocaman/MuhasebeStokWebApp/MuhasebeStokWebApp.csproj]
/Users/muhammetkocaman/MuhasebeStokWebApp/ViewModels/Irsaliye/IrsaliyeDetailViewModel.cs(80,23): warning CS8618: Non-nullable property 'Birim' must contain a non-null value when exiting constructor. Consider adding the 'required' modifier or declaring the property as nullable. [/Users/muhammetkocaman/MuhasebeStokWebApp/MuhasebeStokWebApp.csproj]
/Users/muhammetkocaman/MuhasebeStokWebApp/ViewModels/Irsaliye/IrsaliyeDetailViewModel.cs(14,23): warning CS8618: Non-nullable property 'IrsaliyeNumarasi' must contain a non-null value when exiting constructor. Consider adding the 'required' modifier or declaring the property as nullable. [/Users/muhammetkocaman/MuhasebeStokWebApp/MuhasebeStokWebApp.csproj]
/Users/muhammetkocaman/MuhasebeStokWebApp/ViewModels/Irsaliye/IrsaliyeDetailViewModel.cs(24,23): warning CS8618: Non-nullable property 'CariAdi' must contain a non-null value when exiting constructor. Consider adding the 'required' modifier or declaring the property as nullable. [/Users/muhammetkocaman/MuhasebeStokWebApp/MuhasebeStokWebApp.csproj]
/Users/muhammetkocaman/MuhasebeStokWebApp/ViewModels/Irsaliye/IrsaliyeDetailViewModel.cs(27,23): warning CS8618: Non-nullable property 'CariVergiNo' must contain a non-null value when exiting constructor. Consider adding the 'required' modifier or declaring the property as nullable. [/Users/muhammetkocaman/MuhasebeStokWebApp/MuhasebeStokWebApp.csproj]
/Users/muhammetkocaman/MuhasebeStokWebApp/ViewModels/Irsaliye/IrsaliyeDetailViewModel.cs(30,23): warning CS8618: Non-nullable property 'CariTelefon' must contain a non-null value when exiting constructor. Consider adding the 'required' modifier or declaring the property as nullable. [/Users/muhammetkocaman/MuhasebeStokWebApp/MuhasebeStokWebApp.csproj]
/Users/muhammetkocaman/MuhasebeStokWebApp/ViewModels/Irsaliye/IrsaliyeDetailViewModel.cs(33,23): warning CS8618: Non-nullable property 'CariAdres' must contain a non-null value when exiting constructor. Consider adding the 'required' modifier or declaring the property as nullable. [/Users/muhammetkocaman/MuhasebeStokWebApp/MuhasebeStokWebApp.csproj]
/Users/muhammetkocaman/MuhasebeStokWebApp/ViewModels/Irsaliye/IrsaliyeDetailViewModel.cs(37,23): warning CS8618: Non-nullable property 'IrsaliyeTuru' must contain a non-null value when exiting constructor. Consider adding the 'required' modifier or declaring the property as nullable. [/Users/muhammetkocaman/MuhasebeStokWebApp/MuhasebeStokWebApp.csproj]
/Users/muhammetkocaman/MuhasebeStokWebApp/ViewModels/Irsaliye/IrsaliyeCreateViewModel.cs(45,16): warning CS8618: Non-nullable property 'IrsaliyeNumarasi' must contain a non-null value when exiting constructor. Consider adding the 'required' modifier or declaring the property as nullable. [/Users/muhammetkocaman/MuhasebeStokWebApp/MuhasebeStokWebApp.csproj]
/Users/muhammetkocaman/MuhasebeStokWebApp/ViewModels/Fatura/FaturaViewModel.cs(10,23): warning CS8618: Non-nullable property 'FaturaID' must contain a non-null value when exiting constructor. Consider adding the 'required' modifier or declaring the property as nullable. [/Users/muhammetkocaman/MuhasebeStokWebApp/MuhasebeStokWebApp.csproj]
/Users/muhammetkocaman/MuhasebeStokWebApp/ViewModels/Depo/DepoViewModel.cs(51,23): warning CS8618: Non-nullable property 'DepoAdi' must contain a non-null value when exiting constructor. Consider adding the 'required' modifier or declaring the property as nullable. [/Users/muhammetkocaman/MuhasebeStokWebApp/MuhasebeStokWebApp.csproj]
/Users/muhammetkocaman/MuhasebeStokWebApp/ViewModels/Depo/DepoViewModel.cs(34,23): warning CS8618: Non-nullable property 'DepoAdi' must contain a non-null value when exiting constructor. Consider adding the 'required' modifier or declaring the property as nullable. [/Users/muhammetkocaman/MuhasebeStokWebApp/MuhasebeStokWebApp.csproj]
/Users/muhammetkocaman/MuhasebeStokWebApp/ViewModels/Depo/DepoViewModel.cs(13,23): warning CS8618: Non-nullable property 'DepoAdi' must contain a non-null value when exiting constructor. Consider adding the 'required' modifier or declaring the property as nullable. [/Users/muhammetkocaman/MuhasebeStokWebApp/MuhasebeStokWebApp.csproj]
/Users/muhammetkocaman/MuhasebeStokWebApp/ViewModels/Cari/CariViewModel.cs(80,23): warning CS8618: Non-nullable property 'IslemTuru' must contain a non-null value when exiting constructor. Consider adding the 'required' modifier or declaring the property as nullable. [/Users/muhammetkocaman/MuhasebeStokWebApp/MuhasebeStokWebApp.csproj]
/Users/muhammetkocaman/MuhasebeStokWebApp/ViewModels/Cari/CariViewModel.cs(81,23): warning CS8618: Non-nullable property 'IslemNo' must contain a non-null value when exiting constructor. Consider adding the 'required' modifier or declaring the property as nullable. [/Users/muhammetkocaman/MuhasebeStokWebApp/MuhasebeStokWebApp.csproj]
/Users/muhammetkocaman/MuhasebeStokWebApp/ViewModels/Cari/CariViewModel.cs(82,23): warning CS8618: Non-nullable property 'Aciklama' must contain a non-null value when exiting constructor. Consider adding the 'required' modifier or declaring the property as nullable. [/Users/muhammetkocaman/MuhasebeStokWebApp/MuhasebeStokWebApp.csproj]
/Users/muhammetkocaman/MuhasebeStokWebApp/ViewModels/Birim/BirimViewModel.cs(50,23): warning CS8618: Non-nullable property 'BirimAdi' must contain a non-null value when exiting constructor. Consider adding the 'required' modifier or declaring the property as nullable. [/Users/muhammetkocaman/MuhasebeStokWebApp/MuhasebeStokWebApp.csproj]
/Users/muhammetkocaman/MuhasebeStokWebApp/ViewModels/Birim/BirimViewModel.cs(33,23): warning CS8618: Non-nullable property 'BirimAdi' must contain a non-null value when exiting constructor. Consider adding the 'required' modifier or declaring the property as nullable. [/Users/muhammetkocaman/MuhasebeStokWebApp/MuhasebeStokWebApp.csproj]
/Users/muhammetkocaman/MuhasebeStokWebApp/ViewModels/Birim/BirimViewModel.cs(13,23): warning CS8618: Non-nullable property 'BirimAdi' must contain a non-null value when exiting constructor. Consider adding the 'required' modifier or declaring the property as nullable. [/Users/muhammetkocaman/MuhasebeStokWebApp/MuhasebeStokWebApp.csproj]
/Users/muhammetkocaman/MuhasebeStokWebApp/ViewModels/Banka/BankaHesapViewModel.cs(125,23): warning CS8618: Non-nullable property 'SubeAdi' must contain a non-null value when exiting constructor. Consider adding the 'required' modifier or declaring the property as nullable. [/Users/muhammetkocaman/MuhasebeStokWebApp/MuhasebeStokWebApp.csproj]
/Users/muhammetkocaman/MuhasebeStokWebApp/ViewModels/Banka/BankaHesapViewModel.cs(129,23): warning CS8618: Non-nullable property 'SubeKodu' must contain a non-null value when exiting constructor. Consider adding the 'required' modifier or declaring the property as nullable. [/Users/muhammetkocaman/MuhasebeStokWebApp/MuhasebeStokWebApp.csproj]
/Users/muhammetkocaman/MuhasebeStokWebApp/ViewModels/Banka/BankaHesapViewModel.cs(133,23): warning CS8618: Non-nullable property 'HesapNo' must contain a non-null value when exiting constructor. Consider adding the 'required' modifier or declaring the property as nullable. [/Users/muhammetkocaman/MuhasebeStokWebApp/MuhasebeStokWebApp.csproj]
/Users/muhammetkocaman/MuhasebeStokWebApp/ViewModels/Banka/BankaHesapViewModel.cs(137,23): warning CS8618: Non-nullable property 'IBAN' must contain a non-null value when exiting constructor. Consider adding the 'required' modifier or declaring the property as nullable. [/Users/muhammetkocaman/MuhasebeStokWebApp/MuhasebeStokWebApp.csproj]
/Users/muhammetkocaman/MuhasebeStokWebApp/ViewModels/Banka/BankaHesapViewModel.cs(154,23): warning CS8618: Non-nullable property 'Aciklama' must contain a non-null value when exiting constructor. Consider adding the 'required' modifier or declaring the property as nullable. [/Users/muhammetkocaman/MuhasebeStokWebApp/MuhasebeStokWebApp.csproj]
/Users/muhammetkocaman/MuhasebeStokWebApp/ViewModels/Banka/BankaHesapViewModel.cs(80,23): warning CS8618: Non-nullable property 'SubeAdi' must contain a non-null value when exiting constructor. Consider adding the 'required' modifier or declaring the property as nullable. [/Users/muhammetkocaman/MuhasebeStokWebApp/MuhasebeStokWebApp.csproj]
/Users/muhammetkocaman/MuhasebeStokWebApp/ViewModels/Banka/BankaHesapViewModel.cs(84,23): warning CS8618: Non-nullable property 'SubeKodu' must contain a non-null value when exiting constructor. Consider adding the 'required' modifier or declaring the property as nullable. [/Users/muhammetkocaman/MuhasebeStokWebApp/MuhasebeStokWebApp.csproj]
/Users/muhammetkocaman/MuhasebeStokWebApp/ViewModels/Banka/BankaHesapViewModel.cs(88,23): warning CS8618: Non-nullable property 'HesapNo' must contain a non-null value when exiting constructor. Consider adding the 'required' modifier or declaring the property as nullable. [/Users/muhammetkocaman/MuhasebeStokWebApp/MuhasebeStokWebApp.csproj]
/Users/muhammetkocaman/MuhasebeStokWebApp/ViewModels/Banka/BankaHesapViewModel.cs(92,23): warning CS8618: Non-nullable property 'IBAN' must contain a non-null value when exiting constructor. Consider adding the 'required' modifier or declaring the property as nullable. [/Users/muhammetkocaman/MuhasebeStokWebApp/MuhasebeStokWebApp.csproj]
/Users/muhammetkocaman/MuhasebeStokWebApp/ViewModels/Banka/BankaHesapViewModel.cs(106,23): warning CS8618: Non-nullable property 'Aciklama' must contain a non-null value when exiting constructor. Consider adding the 'required' modifier or declaring the property as nullable. [/Users/muhammetkocaman/MuhasebeStokWebApp/MuhasebeStokWebApp.csproj]
/Users/muhammetkocaman/MuhasebeStokWebApp/ViewModels/Banka/BankaHesapViewModel.cs(46,23): warning CS8618: Non-nullable property 'Aciklama' must contain a non-null value when exiting constructor. Consider adding the 'required' modifier or declaring the property as nullable. [/Users/muhammetkocaman/MuhasebeStokWebApp/MuhasebeStokWebApp.csproj]
/Users/muhammetkocaman/MuhasebeStokWebApp/ViewModels/Cari/CariDetailViewModel.cs(204,23): warning CS8618: Non-nullable property 'Aciklama' must contain a non-null value when exiting constructor. Consider adding the 'required' modifier or declaring the property as nullable. [/Users/muhammetkocaman/MuhasebeStokWebApp/MuhasebeStokWebApp.csproj]
/Users/muhammetkocaman/MuhasebeStokWebApp/ViewModels/Cari/CariDetailViewModel.cs(210,23): warning CS8618: Non-nullable property 'IslemTuru' must contain a non-null value when exiting constructor. Consider adding the 'required' modifier or declaring the property as nullable. [/Users/muhammetkocaman/MuhasebeStokWebApp/MuhasebeStokWebApp.csproj]
/Users/muhammetkocaman/MuhasebeStokWebApp/ViewModels/Cari/CariDetailViewModel.cs(213,23): warning CS8618: Non-nullable property 'IslemNo' must contain a non-null value when exiting constructor. Consider adding the 'required' modifier or declaring the property as nullable. [/Users/muhammetkocaman/MuhasebeStokWebApp/MuhasebeStokWebApp.csproj]
/Users/muhammetkocaman/MuhasebeStokWebApp/ViewModels/Cari/CariDetailViewModel.cs(225,23): warning CS8618: Non-nullable property 'EvrakNo' must contain a non-null value when exiting constructor. Consider adding the 'required' modifier or declaring the property as nullable. [/Users/muhammetkocaman/MuhasebeStokWebApp/MuhasebeStokWebApp.csproj]
/Users/muhammetkocaman/MuhasebeStokWebApp/ViewModels/Cari/CariDetailViewModel.cs(231,23): warning CS8618: Non-nullable property 'Kaynak' must contain a non-null value when exiting constructor. Consider adding the 'required' modifier or declaring the property as nullable. [/Users/muhammetkocaman/MuhasebeStokWebApp/MuhasebeStokWebApp.csproj]
/Users/muhammetkocaman/MuhasebeStokWebApp/ViewModels/Fatura/FaturaCreateViewModel.cs(12,16): warning CS8618: Non-nullable property 'FaturaNumarasi' must contain a non-null value when exiting constructor. Consider adding the 'required' modifier or declaring the property as nullable. [/Users/muhammetkocaman/MuhasebeStokWebApp/MuhasebeStokWebApp.csproj]
/Users/muhammetkocaman/MuhasebeStokWebApp/ViewModels/Fatura/FaturaCreateViewModel.cs(12,16): warning CS8618: Non-nullable property 'SiparisNumarasi' must contain a non-null value when exiting constructor. Consider adding the 'required' modifier or declaring the property as nullable. [/Users/muhammetkocaman/MuhasebeStokWebApp/MuhasebeStokWebApp.csproj]
/Users/muhammetkocaman/MuhasebeStokWebApp/ViewModels/Fatura/FaturaCreateViewModel.cs(12,16): warning CS8618: Non-nullable property 'CariAdi' must contain a non-null value when exiting constructor. Consider adding the 'required' modifier or declaring the property as nullable. [/Users/muhammetkocaman/MuhasebeStokWebApp/MuhasebeStokWebApp.csproj]
/Users/muhammetkocaman/MuhasebeStokWebApp/ViewModels/Fatura/FaturaCreateViewModel.cs(12,16): warning CS8618: Non-nullable property 'FaturaTuru' must contain a non-null value when exiting constructor. Consider adding the 'required' modifier or declaring the property as nullable. [/Users/muhammetkocaman/MuhasebeStokWebApp/MuhasebeStokWebApp.csproj]
/Users/muhammetkocaman/MuhasebeStokWebApp/ViewModels/Fatura/FaturaCreateViewModel.cs(12,16): warning CS8618: Non-nullable property 'OdemeDurumu' must contain a non-null value when exiting constructor. Consider adding the 'required' modifier or declaring the property as nullable. [/Users/muhammetkocaman/MuhasebeStokWebApp/MuhasebeStokWebApp.csproj]
/Users/muhammetkocaman/MuhasebeStokWebApp/ViewModels/Account/AccountViewModels.cs(97,23): warning CS8618: Non-nullable property 'UserId' must contain a non-null value when exiting constructor. Consider adding the 'required' modifier or declaring the property as nullable. [/Users/muhammetkocaman/MuhasebeStokWebApp/MuhasebeStokWebApp.csproj]
/Users/muhammetkocaman/MuhasebeStokWebApp/ViewModels/Account/AccountViewModels.cs(98,23): warning CS8618: Non-nullable property 'UserName' must contain a non-null value when exiting constructor. Consider adding the 'required' modifier or declaring the property as nullable. [/Users/muhammetkocaman/MuhasebeStokWebApp/MuhasebeStokWebApp.csproj]
/Users/muhammetkocaman/MuhasebeStokWebApp/ViewModels/Account/AccountViewModels.cs(99,23): warning CS8618: Non-nullable property 'Email' must contain a non-null value when exiting constructor. Consider adding the 'required' modifier or declaring the property as nullable. [/Users/muhammetkocaman/MuhasebeStokWebApp/MuhasebeStokWebApp.csproj]
/Users/muhammetkocaman/MuhasebeStokWebApp/ViewModels/Cari/CariDetailViewModel.cs(187,16): warning CS8618: Non-nullable property 'CariAdi' must contain a non-null value when exiting constructor. Consider adding the 'required' modifier or declaring the property as nullable. [/Users/muhammetkocaman/MuhasebeStokWebApp/MuhasebeStokWebApp.csproj]
/Users/muhammetkocaman/MuhasebeStokWebApp/ViewModels/Cari/CariDetailViewModel.cs(187,16): warning CS8618: Non-nullable property 'VergiNo' must contain a non-null value when exiting constructor. Consider adding the 'required' modifier or declaring the property as nullable. [/Users/muhammetkocaman/MuhasebeStokWebApp/MuhasebeStokWebApp.csproj]
/Users/muhammetkocaman/MuhasebeStokWebApp/ViewModels/Cari/CariDetailViewModel.cs(187,16): warning CS8618: Non-nullable property 'Adres' must contain a non-null value when exiting constructor. Consider adding the 'required' modifier or declaring the property as nullable. [/Users/muhammetkocaman/MuhasebeStokWebApp/MuhasebeStokWebApp.csproj]
/Users/muhammetkocaman/MuhasebeStokWebApp/ViewModels/Cari/CariDetailViewModel.cs(123,23): warning CS8618: Non-nullable property 'FaturaNumarasi' must contain a non-null value when exiting constructor. Consider adding the 'required' modifier or declaring the property as nullable. [/Users/muhammetkocaman/MuhasebeStokWebApp/MuhasebeStokWebApp.csproj]
/Users/muhammetkocaman/MuhasebeStokWebApp/ViewModels/Cari/CariDetailViewModel.cs(135,23): warning CS8618: Non-nullable property 'FaturaTuru' must contain a non-null value when exiting constructor. Consider adding the 'required' modifier or declaring the property as nullable. [/Users/muhammetkocaman/MuhasebeStokWebApp/MuhasebeStokWebApp.csproj]
/Users/muhammetkocaman/MuhasebeStokWebApp/ViewModels/Cari/CariDetailViewModel.cs(105,23): warning CS8618: Non-nullable property 'HareketTuru' must contain a non-null value when exiting constructor. Consider adding the 'required' modifier or declaring the property as nullable. [/Users/muhammetkocaman/MuhasebeStokWebApp/MuhasebeStokWebApp.csproj]
/Users/muhammetkocaman/MuhasebeStokWebApp/ViewModels/Cari/CariDetailViewModel.cs(111,23): warning CS8618: Non-nullable property 'Aciklama' must contain a non-null value when exiting constructor. Consider adding the 'required' modifier or declaring the property as nullable. [/Users/muhammetkocaman/MuhasebeStokWebApp/MuhasebeStokWebApp.csproj]
/Users/muhammetkocaman/MuhasebeStokWebApp/ViewModels/Cari/CariDetailViewModel.cs(114,23): warning CS8618: Non-nullable property 'EvrakNo' must contain a non-null value when exiting constructor. Consider adding the 'required' modifier or declaring the property as nullable. [/Users/muhammetkocaman/MuhasebeStokWebApp/MuhasebeStokWebApp.csproj]
/Users/muhammetkocaman/MuhasebeStokWebApp/Controllers/UrunController.cs(1348,56): warning CS8601: Possible null reference assignment. [/Users/muhammetkocaman/MuhasebeStokWebApp/MuhasebeStokWebApp.csproj]
/Users/muhammetkocaman/MuhasebeStokWebApp/Controllers/StokController.cs(82,38): warning CS8600: Converting null literal or possible null value to non-nullable type. [/Users/muhammetkocaman/MuhasebeStokWebApp/MuhasebeStokWebApp.csproj]
/Users/muhammetkocaman/MuhasebeStokWebApp/Controllers/FaturaController.cs(1198,43): warning CS8604: Possible null reference argument for parameter 'source' in 'IEnumerable<FaturaKalemViewModel> Enumerable.Where<FaturaKalemViewModel>(IEnumerable<FaturaKalemViewModel> source, Func<FaturaKalemViewModel, bool> predicate)'. [/Users/muhammetkocaman/MuhasebeStokWebApp/MuhasebeStokWebApp.csproj]
/Users/muhammetkocaman/MuhasebeStokWebApp/Controllers/StokController.cs(151,36): warning CS8602: Dereference of a possibly null reference. [/Users/muhammetkocaman/MuhasebeStokWebApp/MuhasebeStokWebApp.csproj]
/Users/muhammetkocaman/MuhasebeStokWebApp/Controllers/StokController.cs(154,32): warning CS8602: Dereference of a possibly null reference. [/Users/muhammetkocaman/MuhasebeStokWebApp/MuhasebeStokWebApp.csproj]
/Users/muhammetkocaman/MuhasebeStokWebApp/Controllers/StokController.cs(215,64): warning CS8604: Possible null reference argument for parameter 'paraBirimiKodu' in 'string StokController.GetParaBirimiSembol(string paraBirimiKodu)'. [/Users/muhammetkocaman/MuhasebeStokWebApp/MuhasebeStokWebApp.csproj]
/Users/muhammetkocaman/MuhasebeStokWebApp/Controllers/StokController.cs(220,37): warning CS8604: Possible null reference argument for parameter 'source' in 'IEnumerable<StokFifoListItemViewModel> Enumerable.Select<StokFifo, StokFifoListItemViewModel>(IEnumerable<StokFifo> source, Func<StokFifo, StokFifoListItemViewModel> selector)'. [/Users/muhammetkocaman/MuhasebeStokWebApp/MuhasebeStokWebApp.csproj]
/Users/muhammetkocaman/MuhasebeStokWebApp/Controllers/StokController.cs(231,64): warning CS8604: Possible null reference argument for parameter 'paraBirimiKodu' in 'string StokController.GetParaBirimiSembol(string paraBirimiKodu)'. [/Users/muhammetkocaman/MuhasebeStokWebApp/MuhasebeStokWebApp.csproj]
/Users/muhammetkocaman/MuhasebeStokWebApp/Controllers/StokController.cs(717,27): warning CS8601: Possible null reference assignment. [/Users/muhammetkocaman/MuhasebeStokWebApp/MuhasebeStokWebApp.csproj]
/Users/muhammetkocaman/MuhasebeStokWebApp/Controllers/StokController.cs(718,28): warning CS8601: Possible null reference assignment. [/Users/muhammetkocaman/MuhasebeStokWebApp/MuhasebeStokWebApp.csproj]
/Users/muhammetkocaman/MuhasebeStokWebApp/Controllers/StokController.cs(732,28): warning CS8601: Possible null reference assignment. [/Users/muhammetkocaman/MuhasebeStokWebApp/MuhasebeStokWebApp.csproj]
/Users/muhammetkocaman/MuhasebeStokWebApp/Controllers/StokController.cs(736,33): warning CS8601: Possible null reference assignment. [/Users/muhammetkocaman/MuhasebeStokWebApp/MuhasebeStokWebApp.csproj]
/Users/muhammetkocaman/MuhasebeStokWebApp/Views/Shared/_PrintLayout.cshtml(260,60): warning CS8605: Unboxing a possibly null value. [/Users/muhammetkocaman/MuhasebeStokWebApp/MuhasebeStokWebApp.csproj]
/Users/muhammetkocaman/MuhasebeStokWebApp/Views/Shared/_PrintLayout.cshtml(272,55): warning CS8605: Unboxing a possibly null value. [/Users/muhammetkocaman/MuhasebeStokWebApp/MuhasebeStokWebApp.csproj]
/Users/muhammetkocaman/MuhasebeStokWebApp/Controllers/SozlesmeController.cs(365,24): warning CS8603: Possible null reference return. [/Users/muhammetkocaman/MuhasebeStokWebApp/MuhasebeStokWebApp.csproj]
/Users/muhammetkocaman/MuhasebeStokWebApp/Services/SozlesmeService.cs(62,24): warning CS8603: Possible null reference return. [/Users/muhammetkocaman/MuhasebeStokWebApp/MuhasebeStokWebApp.csproj]
/Users/muhammetkocaman/MuhasebeStokWebApp/Services/SozlesmeService.cs(69,24): warning CS8603: Possible null reference return. [/Users/muhammetkocaman/MuhasebeStokWebApp/MuhasebeStokWebApp.csproj]
/Users/muhammetkocaman/MuhasebeStokWebApp/Services/SistemAyarService.cs(37,50): warning CS8600: Converting null literal or possible null value to non-nullable type. [/Users/muhammetkocaman/MuhasebeStokWebApp/MuhasebeStokWebApp.csproj]
/Users/muhammetkocaman/MuhasebeStokWebApp/Services/SistemAyarService.cs(39,24): warning CS8603: Possible null reference return. [/Users/muhammetkocaman/MuhasebeStokWebApp/MuhasebeStokWebApp.csproj]
/Users/muhammetkocaman/MuhasebeStokWebApp/Services/ParaBirimiAdapter.cs(29,39): warning CS1998: This async method lacks 'await' operators and will run synchronously. Consider using the 'await' operator to await non-blocking API calls, or 'await Task.Run(...)' to do CPU-bound work on a background thread. [/Users/muhammetkocaman/MuhasebeStokWebApp/MuhasebeStokWebApp.csproj]
/Users/muhammetkocaman/MuhasebeStokWebApp/Services/ParaBirimiAdapter.cs(36,40): warning CS1998: This async method lacks 'await' operators and will run synchronously. Consider using the 'await' operator to await non-blocking API calls, or 'await Task.Run(...)' to do CPU-bound work on a background thread. [/Users/muhammetkocaman/MuhasebeStokWebApp/MuhasebeStokWebApp.csproj]
/Users/muhammetkocaman/MuhasebeStokWebApp/Services/ParaBirimiAdapter.cs(53,46): warning CS1998: This async method lacks 'await' operators and will run synchronously. Consider using the 'await' operator to await non-blocking API calls, or 'await Task.Run(...)' to do CPU-bound work on a background thread. [/Users/muhammetkocaman/MuhasebeStokWebApp/MuhasebeStokWebApp.csproj]
/Users/muhammetkocaman/MuhasebeStokWebApp/Services/ParaBirimiModulu/ParaBirimiService.cs(63,20): warning CS8603: Possible null reference return. [/Users/muhammetkocaman/MuhasebeStokWebApp/MuhasebeStokWebApp.csproj]
/Users/muhammetkocaman/MuhasebeStokWebApp/Services/ParaBirimiAdapter.cs(66,46): warning CS1998: This async method lacks 'await' operators and will run synchronously. Consider using the 'await' operator to await non-blocking API calls, or 'await Task.Run(...)' to do CPU-bound work on a background thread. [/Users/muhammetkocaman/MuhasebeStokWebApp/MuhasebeStokWebApp.csproj]
/Users/muhammetkocaman/MuhasebeStokWebApp/Services/ParaBirimiModulu/ParaBirimiService.cs(72,20): warning CS8603: Possible null reference return. [/Users/muhammetkocaman/MuhasebeStokWebApp/MuhasebeStokWebApp.csproj]
/Users/muhammetkocaman/MuhasebeStokWebApp/Services/ParaBirimiAdapter.cs(83,20): warning CS8603: Possible null reference return. [/Users/muhammetkocaman/MuhasebeStokWebApp/MuhasebeStokWebApp.csproj]
/Users/muhammetkocaman/MuhasebeStokWebApp/Services/ParaBirimiAdapter.cs(79,40): warning CS1998: This async method lacks 'await' operators and will run synchronously. Consider using the 'await' operator to await non-blocking API calls, or 'await Task.Run(...)' to do CPU-bound work on a background thread. [/Users/muhammetkocaman/MuhasebeStokWebApp/MuhasebeStokWebApp.csproj]
/Users/muhammetkocaman/MuhasebeStokWebApp/Services/ParaBirimiAdapter.cs(90,20): warning CS8603: Possible null reference return. [/Users/muhammetkocaman/MuhasebeStokWebApp/MuhasebeStokWebApp.csproj]
/Users/muhammetkocaman/MuhasebeStokWebApp/Services/ParaBirimiAdapter.cs(86,40): warning CS1998: This async method lacks 'await' operators and will run synchronously. Consider using the 'await' operator to await non-blocking API calls, or 'await Task.Run(...)' to do CPU-bound work on a background thread. [/Users/muhammetkocaman/MuhasebeStokWebApp/MuhasebeStokWebApp.csproj]
/Users/muhammetkocaman/MuhasebeStokWebApp/Services/ParaBirimiAdapter.cs(93,46): warning CS1998: This async method lacks 'await' operators and will run synchronously. Consider using the 'await' operator to await non-blocking API calls, or 'await Task.Run(...)' to do CPU-bound work on a background thread. [/Users/muhammetkocaman/MuhasebeStokWebApp/MuhasebeStokWebApp.csproj]
/Users/muhammetkocaman/MuhasebeStokWebApp/Services/ParaBirimiAdapter.cs(125,39): warning CS1998: This async method lacks 'await' operators and will run synchronously. Consider using the 'await' operator to await non-blocking API calls, or 'await Task.Run(...)' to do CPU-bound work on a background thread. [/Users/muhammetkocaman/MuhasebeStokWebApp/MuhasebeStokWebApp.csproj]
/Users/muhammetkocaman/MuhasebeStokWebApp/Services/ParaBirimiAdapter.cs(132,40): warning CS1998: This async method lacks 'await' operators and will run synchronously. Consider using the 'await' operator to await non-blocking API calls, or 'await Task.Run(...)' to do CPU-bound work on a background thread. [/Users/muhammetkocaman/MuhasebeStokWebApp/MuhasebeStokWebApp.csproj]
/Users/muhammetkocaman/MuhasebeStokWebApp/Services/ParaBirimiAdapter.cs(139,33): warning CS1998: This async method lacks 'await' operators and will run synchronously. Consider using the 'await' operator to await non-blocking API calls, or 'await Task.Run(...)' to do CPU-bound work on a background thread. [/Users/muhammetkocaman/MuhasebeStokWebApp/MuhasebeStokWebApp.csproj]
/Users/muhammetkocaman/MuhasebeStokWebApp/Services/ParaBirimiAdapter.cs(148,40): warning CS8603: Possible null reference return. [/Users/muhammetkocaman/MuhasebeStokWebApp/MuhasebeStokWebApp.csproj]
/Users/muhammetkocaman/MuhasebeStokWebApp/Services/ParaBirimiModulu/ParaBirimiService.cs(164,20): warning CS8603: Possible null reference return. [/Users/muhammetkocaman/MuhasebeStokWebApp/MuhasebeStokWebApp.csproj]
/Users/muhammetkocaman/MuhasebeStokWebApp/Services/SistemAyarService.cs(199,24): warning CS8603: Possible null reference return. [/Users/muhammetkocaman/MuhasebeStokWebApp/MuhasebeStokWebApp.csproj]
/Users/muhammetkocaman/MuhasebeStokWebApp/Services/SistemAyarService.cs(205,24): warning CS8603: Possible null reference return. [/Users/muhammetkocaman/MuhasebeStokWebApp/MuhasebeStokWebApp.csproj]
/Users/muhammetkocaman/MuhasebeStokWebApp/Services/LogService.cs(45,38): warning CS8600: Converting null literal or possible null value to non-nullable type. [/Users/muhammetkocaman/MuhasebeStokWebApp/MuhasebeStokWebApp.csproj]
/Users/muhammetkocaman/MuhasebeStokWebApp/Services/LogService.cs(48,35): warning CS8600: Converting null literal or possible null value to non-nullable type. [/Users/muhammetkocaman/MuhasebeStokWebApp/MuhasebeStokWebApp.csproj]
/Users/muhammetkocaman/MuhasebeStokWebApp/Services/Menu/MenuService.cs(59,82): warning CS8620: Argument of type 'Dictionary<string, string?>' cannot be used for parameter 'roles' of type 'Dictionary<string, string>' in 'MenuViewModel MenuService.CreateMenuViewModel(Menu menu, List<Menu> allMenus, Dictionary<string, string> roles, int level)' due to differences in the nullability of reference types. [/Users/muhammetkocaman/MuhasebeStokWebApp/MuhasebeStokWebApp.csproj]
/Users/muhammetkocaman/MuhasebeStokWebApp/Services/SistemAyarService.cs(213,24): warning CS8603: Possible null reference return. [/Users/muhammetkocaman/MuhasebeStokWebApp/MuhasebeStokWebApp.csproj]
/Users/muhammetkocaman/MuhasebeStokWebApp/Services/SistemAyarService.cs(219,24): warning CS8603: Possible null reference return. [/Users/muhammetkocaman/MuhasebeStokWebApp/MuhasebeStokWebApp.csproj]
/Users/muhammetkocaman/MuhasebeStokWebApp/Services/SistemAyarService.cs(227,24): warning CS8603: Possible null reference return. [/Users/muhammetkocaman/MuhasebeStokWebApp/MuhasebeStokWebApp.csproj]
/Users/muhammetkocaman/MuhasebeStokWebApp/Services/SistemAyarService.cs(233,24): warning CS8603: Possible null reference return. [/Users/muhammetkocaman/MuhasebeStokWebApp/MuhasebeStokWebApp.csproj]
/Users/muhammetkocaman/MuhasebeStokWebApp/Services/SistemAyarService.cs(244,28): warning CS8603: Possible null reference return. [/Users/muhammetkocaman/MuhasebeStokWebApp/MuhasebeStokWebApp.csproj]
/Users/muhammetkocaman/MuhasebeStokWebApp/Services/SistemAyarService.cs(266,24): warning CS8603: Possible null reference return. [/Users/muhammetkocaman/MuhasebeStokWebApp/MuhasebeStokWebApp.csproj]
/Users/muhammetkocaman/MuhasebeStokWebApp/Services/ParaBirimiModulu/ParaBirimiService.cs(232,30): warning CS8602: Dereference of a possibly null reference. [/Users/muhammetkocaman/MuhasebeStokWebApp/MuhasebeStokWebApp.csproj]
/Users/muhammetkocaman/MuhasebeStokWebApp/Services/LanguageService.cs(58,49): warning CS8625: Cannot convert null literal to non-nullable reference type. [/Users/muhammetkocaman/MuhasebeStokWebApp/MuhasebeStokWebApp.csproj]
/Users/muhammetkocaman/MuhasebeStokWebApp/Services/Menu/MenuService.cs(105,20): warning CS8603: Possible null reference return. [/Users/muhammetkocaman/MuhasebeStokWebApp/MuhasebeStokWebApp.csproj]
/Users/muhammetkocaman/MuhasebeStokWebApp/Services/LanguageService.cs(73,49): warning CS8625: Cannot convert null literal to non-nullable reference type. [/Users/muhammetkocaman/MuhasebeStokWebApp/MuhasebeStokWebApp.csproj]
/Users/muhammetkocaman/MuhasebeStokWebApp/Services/ParaBirimiModulu/ParaBirimiService.cs(261,20): warning CS8603: Possible null reference return. [/Users/muhammetkocaman/MuhasebeStokWebApp/MuhasebeStokWebApp.csproj]
/Users/muhammetkocaman/MuhasebeStokWebApp/Services/SistemAyarService.cs(389,24): warning CS8603: Possible null reference return. [/Users/muhammetkocaman/MuhasebeStokWebApp/MuhasebeStokWebApp.csproj]
/Users/muhammetkocaman/MuhasebeStokWebApp/Services/Helpers/QueryHelper.cs(23,20): warning CS8603: Possible null reference return. [/Users/muhammetkocaman/MuhasebeStokWebApp/MuhasebeStokWebApp.csproj]
/Users/muhammetkocaman/MuhasebeStokWebApp/Services/Helpers/QueryHelper.cs(38,20): warning CS8603: Possible null reference return. [/Users/muhammetkocaman/MuhasebeStokWebApp/MuhasebeStokWebApp.csproj]
/Users/muhammetkocaman/MuhasebeStokWebApp/Services/Currency/CurrencyService.cs(44,51): warning CS8600: Converting null literal or possible null value to non-nullable type. [/Users/muhammetkocaman/MuhasebeStokWebApp/MuhasebeStokWebApp.csproj]
/Users/muhammetkocaman/MuhasebeStokWebApp/Services/Currency/CurrencyService.cs(45,24): warning CS8603: Possible null reference return. [/Users/muhammetkocaman/MuhasebeStokWebApp/MuhasebeStokWebApp.csproj]
/Users/muhammetkocaman/MuhasebeStokWebApp/Services/BirimService.cs(31,58): warning CS8600: Converting null literal or possible null value to non-nullable type. [/Users/muhammetkocaman/MuhasebeStokWebApp/MuhasebeStokWebApp.csproj]
/Users/muhammetkocaman/MuhasebeStokWebApp/Services/BirimService.cs(33,24): warning CS8603: Possible null reference return. [/Users/muhammetkocaman/MuhasebeStokWebApp/MuhasebeStokWebApp.csproj]
/Users/muhammetkocaman/MuhasebeStokWebApp/Services/Currency/CurrencyService.cs(109,40): warning CS8602: Dereference of a possibly null reference. [/Users/muhammetkocaman/MuhasebeStokWebApp/MuhasebeStokWebApp.csproj]
/Users/muhammetkocaman/MuhasebeStokWebApp/Services/Currency/CurrencyService.cs(109,40): warning CS8601: Possible null reference assignment. [/Users/muhammetkocaman/MuhasebeStokWebApp/MuhasebeStokWebApp.csproj]
/Users/muhammetkocaman/MuhasebeStokWebApp/Services/Currency/CurrencyService.cs(110,40): warning CS8601: Possible null reference assignment. [/Users/muhammetkocaman/MuhasebeStokWebApp/MuhasebeStokWebApp.csproj]
/Users/muhammetkocaman/MuhasebeStokWebApp/Services/BirimService.cs(55,50): warning CS8600: Converting null literal or possible null value to non-nullable type. [/Users/muhammetkocaman/MuhasebeStokWebApp/MuhasebeStokWebApp.csproj]
/Users/muhammetkocaman/MuhasebeStokWebApp/Services/BirimService.cs(57,24): warning CS8603: Possible null reference return. [/Users/muhammetkocaman/MuhasebeStokWebApp/MuhasebeStokWebApp.csproj]
/Users/muhammetkocaman/MuhasebeStokWebApp/Services/BirimService.cs(71,20): warning CS8603: Possible null reference return. [/Users/muhammetkocaman/MuhasebeStokWebApp/MuhasebeStokWebApp.csproj]
/Users/muhammetkocaman/MuhasebeStokWebApp/Services/BirimService.cs(79,24): warning CS8603: Possible null reference return. [/Users/muhammetkocaman/MuhasebeStokWebApp/MuhasebeStokWebApp.csproj]
/Users/muhammetkocaman/MuhasebeStokWebApp/Services/BirimService.cs(86,24): warning CS8603: Possible null reference return. [/Users/muhammetkocaman/MuhasebeStokWebApp/MuhasebeStokWebApp.csproj]
/Users/muhammetkocaman/MuhasebeStokWebApp/Services/CariHareketService.cs(135,20): warning CS8603: Possible null reference return. [/Users/muhammetkocaman/MuhasebeStokWebApp/MuhasebeStokWebApp.csproj]
/Users/muhammetkocaman/MuhasebeStokWebApp/Services/BirimService.cs(108,24): warning CS8603: Possible null reference return. [/Users/muhammetkocaman/MuhasebeStokWebApp/MuhasebeStokWebApp.csproj]
/Users/muhammetkocaman/MuhasebeStokWebApp/Services/BirimService.cs(116,24): warning CS8603: Possible null reference return. [/Users/muhammetkocaman/MuhasebeStokWebApp/MuhasebeStokWebApp.csproj]
/Users/muhammetkocaman/MuhasebeStokWebApp/Services/BirimService.cs(123,24): warning CS8603: Possible null reference return. [/Users/muhammetkocaman/MuhasebeStokWebApp/MuhasebeStokWebApp.csproj]
/Users/muhammetkocaman/MuhasebeStokWebApp/Services/CariService.cs(34,20): warning CS8603: Possible null reference return. [/Users/muhammetkocaman/MuhasebeStokWebApp/MuhasebeStokWebApp.csproj]
/Users/muhammetkocaman/MuhasebeStokWebApp/Services/DbMigrationService.cs(103,47): warning CS8604: Possible null reference argument for parameter 'path' in 'DirectoryInfo Directory.CreateDirectory(string path)'. [/Users/muhammetkocaman/MuhasebeStokWebApp/MuhasebeStokWebApp.csproj]
/Users/muhammetkocaman/MuhasebeStokWebApp/Services/DbMigrationService.cs(150,59): warning CS8602: Dereference of a possibly null reference. [/Users/muhammetkocaman/MuhasebeStokWebApp/MuhasebeStokWebApp.csproj]
/Users/muhammetkocaman/MuhasebeStokWebApp/Services/ParaBirimiModulu/ParaBirimiService.cs(467,31): warning CS8602: Dereference of a possibly null reference. [/Users/muhammetkocaman/MuhasebeStokWebApp/MuhasebeStokWebApp.csproj]
/Users/muhammetkocaman/MuhasebeStokWebApp/Services/ParaBirimiModulu/ParaBirimiService.cs(468,30): warning CS8602: Dereference of a possibly null reference. [/Users/muhammetkocaman/MuhasebeStokWebApp/MuhasebeStokWebApp.csproj]
/Users/muhammetkocaman/MuhasebeStokWebApp/Controllers/ParaBirimiModulu/ParaBirimiController.cs(124,116): warning CS8625: Cannot convert null literal to non-nullable reference type. [/Users/muhammetkocaman/MuhasebeStokWebApp/MuhasebeStokWebApp.csproj]
/Users/muhammetkocaman/MuhasebeStokWebApp/Controllers/SistemAyarController.cs(128,118): warning CS8602: Dereference of a possibly null reference. [/Users/muhammetkocaman/MuhasebeStokWebApp/MuhasebeStokWebApp.csproj]
/Users/muhammetkocaman/MuhasebeStokWebApp/Controllers/SistemAyarController.cs(128,118): warning CS8604: Possible null reference argument for parameter 'kullanici' in 'void ILogService.LogBilgi(string baslik, string detay, string kullanici)'. [/Users/muhammetkocaman/MuhasebeStokWebApp/MuhasebeStokWebApp.csproj]
/Users/muhammetkocaman/MuhasebeStokWebApp/Controllers/ParaBirimiModulu/ParaBirimiController.cs(322,150): warning CS8625: Cannot convert null literal to non-nullable reference type. [/Users/muhammetkocaman/MuhasebeStokWebApp/MuhasebeStokWebApp.csproj]
/Users/muhammetkocaman/MuhasebeStokWebApp/Services/ParaBirimiModulu/ParaBirimiService.cs(477,20): warning CS8603: Possible null reference return. [/Users/muhammetkocaman/MuhasebeStokWebApp/MuhasebeStokWebApp.csproj]
/Users/muhammetkocaman/MuhasebeStokWebApp/Services/ParaBirimiModulu/ParaBirimiService.cs(488,20): warning CS8603: Possible null reference return. [/Users/muhammetkocaman/MuhasebeStokWebApp/MuhasebeStokWebApp.csproj]
/Users/muhammetkocaman/MuhasebeStokWebApp/Services/Auth/AuthService.cs(70,52): warning CS8602: Dereference of a possibly null reference. [/Users/muhammetkocaman/MuhasebeStokWebApp/MuhasebeStokWebApp.csproj]
/Users/muhammetkocaman/MuhasebeStokWebApp/Services/Auth/AuthService.cs(118,24): warning CS8603: Possible null reference return. [/Users/muhammetkocaman/MuhasebeStokWebApp/MuhasebeStokWebApp.csproj]
/Users/muhammetkocaman/MuhasebeStokWebApp/Services/Auth/AuthService.cs(123,24): warning CS8603: Possible null reference return. [/Users/muhammetkocaman/MuhasebeStokWebApp/MuhasebeStokWebApp.csproj]
/Users/muhammetkocaman/MuhasebeStokWebApp/Services/Auth/AuthService.cs(131,24): warning CS8603: Possible null reference return. [/Users/muhammetkocaman/MuhasebeStokWebApp/MuhasebeStokWebApp.csproj]
/Users/muhammetkocaman/MuhasebeStokWebApp/Services/Auth/AuthService.cs(136,24): warning CS8603: Possible null reference return. [/Users/muhammetkocaman/MuhasebeStokWebApp/MuhasebeStokWebApp.csproj]
/Users/muhammetkocaman/MuhasebeStokWebApp/Services/MerkeziAklamaService.cs(98,56): warning CS1998: This async method lacks 'await' operators and will run synchronously. Consider using the 'await' operator to await non-blocking API calls, or 'await Task.Run(...)' to do CPU-bound work on a background thread. [/Users/muhammetkocaman/MuhasebeStokWebApp/MuhasebeStokWebApp.csproj]
/Users/muhammetkocaman/MuhasebeStokWebApp/Controllers/MerkeziAklamaController.cs(234,47): warning CS8602: Dereference of a possibly null reference. [/Users/muhammetkocaman/MuhasebeStokWebApp/MuhasebeStokWebApp.csproj]
/Users/muhammetkocaman/MuhasebeStokWebApp/Services/ParaBirimiModulu/ParaBirimiIliskiService.cs(36,31): warning CS8625: Cannot convert null literal to non-nullable reference type. [/Users/muhammetkocaman/MuhasebeStokWebApp/MuhasebeStokWebApp.csproj]
/Users/muhammetkocaman/MuhasebeStokWebApp/Services/ParaBirimiModulu/ParaBirimiIliskiService.cs(36,37): warning CS8625: Cannot convert null literal to non-nullable reference type. [/Users/muhammetkocaman/MuhasebeStokWebApp/MuhasebeStokWebApp.csproj]
/Users/muhammetkocaman/MuhasebeStokWebApp/Controllers/MerkeziAklamaController.cs(349,43): warning CS8602: Dereference of a possibly null reference. [/Users/muhammetkocaman/MuhasebeStokWebApp/MuhasebeStokWebApp.csproj]
/Users/muhammetkocaman/MuhasebeStokWebApp/Controllers/MerkeziAklamaController.cs(351,43): warning CS8602: Dereference of a possibly null reference. [/Users/muhammetkocaman/MuhasebeStokWebApp/MuhasebeStokWebApp.csproj]
/Users/muhammetkocaman/MuhasebeStokWebApp/Controllers/MerkeziAklamaController.cs(371,37): warning CS8601: Possible null reference assignment. [/Users/muhammetkocaman/MuhasebeStokWebApp/MuhasebeStokWebApp.csproj]
/Users/muhammetkocaman/MuhasebeStokWebApp/Controllers/MerkeziAklamaController.cs(372,31): warning CS8601: Possible null reference assignment. [/Users/muhammetkocaman/MuhasebeStokWebApp/MuhasebeStokWebApp.csproj]
/Users/muhammetkocaman/MuhasebeStokWebApp/Controllers/MerkeziAklamaController.cs(373,32): warning CS8601: Possible null reference assignment. [/Users/muhammetkocaman/MuhasebeStokWebApp/MuhasebeStokWebApp.csproj]
/Users/muhammetkocaman/MuhasebeStokWebApp/Controllers/MerkeziAklamaController.cs(457,47): warning CS8602: Dereference of a possibly null reference. [/Users/muhammetkocaman/MuhasebeStokWebApp/MuhasebeStokWebApp.csproj]
/Users/muhammetkocaman/MuhasebeStokWebApp/Services/ParaBirimiModulu/ParaBirimiIliskiService.cs(64,80): warning CS8625: Cannot convert null literal to non-nullable reference type. [/Users/muhammetkocaman/MuhasebeStokWebApp/MuhasebeStokWebApp.csproj]
/Users/muhammetkocaman/MuhasebeStokWebApp/Services/ParaBirimiModulu/ParaBirimiIliskiService.cs(78,78): warning CS8625: Cannot convert null literal to non-nullable reference type. [/Users/muhammetkocaman/MuhasebeStokWebApp/MuhasebeStokWebApp.csproj]
/Users/muhammetkocaman/MuhasebeStokWebApp/Services/ParaBirimiModulu/ParaBirimiIliskiService.cs(138,24): warning CS8603: Possible null reference return. [/Users/muhammetkocaman/MuhasebeStokWebApp/MuhasebeStokWebApp.csproj]
/Users/muhammetkocaman/MuhasebeStokWebApp/Services/ParaBirimiModulu/ParaBirimiIliskiService.cs(145,39): warning CS8601: Possible null reference assignment. [/Users/muhammetkocaman/MuhasebeStokWebApp/MuhasebeStokWebApp.csproj]
/Users/muhammetkocaman/MuhasebeStokWebApp/Services/ParaBirimiModulu/ParaBirimiIliskiService.cs(146,40): warning CS8601: Possible null reference assignment. [/Users/muhammetkocaman/MuhasebeStokWebApp/MuhasebeStokWebApp.csproj]
/Users/muhammetkocaman/MuhasebeStokWebApp/Services/ParaBirimiModulu/ParaBirimiIliskiService.cs(147,38): warning CS8601: Possible null reference assignment. [/Users/muhammetkocaman/MuhasebeStokWebApp/MuhasebeStokWebApp.csproj]
/Users/muhammetkocaman/MuhasebeStokWebApp/Services/ParaBirimiModulu/ParaBirimiIliskiService.cs(148,39): warning CS8601: Possible null reference assignment. [/Users/muhammetkocaman/MuhasebeStokWebApp/MuhasebeStokWebApp.csproj]
/Users/muhammetkocaman/MuhasebeStokWebApp/Services/MerkeziAklamaService.cs(195,33): warning CS1998: This async method lacks 'await' operators and will run synchronously. Consider using the 'await' operator to await non-blocking API calls, or 'await Task.Run(...)' to do CPU-bound work on a background thread. [/Users/muhammetkocaman/MuhasebeStokWebApp/MuhasebeStokWebApp.csproj]
/Users/muhammetkocaman/MuhasebeStokWebApp/Services/MerkeziAklamaService.cs(202,49): warning CS1998: This async method lacks 'await' operators and will run synchronously. Consider using the 'await' operator to await non-blocking API calls, or 'await Task.Run(...)' to do CPU-bound work on a background thread. [/Users/muhammetkocaman/MuhasebeStokWebApp/MuhasebeStokWebApp.csproj]
/Users/muhammetkocaman/MuhasebeStokWebApp/Services/MerkeziAklamaService.cs(215,60): warning CS1998: This async method lacks 'await' operators and will run synchronously. Consider using the 'await' operator to await non-blocking API calls, or 'await Task.Run(...)' to do CPU-bound work on a background thread. [/Users/muhammetkocaman/MuhasebeStokWebApp/MuhasebeStokWebApp.csproj]
/Users/muhammetkocaman/MuhasebeStokWebApp/Services/ParaBirimiModulu/ParaBirimiIliskiService.cs(163,39): warning CS8601: Possible null reference assignment. [/Users/muhammetkocaman/MuhasebeStokWebApp/MuhasebeStokWebApp.csproj]
/Users/muhammetkocaman/MuhasebeStokWebApp/Services/ParaBirimiModulu/ParaBirimiIliskiService.cs(164,40): warning CS8601: Possible null reference assignment. [/Users/muhammetkocaman/MuhasebeStokWebApp/MuhasebeStokWebApp.csproj]
/Users/muhammetkocaman/MuhasebeStokWebApp/Services/ParaBirimiModulu/ParaBirimiIliskiService.cs(165,38): warning CS8601: Possible null reference assignment. [/Users/muhammetkocaman/MuhasebeStokWebApp/MuhasebeStokWebApp.csproj]
/Users/muhammetkocaman/MuhasebeStokWebApp/Services/ParaBirimiModulu/ParaBirimiIliskiService.cs(166,39): warning CS8601: Possible null reference assignment. [/Users/muhammetkocaman/MuhasebeStokWebApp/MuhasebeStokWebApp.csproj]
/Users/muhammetkocaman/MuhasebeStokWebApp/Services/MerkeziAklamaService.cs(222,55): warning CS1998: This async method lacks 'await' operators and will run synchronously. Consider using the 'await' operator to await non-blocking API calls, or 'await Task.Run(...)' to do CPU-bound work on a background thread. [/Users/muhammetkocaman/MuhasebeStokWebApp/MuhasebeStokWebApp.csproj]
/Users/muhammetkocaman/MuhasebeStokWebApp/Controllers/RaporController.cs(320,28): warning CS8601: Possible null reference assignment. [/Users/muhammetkocaman/MuhasebeStokWebApp/MuhasebeStokWebApp.csproj]
/Users/muhammetkocaman/MuhasebeStokWebApp/Services/MerkeziAklamaService.cs(234,33): warning CS1998: This async method lacks 'await' operators and will run synchronously. Consider using the 'await' operator to await non-blocking API calls, or 'await Task.Run(...)' to do CPU-bound work on a background thread. [/Users/muhammetkocaman/MuhasebeStokWebApp/MuhasebeStokWebApp.csproj]
/Users/muhammetkocaman/MuhasebeStokWebApp/Services/Menu/MenuService.cs(1077,53): warning CS8600: Converting null literal or possible null value to non-nullable type. [/Users/muhammetkocaman/MuhasebeStokWebApp/MuhasebeStokWebApp.csproj]
/Users/muhammetkocaman/MuhasebeStokWebApp/Services/Menu/MenuService.cs(1082,28): warning CS0219: The variable 'query' is assigned but its value is never used [/Users/muhammetkocaman/MuhasebeStokWebApp/MuhasebeStokWebApp.csproj]
/Users/muhammetkocaman/MuhasebeStokWebApp/Services/ParaBirimiModulu/KurDegeriService.cs(41,31): warning CS8625: Cannot convert null literal to non-nullable reference type. [/Users/muhammetkocaman/MuhasebeStokWebApp/MuhasebeStokWebApp.csproj]
/Users/muhammetkocaman/MuhasebeStokWebApp/Services/ParaBirimiModulu/KurDegeriService.cs(41,37): warning CS8625: Cannot convert null literal to non-nullable reference type. [/Users/muhammetkocaman/MuhasebeStokWebApp/MuhasebeStokWebApp.csproj]
/Users/muhammetkocaman/MuhasebeStokWebApp/Services/MerkeziAklamaService.cs(241,33): warning CS1998: This async method lacks 'await' operators and will run synchronously. Consider using the 'await' operator to await non-blocking API calls, or 'await Task.Run(...)' to do CPU-bound work on a background thread. [/Users/muhammetkocaman/MuhasebeStokWebApp/MuhasebeStokWebApp.csproj]
/Users/muhammetkocaman/MuhasebeStokWebApp/Services/MerkeziAklamaService.cs(248,33): warning CS1998: This async method lacks 'await' operators and will run synchronously. Consider using the 'await' operator to await non-blocking API calls, or 'await Task.Run(...)' to do CPU-bound work on a background thread. [/Users/muhammetkocaman/MuhasebeStokWebApp/MuhasebeStokWebApp.csproj]
/Users/muhammetkocaman/MuhasebeStokWebApp/Services/SozlesmeService.cs(359,24): warning CS8603: Possible null reference return. [/Users/muhammetkocaman/MuhasebeStokWebApp/MuhasebeStokWebApp.csproj]
/Users/muhammetkocaman/MuhasebeStokWebApp/Services/SozlesmeService.cs(368,27): warning CS8601: Possible null reference assignment. [/Users/muhammetkocaman/MuhasebeStokWebApp/MuhasebeStokWebApp.csproj]
/Users/muhammetkocaman/MuhasebeStokWebApp/Services/SozlesmeService.cs(371,37): warning CS8601: Possible null reference assignment. [/Users/muhammetkocaman/MuhasebeStokWebApp/MuhasebeStokWebApp.csproj]
/Users/muhammetkocaman/MuhasebeStokWebApp/Services/SozlesmeService.cs(374,37): warning CS8601: Possible null reference assignment. [/Users/muhammetkocaman/MuhasebeStokWebApp/MuhasebeStokWebApp.csproj]
/Users/muhammetkocaman/MuhasebeStokWebApp/Services/SozlesmeService.cs(375,28): warning CS8601: Possible null reference assignment. [/Users/muhammetkocaman/MuhasebeStokWebApp/MuhasebeStokWebApp.csproj]
/Users/muhammetkocaman/MuhasebeStokWebApp/Services/MerkeziAklamaService.cs(255,33): warning CS1998: This async method lacks 'await' operators and will run synchronously. Consider using the 'await' operator to await non-blocking API calls, or 'await Task.Run(...)' to do CPU-bound work on a background thread. [/Users/muhammetkocaman/MuhasebeStokWebApp/MuhasebeStokWebApp.csproj]
/Users/muhammetkocaman/MuhasebeStokWebApp/Services/SozlesmeService.cs(498,31): warning CS8601: Possible null reference assignment. [/Users/muhammetkocaman/MuhasebeStokWebApp/MuhasebeStokWebApp.csproj]
/Users/muhammetkocaman/MuhasebeStokWebApp/Services/SozlesmeService.cs(500,41): warning CS8601: Possible null reference assignment. [/Users/muhammetkocaman/MuhasebeStokWebApp/MuhasebeStokWebApp.csproj]
/Users/muhammetkocaman/MuhasebeStokWebApp/Services/ParaBirimiModulu/KurDegeriService.cs(69,68): warning CS8625: Cannot convert null literal to non-nullable reference type. [/Users/muhammetkocaman/MuhasebeStokWebApp/MuhasebeStokWebApp.csproj]
/Users/muhammetkocaman/MuhasebeStokWebApp/Services/MerkeziAklamaService.cs(261,56): warning CS1998: This async method lacks 'await' operators and will run synchronously. Consider using the 'await' operator to await non-blocking API calls, or 'await Task.Run(...)' to do CPU-bound work on a background thread. [/Users/muhammetkocaman/MuhasebeStokWebApp/MuhasebeStokWebApp.csproj]
/Users/muhammetkocaman/MuhasebeStokWebApp/Services/ParaBirimiModulu/KurDegeriService.cs(84,31): warning CS8625: Cannot convert null literal to non-nullable reference type. [/Users/muhammetkocaman/MuhasebeStokWebApp/MuhasebeStokWebApp.csproj]
/Users/muhammetkocaman/MuhasebeStokWebApp/Services/ParaBirimiModulu/KurDegeriService.cs(84,104): warning CS8625: Cannot convert null literal to non-nullable reference type. [/Users/muhammetkocaman/MuhasebeStokWebApp/MuhasebeStokWebApp.csproj]
/Users/muhammetkocaman/MuhasebeStokWebApp/Services/LogService.cs(1111,24): warning CS8603: Possible null reference return. [/Users/muhammetkocaman/MuhasebeStokWebApp/MuhasebeStokWebApp.csproj]
/Users/muhammetkocaman/MuhasebeStokWebApp/Services/ParaBirimiModulu/KurDegeriService.cs(106,63): warning CS8625: Cannot convert null literal to non-nullable reference type. [/Users/muhammetkocaman/MuhasebeStokWebApp/MuhasebeStokWebApp.csproj]
/Users/muhammetkocaman/MuhasebeStokWebApp/Services/LogService.cs(1182,38): warning CS8600: Converting null literal or possible null value to non-nullable type. [/Users/muhammetkocaman/MuhasebeStokWebApp/MuhasebeStokWebApp.csproj]
/Users/muhammetkocaman/MuhasebeStokWebApp/Services/LogService.cs(1185,35): warning CS8600: Converting null literal or possible null value to non-nullable type. [/Users/muhammetkocaman/MuhasebeStokWebApp/MuhasebeStokWebApp.csproj]
/Users/muhammetkocaman/MuhasebeStokWebApp/Services/Menu/MenuService.cs(1784,30): warning CS8601: Possible null reference assignment. [/Users/muhammetkocaman/MuhasebeStokWebApp/MuhasebeStokWebApp.csproj]
/Users/muhammetkocaman/MuhasebeStokWebApp/Services/Menu/MenuService.cs(1792,62): warning CS8600: Converting null literal or possible null value to non-nullable type. [/Users/muhammetkocaman/MuhasebeStokWebApp/MuhasebeStokWebApp.csproj]
/Users/muhammetkocaman/MuhasebeStokWebApp/Views/Cari/Create.cshtml(151,49): warning CS8600: Converting null literal or possible null value to non-nullable type. [/Users/muhammetkocaman/MuhasebeStokWebApp/MuhasebeStokWebApp.csproj]
/Users/muhammetkocaman/MuhasebeStokWebApp/Services/Menu/MenuService.cs(1818,28): warning CS8603: Possible null reference return. [/Users/muhammetkocaman/MuhasebeStokWebApp/MuhasebeStokWebApp.csproj]
/Users/muhammetkocaman/MuhasebeStokWebApp/Services/Menu/MenuService.cs(1959,24): warning CS8603: Possible null reference return. [/Users/muhammetkocaman/MuhasebeStokWebApp/MuhasebeStokWebApp.csproj]
/Users/muhammetkocaman/MuhasebeStokWebApp/Services/ParaBirimiModulu/DovizKuruServiceAdapter.cs(156,50): warning CS8600: Converting null literal or possible null value to non-nullable type. [/Users/muhammetkocaman/MuhasebeStokWebApp/MuhasebeStokWebApp.csproj]
/Users/muhammetkocaman/MuhasebeStokWebApp/Services/ParaBirimiModulu/DovizKuruServiceAdapter.cs(159,24): warning CS8603: Possible null reference return. [/Users/muhammetkocaman/MuhasebeStokWebApp/MuhasebeStokWebApp.csproj]
/Users/muhammetkocaman/MuhasebeStokWebApp/Services/ParaBirimiModulu/DovizKuruServiceAdapter.cs(188,50): warning CS8600: Converting null literal or possible null value to non-nullable type. [/Users/muhammetkocaman/MuhasebeStokWebApp/MuhasebeStokWebApp.csproj]
/Users/muhammetkocaman/MuhasebeStokWebApp/Services/ParaBirimiModulu/DovizKuruServiceAdapter.cs(226,50): warning CS8600: Converting null literal or possible null value to non-nullable type. [/Users/muhammetkocaman/MuhasebeStokWebApp/MuhasebeStokWebApp.csproj]
/Users/muhammetkocaman/MuhasebeStokWebApp/Services/SozlesmeService.cs(548,31): warning CS8601: Possible null reference assignment. [/Users/muhammetkocaman/MuhasebeStokWebApp/MuhasebeStokWebApp.csproj]
/Users/muhammetkocaman/MuhasebeStokWebApp/Services/SozlesmeService.cs(551,41): warning CS8601: Possible null reference assignment. [/Users/muhammetkocaman/MuhasebeStokWebApp/MuhasebeStokWebApp.csproj]
/Users/muhammetkocaman/MuhasebeStokWebApp/Services/SozlesmeService.cs(554,41): warning CS8601: Possible null reference assignment. [/Users/muhammetkocaman/MuhasebeStokWebApp/MuhasebeStokWebApp.csproj]
/Users/muhammetkocaman/MuhasebeStokWebApp/Services/SozlesmeService.cs(555,32): warning CS8601: Possible null reference assignment. [/Users/muhammetkocaman/MuhasebeStokWebApp/MuhasebeStokWebApp.csproj]
/Users/muhammetkocaman/MuhasebeStokWebApp/Services/ParaBirimiModulu/KurDegeriService.cs(208,24): warning CS8603: Possible null reference return. [/Users/muhammetkocaman/MuhasebeStokWebApp/MuhasebeStokWebApp.csproj]
/Users/muhammetkocaman/MuhasebeStokWebApp/Services/ParaBirimiModulu/KurDegeriService.cs(216,43): warning CS8603: Possible null reference return. [/Users/muhammetkocaman/MuhasebeStokWebApp/MuhasebeStokWebApp.csproj]
/Users/muhammetkocaman/MuhasebeStokWebApp/Services/StokFifoService.cs(613,49): warning CS8600: Converting null literal or possible null value to non-nullable type. [/Users/muhammetkocaman/MuhasebeStokWebApp/MuhasebeStokWebApp.csproj]
/Users/muhammetkocaman/MuhasebeStokWebApp/Services/ParaBirimiModulu/KurDegeriService.cs(280,40): warning CS8603: Possible null reference return. [/Users/muhammetkocaman/MuhasebeStokWebApp/MuhasebeStokWebApp.csproj]
/Users/muhammetkocaman/MuhasebeStokWebApp/Services/ParaBirimiModulu/KurDegeriService.cs(302,43): warning CS8603: Possible null reference return. [/Users/muhammetkocaman/MuhasebeStokWebApp/MuhasebeStokWebApp.csproj]
/Users/muhammetkocaman/MuhasebeStokWebApp/Data/ApplicationDbContext.cs(97,45): warning EF1001: Microsoft.EntityFrameworkCore.SqlServer.Infrastructure.Internal.SqlServerOptionsExtension is an internal API that supports the Entity Framework Core infrastructure and not subject to the same compatibility standards as public APIs. It may be changed or removed without notice in any release. [/Users/muhammetkocaman/MuhasebeStokWebApp/MuhasebeStokWebApp.csproj]
/Users/muhammetkocaman/MuhasebeStokWebApp/Controllers/KasaController.cs(673,25): warning CA2200: Re-throwing caught exception changes stack information (https://learn.microsoft.com/dotnet/fundamentals/code-analysis/quality-rules/ca2200) [/Users/muhammetkocaman/MuhasebeStokWebApp/MuhasebeStokWebApp.csproj]
/Users/muhammetkocaman/MuhasebeStokWebApp/Controllers/UrunKategoriController.cs(51,39): error CS0266: Cannot implicitly convert type 'System.DateTime?' to 'System.DateTime'. An explicit conversion exists (are you missing a cast?) [/Users/muhammetkocaman/MuhasebeStokWebApp/MuhasebeStokWebApp.csproj]
/Users/muhammetkocaman/MuhasebeStokWebApp/Controllers/UrunKategoriController.cs(137,35): error CS0266: Cannot implicitly convert type 'System.DateTime?' to 'System.DateTime'. An explicit conversion exists (are you missing a cast?) [/Users/muhammetkocaman/MuhasebeStokWebApp/MuhasebeStokWebApp.csproj]
    748 Warning(s)
    2 Error(s)

Time Elapsed 00:00:06.31
